../DISPLAY/Target/lcd_io.c:789:16:LCD_IO_ReadReg	0	static
../DISPLAY/Target/lcd_io.c:674:16:LCD_IO_Delay	8	static
../DISPLAY/Target/lcd_io.c:662:16:LCD_IO_GetTick	0	static
../DISPLAY/Target/lcd_io.c:804:16:LCD_IO_SendData	16	static
../DISPLAY/Target/lcd_io.c:764:16:LCD_IO_WriteReg	16	static
../DISPLAY/Target/lcd_io.c:845:16:LCD_IO_RecvData	24	static
../DISPLAY/Target/lcd_io.c:826:16:LCD_IO_SendDataDMA	0	static
../DISPLAY/Target/lcd_io.c:749:16:LCD_IO_DeInit	0	static
../DISPLAY/Target/lcd_io.c:709:16:LCD_IO_Init	16	static
../DISPLAY/Target/lcd_io.c:874:16:LCD_IO_RecvDataDMA	0	static
../DISPLAY/Target/lcd_io.c:99:9:BSP_LCD_Init	64	static
../DISPLAY/Target/lcd_io.c:129:9:BSP_LCD_DeInit	8	static
../DISPLAY/Target/lcd_io.c:161:9:BSP_LCD_SetOrientation	16	static
../DISPLAY/Target/lcd_io.c:202:9:BSP_LCD_GetOrientation	16	static
../DISPLAY/Target/lcd_io.c:238:9:BSP_LCD_GetXSize	16	static
../DISPLAY/Target/lcd_io.c:274:9:BSP_LCD_GetYSize	16	static
../DISPLAY/Target/lcd_io.c:309:9:BSP_LCD_DisplayOn	16	static
../DISPLAY/Target/lcd_io.c:344:9:BSP_LCD_DisplayOff	16	static
../DISPLAY/Target/lcd_io.c:381:9:BSP_LCD_WriteData	24	static
../DISPLAY/Target/lcd_io.c:425:9:BSP_LCD_WriteDataDMA	16	static
../DISPLAY/Target/lcd_io.c:465:9:BSP_LCD_SetDisplayWindow	32	static
../DISPLAY/Target/lcd_io.c:507:9:BSP_LCD_FillRGBRect	32	static
../DISPLAY/Target/lcd_io.c:537:9:BSP_LCD_GetTransferStatus	0	static
../DISPLAY/Target/lcd_io.c:548:6:BSP_LCD_WaitForTransferToBeDone	0	static
../DISPLAY/Target/lcd_io.c:560:13:BSP_LCD_SignalTransferDone	0	static
../DISPLAY/Target/lcd_io.c:574:13:BSP_LCD_SignalTearingEffectEvent	0	static
