Archive member included to satisfy reference by file (symbol)

C:/ST/STM32CubeIDE_1.19.0/STM32CubeIDE/plugins/com.st.stm32cube.ide.mcu.externaltools.gnu-tools-for-stm32.13.3.rel1.win32_1.0.100.202509120712/tools/bin/../lib/gcc/arm-none-eabi/13.3.1/../../../../arm-none-eabi/lib/thumb/v7e-m+fp/hard\libc_nano.a(libc_a-exit.o)
                              C:/ST/STM32CubeIDE_1.19.0/STM32CubeIDE/plugins/com.st.stm32cube.ide.mcu.externaltools.gnu-tools-for-stm32.13.3.rel1.win32_1.0.100.202509120712/tools/bin/../lib/gcc/arm-none-eabi/13.3.1/../../../../arm-none-eabi/lib/thumb/v7e-m+fp/hard/crt0.o (exit)
C:/ST/STM32CubeIDE_1.19.0/STM32CubeIDE/plugins/com.st.stm32cube.ide.mcu.externaltools.gnu-tools-for-stm32.13.3.rel1.win32_1.0.100.202509120712/tools/bin/../lib/gcc/arm-none-eabi/13.3.1/../../../../arm-none-eabi/lib/thumb/v7e-m+fp/hard\libc_nano.a(libc_a-findfp.o)
                              C:/ST/STM32CubeIDE_1.19.0/STM32CubeIDE/plugins/com.st.stm32cube.ide.mcu.externaltools.gnu-tools-for-stm32.13.3.rel1.win32_1.0.100.202509120712/tools/bin/../lib/gcc/arm-none-eabi/13.3.1/../../../../arm-none-eabi/lib/thumb/v7e-m+fp/hard\libc_nano.a(libc_a-exit.o) (__stdio_exit_handler)
C:/ST/STM32CubeIDE_1.19.0/STM32CubeIDE/plugins/com.st.stm32cube.ide.mcu.externaltools.gnu-tools-for-stm32.13.3.rel1.win32_1.0.100.202509120712/tools/bin/../lib/gcc/arm-none-eabi/13.3.1/../../../../arm-none-eabi/lib/thumb/v7e-m+fp/hard\libc_nano.a(libc_a-fwalk.o)
                              C:/ST/STM32CubeIDE_1.19.0/STM32CubeIDE/plugins/com.st.stm32cube.ide.mcu.externaltools.gnu-tools-for-stm32.13.3.rel1.win32_1.0.100.202509120712/tools/bin/../lib/gcc/arm-none-eabi/13.3.1/../../../../arm-none-eabi/lib/thumb/v7e-m+fp/hard\libc_nano.a(libc_a-findfp.o) (_fwalk_sglue)
C:/ST/STM32CubeIDE_1.19.0/STM32CubeIDE/plugins/com.st.stm32cube.ide.mcu.externaltools.gnu-tools-for-stm32.13.3.rel1.win32_1.0.100.202509120712/tools/bin/../lib/gcc/arm-none-eabi/13.3.1/../../../../arm-none-eabi/lib/thumb/v7e-m+fp/hard\libc_nano.a(libc_a-printf.o)
                              ./Core/Src/display.o (printf)
C:/ST/STM32CubeIDE_1.19.0/STM32CubeIDE/plugins/com.st.stm32cube.ide.mcu.externaltools.gnu-tools-for-stm32.13.3.rel1.win32_1.0.100.202509120712/tools/bin/../lib/gcc/arm-none-eabi/13.3.1/../../../../arm-none-eabi/lib/thumb/v7e-m+fp/hard\libc_nano.a(libc_a-stdio.o)
                              C:/ST/STM32CubeIDE_1.19.0/STM32CubeIDE/plugins/com.st.stm32cube.ide.mcu.externaltools.gnu-tools-for-stm32.13.3.rel1.win32_1.0.100.202509120712/tools/bin/../lib/gcc/arm-none-eabi/13.3.1/../../../../arm-none-eabi/lib/thumb/v7e-m+fp/hard\libc_nano.a(libc_a-findfp.o) (__sread)
C:/ST/STM32CubeIDE_1.19.0/STM32CubeIDE/plugins/com.st.stm32cube.ide.mcu.externaltools.gnu-tools-for-stm32.13.3.rel1.win32_1.0.100.202509120712/tools/bin/../lib/gcc/arm-none-eabi/13.3.1/../../../../arm-none-eabi/lib/thumb/v7e-m+fp/hard\libc_nano.a(libc_a-memset.o)
                              C:/ST/STM32CubeIDE_1.19.0/STM32CubeIDE/plugins/com.st.stm32cube.ide.mcu.externaltools.gnu-tools-for-stm32.13.3.rel1.win32_1.0.100.202509120712/tools/bin/../lib/gcc/arm-none-eabi/13.3.1/../../../../arm-none-eabi/lib/thumb/v7e-m+fp/hard/crt0.o (memset)
C:/ST/STM32CubeIDE_1.19.0/STM32CubeIDE/plugins/com.st.stm32cube.ide.mcu.externaltools.gnu-tools-for-stm32.13.3.rel1.win32_1.0.100.202509120712/tools/bin/../lib/gcc/arm-none-eabi/13.3.1/../../../../arm-none-eabi/lib/thumb/v7e-m+fp/hard\libc_nano.a(libc_a-closer.o)
                              C:/ST/STM32CubeIDE_1.19.0/STM32CubeIDE/plugins/com.st.stm32cube.ide.mcu.externaltools.gnu-tools-for-stm32.13.3.rel1.win32_1.0.100.202509120712/tools/bin/../lib/gcc/arm-none-eabi/13.3.1/../../../../arm-none-eabi/lib/thumb/v7e-m+fp/hard\libc_nano.a(libc_a-stdio.o) (_close_r)
C:/ST/STM32CubeIDE_1.19.0/STM32CubeIDE/plugins/com.st.stm32cube.ide.mcu.externaltools.gnu-tools-for-stm32.13.3.rel1.win32_1.0.100.202509120712/tools/bin/../lib/gcc/arm-none-eabi/13.3.1/../../../../arm-none-eabi/lib/thumb/v7e-m+fp/hard\libc_nano.a(libc_a-reent.o)
                              C:/ST/STM32CubeIDE_1.19.0/STM32CubeIDE/plugins/com.st.stm32cube.ide.mcu.externaltools.gnu-tools-for-stm32.13.3.rel1.win32_1.0.100.202509120712/tools/bin/../lib/gcc/arm-none-eabi/13.3.1/../../../../arm-none-eabi/lib/thumb/v7e-m+fp/hard\libc_nano.a(libc_a-closer.o) (errno)
C:/ST/STM32CubeIDE_1.19.0/STM32CubeIDE/plugins/com.st.stm32cube.ide.mcu.externaltools.gnu-tools-for-stm32.13.3.rel1.win32_1.0.100.202509120712/tools/bin/../lib/gcc/arm-none-eabi/13.3.1/../../../../arm-none-eabi/lib/thumb/v7e-m+fp/hard\libc_nano.a(libc_a-impure.o)
                              C:/ST/STM32CubeIDE_1.19.0/STM32CubeIDE/plugins/com.st.stm32cube.ide.mcu.externaltools.gnu-tools-for-stm32.13.3.rel1.win32_1.0.100.202509120712/tools/bin/../lib/gcc/arm-none-eabi/13.3.1/../../../../arm-none-eabi/lib/thumb/v7e-m+fp/hard\libc_nano.a(libc_a-printf.o) (_impure_ptr)
[...]
Memory Configuration

Name             Origin             Length             Attributes
RAM              0x20000000         0x00020000         xrw
FLASH            0x08000000         0x00080000         xr
*default*        0x00000000         0xffffffff

Linker script and memory map

LOAD C:/ST/STM32CubeIDE_1.19.0/STM32CubeIDE/plugins/com.st.stm32cube.ide.mcu.externaltools.gnu-tools-for-stm32.13.3.rel1.win32_1.0.100.202509120712/tools/bin/../lib/gcc/arm-none-eabi/13.3.1/thumb/v7e-m+fp/hard/crti.o
LOAD C:/ST/STM32CubeIDE_1.19.0/STM32CubeIDE/plugins/com.st.stm32cube.ide.mcu.externaltools.gnu-tools-for-stm32.13.3.rel1.win32_1.0.100.202509120712/tools/bin/../lib/gcc/arm-none-eabi/13.3.1/thumb/v7e-m+fp/hard/crtbegin.o
LOAD C:/ST/STM32CubeIDE_1.19.0/STM32CubeIDE/plugins/com.st.stm32cube.ide.mcu.externaltools.gnu-tools-for-stm32.13.3.rel1.win32_1.0.100.202509120712/tools/bin/../lib/gcc/arm-none-eabi/13.3.1/../../../../arm-none-eabi/lib/thumb/v7e-m+fp/hard/crt0.o
LOAD ./Core/Src/display.o
LOAD ./Core/Src/dma.o
LOAD ./Core/Src/globals.o
LOAD ./Core/Src/gpio.o
LOAD ./Core/Src/input.o
LOAD ./Core/Src/loop.o
LOAD ./Core/Src/main.o
LOAD ./Core/Src/setup.o
LOAD ./Core/Src/stm32g4xx_hal_msp.o
LOAD ./Core/Src/stm32g4xx_it.o
LOAD ./Core/Src/stm32g4xx_nucleo_bus.o
LOAD ./Core/Src/syscalls.o
LOAD ./Core/Src/sysmem.o
LOAD ./Core/Src/system_stm32g4xx.o
LOAD ./Core/Startup/startup_stm32g474retx.o
LOAD ./DISPLAY/Target/lcd_io.o
LOAD ./DISPLAY/Target/lcd_os.o
LOAD ./Drivers/BSP/Components/ili9341/ili9341.o
LOAD ./Drivers/BSP/Components/ili9341/ili9341_reg.o
LOAD ./Drivers/BSP/STM32G4xx_Nucleo/stm32g4xx_nucleo.o
LOAD ./Drivers/STM32G4xx_HAL_Driver/Src/stm32g4xx_hal.o
LOAD ./Drivers/STM32G4xx_HAL_Driver/Src/stm32g4xx_hal_cortex.o
LOAD ./Drivers/STM32G4xx_HAL_Driver/Src/stm32g4xx_hal_dma.o
LOAD ./Drivers/STM32G4xx_HAL_Driver/Src/stm32g4xx_hal_dma_ex.o
LOAD ./Drivers/STM32G4xx_HAL_Driver/Src/stm32g4xx_hal_exti.o
LOAD ./Drivers/STM32G4xx_HAL_Driver/Src/stm32g4xx_hal_flash.o
LOAD ./Drivers/STM32G4xx_HAL_Driver/Src/stm32g4xx_hal_flash_ex.o
LOAD ./Drivers/STM32G4xx_HAL_Driver/Src/stm32g4xx_hal_flash_ramfunc.o
LOAD ./Drivers/STM32G4xx_HAL_Driver/Src/stm32g4xx_hal_gpio.o
LOAD ./Drivers/STM32G4xx_HAL_Driver/Src/stm32g4xx_hal_pwr.o
LOAD ./Drivers/STM32G4xx_HAL_Driver/Src/stm32g4xx_hal_pwr_ex.o
LOAD ./Drivers/STM32G4xx_HAL_Driver/Src/stm32g4xx_hal_rcc.o
LOAD ./Drivers/STM32G4xx_HAL_Driver/Src/stm32g4xx_hal_rcc_ex.o
LOAD ./Drivers/STM32G4xx_HAL_Driver/Src/stm32g4xx_hal_spi.o
LOAD ./Drivers/STM32G4xx_HAL_Driver/Src/stm32g4xx_hal_spi_ex.o
LOAD ./Drivers/STM32G4xx_HAL_Driver/Src/stm32g4xx_hal_uart.o
LOAD ./Drivers/STM32G4xx_HAL_Driver/Src/stm32g4xx_hal_uart_ex.o
LOAD ./Drivers/STM32G4xx_HAL_Driver/Src/stm32g4xx_hal_usart.o
LOAD ./Drivers/STM32G4xx_HAL_Driver/Src/stm32g4xx_hal_usart_ex.o
START GROUP
LOAD C:/ST/STM32CubeIDE_1.19.0/STM32CubeIDE/plugins/com.st.stm32cube.ide.mcu.externaltools.gnu-tools-for-stm32.13.3.rel1.win32_1.0.100.202509120712/tools/bin/../lib/gcc/arm-none-eabi/13.3.1/../../../../arm-none-eabi/lib/thumb/v7e-m+fp/hard\libc_nano.a
LOAD C:/ST/STM32CubeIDE_1.19.0/STM32CubeIDE/plugins/com.st.stm32cube.ide.mcu.externaltools.gnu-tools-for-stm32.13.3.rel1.win32_1.0.100.202509120712/tools/bin/../lib/gcc/arm-none-eabi/13.3.1/../../../../arm-none-eabi/lib/thumb/v7e-m+fp/hard\libm.a
END GROUP
START GROUP
LOAD C:/ST/STM32CubeIDE_1.19.0/STM32CubeIDE/plugins/com.st.stm32cube.ide.mcu.externaltools.gnu-tools-for-stm32.13.3.rel1.win32_1.0.100.202509120712/tools/bin/../lib/gcc/arm-none-eabi/13.3.1/thumb/v7e-m+fp/hard\libgcc.a
LOAD C:/ST/STM32CubeIDE_1.19.0/STM32CubeIDE/plugins/com.st.stm32cube.ide.mcu.externaltools.gnu-tools-for-stm32.13.3.rel1.win32_1.0.100.202509120712/tools/bin/../lib/gcc/arm-none-eabi/13.3.1/../../../../arm-none-eabi/lib/thumb/v7e-m+fp/hard\libc_nano.a
END GROUP
START GROUP
LOAD C:/ST/STM32CubeIDE_1.19.0/STM32CubeIDE/plugins/com.st.stm32cube.ide.mcu.externaltools.gnu-tools-for-stm32.13.3.rel1.win32_1.0.100.202509120712/tools/bin/../lib/gcc/arm-none-eabi/13.3.1/thumb/v7e-m+fp/hard\libgcc.a
LOAD C:/ST/STM32CubeIDE_1.19.0/STM32CubeIDE/plugins/com.st.stm32cube.ide.mcu.externaltools.gnu-tools-for-stm32.13.3.rel1.win32_1.0.100.202509120712/tools/bin/../lib/gcc/arm-none-eabi/13.3.1/../../../../arm-none-eabi/lib/thumb/v7e-m+fp/hard\libc_nano.a
LOAD C:/ST/STM32CubeIDE_1.19.0/STM32CubeIDE/plugins/com.st.stm32cube.ide.mcu.externaltools.gnu-tools-for-stm32.13.3.rel1.win32_1.0.100.202509120712/tools/bin/../lib/gcc/arm-none-eabi/13.3.1/../../../../arm-none-eabi/lib/thumb/v7e-m+fp/hard\libnosys.a
END GROUP
START GROUP
LOAD C:/ST/STM32CubeIDE_1.19.0/STM32CubeIDE/plugins/com.st.stm32cube.ide.mcu.externaltools.gnu-tools-for-stm32.13.3.rel1.win32_1.0.100.202509120712/tools/bin/../lib/gcc/arm-none-eabi/13.3.1/thumb/v7e-m+fp/hard\libgcc.a
LOAD C:/ST/STM32CubeIDE_1.19.0/STM32CubeIDE/plugins/com.st.stm32cube.ide.mcu.externaltools.gnu-tools-for-stm32.13.3.rel1.win32_1.0.100.202509120712/tools/bin/../lib/gcc/arm-none-eabi/13.3.1/../../../../arm-none-eabi/lib/thumb/v7e-m+fp/hard\libc_nano.a
LOAD C:/ST/STM32CubeIDE_1.19.0/STM32CubeIDE/plugins/com.st.stm32cube.ide.mcu.externaltools.gnu-tools-for-stm32.13.3.rel1.win32_1.0.100.202509120712/tools/bin/../lib/gcc/arm-none-eabi/13.3.1/../../../../arm-none-eabi/lib/thumb/v7e-m+fp/hard\libnosys.a
END GROUP
LOAD C:/ST/STM32CubeIDE_1.19.0/STM32CubeIDE/plugins/com.st.stm32cube.ide.mcu.externaltools.gnu-tools-for-stm32.13.3.rel1.win32_1.0.100.202509120712/tools/bin/../lib/gcc/arm-none-eabi/13.3.1/thumb/v7e-m+fp/hard/crtend.o
LOAD C:/ST/STM32CubeIDE_1.19.0/STM32CubeIDE/plugins/com.st.stm32cube.ide.mcu.externaltools.gnu-tools-for-stm32.13.3.rel1.win32_1.0.100.202509120712/tools/bin/../lib/gcc/arm-none-eabi/13.3.1/thumb/v7e-m+fp/hard/crtn.o
                0x20020000                        _estack = (ORIGIN (RAM) + LENGTH (RAM))
                0x00000200                        _Min_Heap_Size = 0x200
                0x00000400                        _Min_Stack_Size = 0x400

.isr_vector     0x08000000      0x1d8
                0x08000000                        . = ALIGN (0x4)
 *(.isr_vector)
 .isr_vector    0x08000000      0x1d8 ./Core/Startup/startup_stm32g474retx.o
                0x08000000                g_pfnVectors
                0x080001d8                        . = ALIGN (0x4)

.text           0x080001e0     0x6770
                0x080001e0                        . = ALIGN (0x4)
 *(.text)
 .text          0x080001e0       0x40 C:/ST/STM32CubeIDE_1.19.0/STM32CubeIDE/plugins/com.st.stm32cube.ide.mcu.externaltools.gnu-tools-for-stm32.13.3.rel1.win32_1.0.100.202509120712/tools/bin/../lib/gcc/arm-none-eabi/13.3.1/thumb/v7e-m+fp/hard/crtbegin.o
 .text          0x08000220       0xa0 C:/ST/STM32CubeIDE_1.19.0/STM32CubeIDE/plugins/com.st.stm32cube.ide.mcu.externaltools.gnu-tools-for-stm32.13.3.rel1.win32_1.0.100.202509120712/tools/bin/../lib/gcc/arm-none-eabi/13.3.1/../../../../arm-none-eabi/lib/thumb/v7e-m+fp/hard\libc_nano.a(libc_a-memchr.o)
                0x08000220                memchr
 .text          0x080002c0       0x30 C:/ST/STM32CubeIDE_1.19.0/STM32CubeIDE/plugins/com.st.stm32cube.ide.mcu.externaltools.gnu-tools-for-stm32.13.3.rel1.win32_1.0.100.202509120712/tools/bin/../lib/gcc/arm-none-eabi/13.3.1/thumb/v7e-m+fp/hard\libgcc.a(_aeabi_uldivmod.o)
                0x080002c0                __aeabi_uldivmod
 .text          0x080002f0      0x2f8 C:/ST/STM32CubeIDE_1.19.0/STM32CubeIDE/plugins/com.st.stm32cube.ide.mcu.externaltools.gnu-tools-for-stm32.13.3.rel1.win32_1.0.100.202509120712/tools/bin/../lib/gcc/arm-none-eabi/13.3.1/thumb/v7e-m+fp/hard\libgcc.a(_udivmoddi4.o)
                0x080002f0                __udivmoddi4
 .text          0x080005e8        0x4 C:/ST/STM32CubeIDE_1.19.0/STM32CubeIDE/plugins/com.st.stm32cube.ide.mcu.externaltools.gnu-tools-for-stm32.13.3.rel1.win32_1.0.100.202509120712/tools/bin/../lib/gcc/arm-none-eabi/13.3.1/thumb/v7e-m+fp/hard\libgcc.a(_dvmd_tls.o)
                0x080005e8                __aeabi_idiv0
                0x080005e8                __aeabi_ldiv0
 *(.text*)
 .text.MX_DMA_Init
                0x080005ec       0x64 ./Core/Src/dma.o
                0x080005ec                MX_DMA_Init
 .text.MX_GPIO_Init
                0x08000650      0x198 ./Core/Src/gpio.o
                0x08000650                MX_GPIO_Init
 .text.loop     0x080007e8        0xe ./Core/Src/loop.o
                0x080007e8                loop
 *fill*         0x080007f6        0x2 
 .text.main     0x080007f8       0x5c ./Core/Src/main.o
                0x080007f8                main
 .text.SystemClock_Config
                0x08000854       0x96 ./Core/Src/main.o
                0x08000854                SystemClock_Config
 .text.Error_Handler
                0x080008ea        0xc ./Core/Src/main.o
                0x080008ea                Error_Handler
 *fill*         0x080008f6        0x2 
 .text.setup    0x080008f8       0xb0 ./Core/Src/setup.o
                0x080008f8                setup
 .text.HAL_MspInit
                0x080009a8       0x48 ./Core/Src/stm32g4xx_hal_msp.o
                0x080009a8                HAL_MspInit
 .text.NMI_Handler
                0x080009f0        0x8 ./Core/Src/stm32g4xx_it.o
                0x080009f0                NMI_Handler
 .text.HardFault_Handler
                0x080009f8        0x8 ./Core/Src/stm32g4xx_it.o
                0x080009f8                HardFault_Handler
 .text.MemManage_Handler
                0x08000a00        0x8 ./Core/Src/stm32g4xx_it.o
                0x08000a00                MemManage_Handler
 .text.BusFault_Handler
                0x08000a08        0x8 ./Core/Src/stm32g4xx_it.o
                0x08000a08                BusFault_Handler
 .text.UsageFault_Handler
                0x08000a10        0x8 ./Core/Src/stm32g4xx_it.o
                0x08000a10                UsageFault_Handler
 .text.SVC_Handler
                0x08000a18        0xe ./Core/Src/stm32g4xx_it.o
                0x08000a18                SVC_Handler
 .text.DebugMon_Handler
                0x08000a26        0xe ./Core/Src/stm32g4xx_it.o
                0x08000a26                DebugMon_Handler
 .text.PendSV_Handler
                0x08000a34        0xe ./Core/Src/stm32g4xx_it.o
                0x08000a34                PendSV_Handler
 .text.SysTick_Handler
                0x08000a42        0xc ./Core/Src/stm32g4xx_it.o
                0x08000a42                SysTick_Handler
 *fill*         0x08000a4e        0x2 
 .text.DMA1_Channel1_IRQHandler
                0x08000a50       0x14 ./Core/Src/stm32g4xx_it.o
                0x08000a50                DMA1_Channel1_IRQHandler
 .text.DMA1_Channel2_IRQHandler
                0x08000a64       0x14 ./Core/Src/stm32g4xx_it.o
                0x08000a64                DMA1_Channel2_IRQHandler
 .text.SPI2_IRQHandler
                0x08000a78       0x14 ./Core/Src/stm32g4xx_it.o
                0x08000a78                SPI2_IRQHandler
 .text.BSP_SPI2_Init
                0x08000a8c       0x60 ./Core/Src/stm32g4xx_nucleo_bus.o
                0x08000a8c                BSP_SPI2_Init
 .text.BSP_SPI2_DeInit
                0x08000aec       0x50 ./Core/Src/stm32g4xx_nucleo_bus.o
                0x08000aec                BSP_SPI2_DeInit
 .text.BSP_SPI2_Send
                0x08000b3c       0x38 ./Core/Src/stm32g4xx_nucleo_bus.o
                0x08000b3c                BSP_SPI2_Send
 .text.BSP_SPI2_Recv
                0x08000b74       0x38 ./Core/Src/stm32g4xx_nucleo_bus.o
                0x08000b74                BSP_SPI2_Recv
 .text.BSP_SPI2_Send_DMA
                0x08000bac       0x38 ./Core/Src/stm32g4xx_nucleo_bus.o
                0x08000bac                BSP_SPI2_Send_DMA
 .text.MX_SPI2_Init
                0x08000be4       0x84 ./Core/Src/stm32g4xx_nucleo_bus.o
                0x08000be4                MX_SPI2_Init
 .text.SPI2_MspInit
                0x08000c68      0x168 ./Core/Src/stm32g4xx_nucleo_bus.o
 .text.SPI2_MspDeInit
                0x08000dd0       0x5c ./Core/Src/stm32g4xx_nucleo_bus.o
 .text._read    0x08000e2c       0x3a ./Core/Src/syscalls.o
                0x08000e2c                _read
 .text._write   0x08000e66       0x38 ./Core/Src/syscalls.o
                0x08000e66                _write
 .text._close   0x08000e9e       0x18 ./Core/Src/syscalls.o
                0x08000e9e                _close
 .text._fstat   0x08000eb6       0x20 ./Core/Src/syscalls.o
                0x08000eb6                _fstat
 .text._isatty  0x08000ed6       0x16 ./Core/Src/syscalls.o
                0x08000ed6                _isatty
 .text._lseek   0x08000eec       0x1a ./Core/Src/syscalls.o
                0x08000eec                _lseek
 *fill*         0x08000f06        0x2 
 .text._sbrk    0x08000f08       0x6c ./Core/Src/sysmem.o
                0x08000f08                _sbrk
 .text.SystemInit
                0x08000f74       0x24 ./Core/Src/system_stm32g4xx.o
                0x08000f74                SystemInit
 .text.Reset_Handler
                0x08000f98       0x50 ./Core/Startup/startup_stm32g474retx.o
                0x08000f98                Reset_Handler
 .text.Default_Handler
                0x08000fe8        0x2 ./Core/Startup/startup_stm32g474retx.o
                0x08000fe8                RTC_Alarm_IRQHandler
                0x08000fe8                EXTI2_IRQHandler
                0x08000fe8                TIM8_TRG_COM_IRQHandler
                0x08000fe8                TIM8_CC_IRQHandler
                0x08000fe8                HRTIM1_Master_IRQHandler
                0x08000fe8                SPI4_IRQHandler
                0x08000fe8                FDCAN3_IT0_IRQHandler
                0x08000fe8                TIM1_CC_IRQHandler
                0x08000fe8                HRTIM1_FLT_IRQHandler
                0x08000fe8                HRTIM1_TIMF_IRQHandler
                0x08000fe8                USB_HP_IRQHandler
                0x08000fe8                CORDIC_IRQHandler
                0x08000fe8                HRTIM1_TIMD_IRQHandler
                0x08000fe8                DMA2_Channel8_IRQHandler
                0x08000fe8                EXTI3_IRQHandler
                0x08000fe8                I2C3_ER_IRQHandler
                0x08000fe8                EXTI0_IRQHandler
                0x08000fe8                I2C2_EV_IRQHandler
                0x08000fe8                FPU_IRQHandler
                0x08000fe8                FDCAN1_IT1_IRQHandler
                0x08000fe8                TIM1_UP_TIM16_IRQHandler
                0x08000fe8                ADC1_2_IRQHandler
                0x08000fe8                HRTIM1_TIME_IRQHandler
                0x08000fe8                SPI1_IRQHandler
                0x08000fe8                TIM6_DAC_IRQHandler
                0x08000fe8                HRTIM1_TIMC_IRQHandler
                0x08000fe8                TIM8_UP_IRQHandler
                0x08000fe8                DMA2_Channel2_IRQHandler
                0x08000fe8                DMA1_Channel4_IRQHandler
                0x08000fe8                TIM20_TRG_COM_IRQHandler
                0x08000fe8                USART3_IRQHandler
                0x08000fe8                DMA1_Channel7_IRQHandler
                0x08000fe8                UART5_IRQHandler
                0x08000fe8                ADC3_IRQHandler
                0x08000fe8                TIM4_IRQHandler
                0x08000fe8                DMA2_Channel1_IRQHandler
                0x08000fe8                QUADSPI_IRQHandler
                0x08000fe8                I2C1_EV_IRQHandler
                0x08000fe8                DMA1_Channel6_IRQHandler
                0x08000fe8                UART4_IRQHandler
                0x08000fe8                DMA2_Channel4_IRQHandler
                0x08000fe8                TIM3_IRQHandler
                0x08000fe8                RCC_IRQHandler
                0x08000fe8                TIM20_UP_IRQHandler
                0x08000fe8                Default_Handler
                0x08000fe8                DMA2_Channel7_IRQHandler
                0x08000fe8                RTC_TAMP_LSECSS_IRQHandler
                0x08000fe8                FMAC_IRQHandler
                0x08000fe8                EXTI15_10_IRQHandler
                0x08000fe8                DMA1_Channel8_IRQHandler
                0x08000fe8                HRTIM1_TIMA_IRQHandler
                0x08000fe8                TIM7_DAC_IRQHandler
                0x08000fe8                FDCAN3_IT1_IRQHandler
                0x08000fe8                TIM5_IRQHandler
                0x08000fe8                UCPD1_IRQHandler
                0x08000fe8                I2C3_EV_IRQHandler
                0x08000fe8                EXTI9_5_IRQHandler
                0x08000fe8                RTC_WKUP_IRQHandler
                0x08000fe8                PVD_PVM_IRQHandler
                0x08000fe8                ADC5_IRQHandler
                0x08000fe8                DMA2_Channel5_IRQHandler
                0x08000fe8                CRS_IRQHandler
                0x08000fe8                DMA1_Channel5_IRQHandler
                0x08000fe8                USB_LP_IRQHandler
                0x08000fe8                EXTI4_IRQHandler
                0x08000fe8                RNG_IRQHandler
                0x08000fe8                HRTIM1_TIMB_IRQHandler
                0x08000fe8                TIM1_TRG_COM_TIM17_IRQHandler
                0x08000fe8                FDCAN2_IT1_IRQHandler
                0x08000fe8                DMA1_Channel3_IRQHandler
                0x08000fe8                ADC4_IRQHandler
                0x08000fe8                WWDG_IRQHandler
                0x08000fe8                I2C4_EV_IRQHandler
                0x08000fe8                FDCAN2_IT0_IRQHandler
                0x08000fe8                LPUART1_IRQHandler
                0x08000fe8                DMA2_Channel6_IRQHandler
                0x08000fe8                FDCAN1_IT0_IRQHandler
                0x08000fe8                TIM2_IRQHandler
                0x08000fe8                COMP7_IRQHandler
                0x08000fe8                COMP1_2_3_IRQHandler
                0x08000fe8                EXTI1_IRQHandler
                0x08000fe8                USART2_IRQHandler
                0x08000fe8                COMP4_5_6_IRQHandler
                0x08000fe8                TIM20_BRK_IRQHandler
                0x08000fe8                I2C2_ER_IRQHandler
                0x08000fe8                TIM8_BRK_IRQHandler
                0x08000fe8                FLASH_IRQHandler
                0x08000fe8                TIM20_CC_IRQHandler
                0x08000fe8                USART1_IRQHandler
                0x08000fe8                SPI3_IRQHandler
                0x08000fe8                I2C1_ER_IRQHandler
                0x08000fe8                FMC_IRQHandler
                0x08000fe8                LPTIM1_IRQHandler
                0x08000fe8                DMAMUX_OVR_IRQHandler
                0x08000fe8                I2C4_ER_IRQHandler
                0x08000fe8                USBWakeUp_IRQHandler
                0x08000fe8                SAI1_IRQHandler
                0x08000fe8                DMA2_Channel3_IRQHandler
                0x08000fe8                TIM1_BRK_TIM15_IRQHandler
 .text.BSP_LCD_Init
                0x08000fea       0x4c ./DISPLAY/Target/lcd_io.o
                0x08000fea                BSP_LCD_Init
 *fill*         0x08001036        0x2 
 .text.BSP_LCD_GetXSize
                0x08001038       0x6c ./DISPLAY/Target/lcd_io.o
                0x08001038                BSP_LCD_GetXSize
 .text.BSP_LCD_GetYSize
                0x080010a4       0x6c ./DISPLAY/Target/lcd_io.o
                0x080010a4                BSP_LCD_GetYSize
 .text.BSP_LCD_DisplayOn
                0x08001110       0x68 ./DISPLAY/Target/lcd_io.o
                0x08001110                BSP_LCD_DisplayOn
 .text.LCD_Probe
                0x08001178      0x10c ./DISPLAY/Target/lcd_io.o
 .text.LCD_IO_GetTick
                0x08001284       0x16 ./DISPLAY/Target/lcd_io.o
 .text.LCD_IO_Delay
                0x0800129a       0x18 ./DISPLAY/Target/lcd_io.o
 *fill*         0x080012b2        0x2 
 .text.LCD_IO_Init
                0x080012b4       0x44 ./DISPLAY/Target/lcd_io.o
 .text.LCD_IO_DeInit
                0x080012f8       0x1a ./DISPLAY/Target/lcd_io.o
 *fill*         0x08001312        0x2 
 .text.LCD_IO_WriteReg
                0x08001314       0x48 ./DISPLAY/Target/lcd_io.o
 .text.LCD_IO_ReadReg
                0x0800135c       0x1a ./DISPLAY/Target/lcd_io.o
 *fill*         0x08001376        0x2 
 .text.LCD_IO_SendData
                0x08001378       0x3c ./DISPLAY/Target/lcd_io.o
 .text.LCD_IO_SendDataDMA
                0x080013b4       0x34 ./DISPLAY/Target/lcd_io.o
 .text.LCD_IO_RecvData
                0x080013e8       0x50 ./DISPLAY/Target/lcd_io.o
 .text.LCD_IO_RecvDataDMA
                0x08001438       0x1a ./DISPLAY/Target/lcd_io.o
 *fill*         0x08001452        0x2 
 .text.LCD_OS_Initialize
                0x08001454       0x34 ./DISPLAY/Target/lcd_os.o
                0x08001454                LCD_OS_Initialize
 .text.LCD_OS_Unlock
                0x08001488       0x44 ./DISPLAY/Target/lcd_os.o
                0x08001488                LCD_OS_Unlock
 .text.LCD_OS_TryLock
                0x080014cc       0x64 ./DISPLAY/Target/lcd_os.o
                0x080014cc                LCD_OS_TryLock
 .text.ILI9341_RegisterBusIO
                0x08001530       0xcc ./Drivers/BSP/Components/ili9341/ili9341.o
                0x08001530                ILI9341_RegisterBusIO
 .text.ILI9341_Init
                0x080015fc      0x308 ./Drivers/BSP/Components/ili9341/ili9341.o
                0x080015fc                ILI9341_Init
 .text.ILI9341_DeInit
                0x08001904       0x18 ./Drivers/BSP/Components/ili9341/ili9341.o
                0x08001904                ILI9341_DeInit
 .text.ILI9341_ReadID
                0x0800191c       0x60 ./Drivers/BSP/Components/ili9341/ili9341.o
                0x0800191c                ILI9341_ReadID
 .text.ILI9341_DisplayOn
                0x0800197c       0x26 ./Drivers/BSP/Components/ili9341/ili9341.o
                0x0800197c                ILI9341_DisplayOn
 .text.ILI9341_DisplayOff
                0x080019a2       0x26 ./Drivers/BSP/Components/ili9341/ili9341.o
                0x080019a2                ILI9341_DisplayOff
 .text.ILI9341_SetOrientation
                0x080019c8       0xa4 ./Drivers/BSP/Components/ili9341/ili9341.o
                0x080019c8                ILI9341_SetOrientation
 .text.ILI9341_GetOrientation
                0x08001a6c       0x24 ./Drivers/BSP/Components/ili9341/ili9341.o
                0x08001a6c                ILI9341_GetOrientation
 .text.ILI9341_GetXSize
                0x08001a90       0x24 ./Drivers/BSP/Components/ili9341/ili9341.o
                0x08001a90                ILI9341_GetXSize
 .text.ILI9341_GetYSize
                0x08001ab4       0x24 ./Drivers/BSP/Components/ili9341/ili9341.o
                0x08001ab4                ILI9341_GetYSize
 .text.ILI9341_SetDisplayWindow
                0x08001ad8       0xfe ./Drivers/BSP/Components/ili9341/ili9341.o
                0x08001ad8                ILI9341_SetDisplayWindow
 .text.ILI9341_ReadRegWrap
                0x08001bd6       0x24 ./Drivers/BSP/Components/ili9341/ili9341.o
 .text.ILI9341_WriteRegWrap
                0x08001bfa       0x24 ./Drivers/BSP/Components/ili9341/ili9341.o
 .text.ILI9341_SendDataWrap
                0x08001c1e       0x24 ./Drivers/BSP/Components/ili9341/ili9341.o
 .text.ILI9341_SendDataDMAWrap
                0x08001c42       0x24 ./Drivers/BSP/Components/ili9341/ili9341.o
 .text.ILI9341_RecvDataWrap
                0x08001c66       0x24 ./Drivers/BSP/Components/ili9341/ili9341.o
 .text.ILI9341_RecvDataDMAWrap
                0x08001c8a       0x24 ./Drivers/BSP/Components/ili9341/ili9341.o
 .text.ILI9341_Delay
                0x08001cae       0x34 ./Drivers/BSP/Components/ili9341/ili9341.o
 .text.ili9341_write_reg
                0x08001ce2       0x24 ./Drivers/BSP/Components/ili9341/ili9341_reg.o
                0x08001ce2                ili9341_write_reg
 .text.ili9341_send_data
                0x08001d06       0x24 ./Drivers/BSP/Components/ili9341/ili9341_reg.o
                0x08001d06                ili9341_send_data
 .text.ili9341_recv_data
                0x08001d2a       0x24 ./Drivers/BSP/Components/ili9341/ili9341_reg.o
                0x08001d2a                ili9341_recv_data
 *fill*         0x08001d4e        0x2 
 .text.BSP_LED_Init
                0x08001d50       0x6c ./Drivers/BSP/STM32G4xx_Nucleo/stm32g4xx_nucleo.o
                0x08001d50                BSP_LED_Init
 .text.BSP_COM_Init
                0x08001dbc       0x60 ./Drivers/BSP/STM32G4xx_Nucleo/stm32g4xx_nucleo.o
                0x08001dbc                BSP_COM_Init
 .text.MX_LPUART1_Init
                0x08001e1c       0x64 ./Drivers/BSP/STM32G4xx_Nucleo/stm32g4xx_nucleo.o
                0x08001e1c                MX_LPUART1_Init
 .text.__io_putchar
                0x08001e80       0x38 ./Drivers/BSP/STM32G4xx_Nucleo/stm32g4xx_nucleo.o
                0x08001e80                __io_putchar
 .text.COM1_MspInit
                0x08001eb8       0x98 ./Drivers/BSP/STM32G4xx_Nucleo/stm32g4xx_nucleo.o
 .text.HAL_Init
                0x08001f50       0x30 ./Drivers/STM32G4xx_HAL_Driver/Src/stm32g4xx_hal.o
                0x08001f50                HAL_Init
 .text.HAL_InitTick
                0x08001f80       0x74 ./Drivers/STM32G4xx_HAL_Driver/Src/stm32g4xx_hal.o
                0x08001f80                HAL_InitTick
 .text.HAL_IncTick
                0x08001ff4       0x24 ./Drivers/STM32G4xx_HAL_Driver/Src/stm32g4xx_hal.o
                0x08001ff4                HAL_IncTick
 .text.HAL_GetTick
                0x08002018       0x18 ./Drivers/STM32G4xx_HAL_Driver/Src/stm32g4xx_hal.o
                0x08002018                HAL_GetTick
 .text.HAL_Delay
                0x08002030       0x44 ./Drivers/STM32G4xx_HAL_Driver/Src/stm32g4xx_hal.o
                0x08002030                HAL_Delay
 .text.__NVIC_SetPriorityGrouping
                0x08002074       0x48 ./Drivers/STM32G4xx_HAL_Driver/Src/stm32g4xx_hal_cortex.o
 .text.__NVIC_GetPriorityGrouping
                0x080020bc       0x1c ./Drivers/STM32G4xx_HAL_Driver/Src/stm32g4xx_hal_cortex.o
 .text.__NVIC_EnableIRQ
                0x080020d8       0x3c ./Drivers/STM32G4xx_HAL_Driver/Src/stm32g4xx_hal_cortex.o
 .text.__NVIC_DisableIRQ
                0x08002114       0x48 ./Drivers/STM32G4xx_HAL_Driver/Src/stm32g4xx_hal_cortex.o
 .text.__NVIC_SetPriority
                0x0800215c       0x54 ./Drivers/STM32G4xx_HAL_Driver/Src/stm32g4xx_hal_cortex.o
 .text.NVIC_EncodePriority
                0x080021b0       0x66 ./Drivers/STM32G4xx_HAL_Driver/Src/stm32g4xx_hal_cortex.o
 *fill*         0x08002216        0x2 
 .text.SysTick_Config
                0x08002218       0x44 ./Drivers/STM32G4xx_HAL_Driver/Src/stm32g4xx_hal_cortex.o
 .text.HAL_NVIC_SetPriorityGrouping
                0x0800225c       0x16 ./Drivers/STM32G4xx_HAL_Driver/Src/stm32g4xx_hal_cortex.o
                0x0800225c                HAL_NVIC_SetPriorityGrouping
 .text.HAL_NVIC_SetPriority
                0x08002272       0x34 ./Drivers/STM32G4xx_HAL_Driver/Src/stm32g4xx_hal_cortex.o
                0x08002272                HAL_NVIC_SetPriority
 .text.HAL_NVIC_EnableIRQ
                0x080022a6       0x1c ./Drivers/STM32G4xx_HAL_Driver/Src/stm32g4xx_hal_cortex.o
                0x080022a6                HAL_NVIC_EnableIRQ
 .text.HAL_NVIC_DisableIRQ
                0x080022c2       0x1c ./Drivers/STM32G4xx_HAL_Driver/Src/stm32g4xx_hal_cortex.o
                0x080022c2                HAL_NVIC_DisableIRQ
 .text.HAL_SYSTICK_Config
                0x080022de       0x18 ./Drivers/STM32G4xx_HAL_Driver/Src/stm32g4xx_hal_cortex.o
                0x080022de                HAL_SYSTICK_Config
 *fill*         0x080022f6        0x2 
 .text.HAL_DMA_Init
                0x080022f8      0x150 ./Drivers/STM32G4xx_HAL_Driver/Src/stm32g4xx_hal_dma.o
                0x080022f8                HAL_DMA_Init
 .text.HAL_DMA_DeInit
                0x08002448      0x12c ./Drivers/STM32G4xx_HAL_Driver/Src/stm32g4xx_hal_dma.o
                0x08002448                HAL_DMA_DeInit
 .text.HAL_DMA_Start_IT
                0x08002574       0xf6 ./Drivers/STM32G4xx_HAL_Driver/Src/stm32g4xx_hal_dma.o
                0x08002574                HAL_DMA_Start_IT
 .text.HAL_DMA_Abort_IT
                0x0800266a       0xce ./Drivers/STM32G4xx_HAL_Driver/Src/stm32g4xx_hal_dma.o
                0x0800266a                HAL_DMA_Abort_IT
 .text.HAL_DMA_IRQHandler
                0x08002738      0x15e ./Drivers/STM32G4xx_HAL_Driver/Src/stm32g4xx_hal_dma.o
                0x08002738                HAL_DMA_IRQHandler
 .text.DMA_SetConfig
                0x08002896       0x7c ./Drivers/STM32G4xx_HAL_Driver/Src/stm32g4xx_hal_dma.o
 *fill*         0x08002912        0x2 
 .text.DMA_CalcDMAMUXChannelBaseAndMask
                0x08002914       0x7c ./Drivers/STM32G4xx_HAL_Driver/Src/stm32g4xx_hal_dma.o
 .text.DMA_CalcDMAMUXRequestGenBaseAndMask
                0x08002990       0x48 ./Drivers/STM32G4xx_HAL_Driver/Src/stm32g4xx_hal_dma.o
 .text.HAL_GPIO_Init
                0x080029d8      0x304 ./Drivers/STM32G4xx_HAL_Driver/Src/stm32g4xx_hal_gpio.o
                0x080029d8                HAL_GPIO_Init
 .text.HAL_GPIO_DeInit
                0x08002cdc      0x1c4 ./Drivers/STM32G4xx_HAL_Driver/Src/stm32g4xx_hal_gpio.o
                0x08002cdc                HAL_GPIO_DeInit
 .text.HAL_GPIO_WritePin
                0x08002ea0       0x30 ./Drivers/STM32G4xx_HAL_Driver/Src/stm32g4xx_hal_gpio.o
                0x08002ea0                HAL_GPIO_WritePin
 .text.HAL_PWREx_ControlVoltageScaling
                0x08002ed0      0x148 ./Drivers/STM32G4xx_HAL_Driver/Src/stm32g4xx_hal_pwr_ex.o
                0x08002ed0                HAL_PWREx_ControlVoltageScaling
 .text.HAL_PWREx_DisableUCPDDeadBattery
                0x08003018       0x20 ./Drivers/STM32G4xx_HAL_Driver/Src/stm32g4xx_hal_pwr_ex.o
                0x08003018                HAL_PWREx_DisableUCPDDeadBattery
 .text.HAL_RCC_OscConfig
                0x08003038      0x624 ./Drivers/STM32G4xx_HAL_Driver/Src/stm32g4xx_hal_rcc.o
                0x08003038                HAL_RCC_OscConfig
 .text.HAL_RCC_ClockConfig
                0x0800365c      0x278 ./Drivers/STM32G4xx_HAL_Driver/Src/stm32g4xx_hal_rcc.o
                0x0800365c                HAL_RCC_ClockConfig
 .text.HAL_RCC_GetSysClockFreq
                0x080038d4       0xc4 ./Drivers/STM32G4xx_HAL_Driver/Src/stm32g4xx_hal_rcc.o
                0x080038d4                HAL_RCC_GetSysClockFreq
 .text.HAL_RCC_GetHCLKFreq
                0x08003998       0x18 ./Drivers/STM32G4xx_HAL_Driver/Src/stm32g4xx_hal_rcc.o
                0x08003998                HAL_RCC_GetHCLKFreq
 .text.HAL_RCC_GetPCLK1Freq
                0x080039b0       0x2c ./Drivers/STM32G4xx_HAL_Driver/Src/stm32g4xx_hal_rcc.o
                0x080039b0                HAL_RCC_GetPCLK1Freq
 .text.HAL_RCC_GetPCLK2Freq
                0x080039dc       0x2c ./Drivers/STM32G4xx_HAL_Driver/Src/stm32g4xx_hal_rcc.o
                0x080039dc                HAL_RCC_GetPCLK2Freq
 .text.RCC_GetSysClockFreqFromPLLSource
                0x08003a08       0x8c ./Drivers/STM32G4xx_HAL_Driver/Src/stm32g4xx_hal_rcc.o
 .text.HAL_SPI_Init
                0x08003a94      0x156 ./Drivers/STM32G4xx_HAL_Driver/Src/stm32g4xx_hal_spi.o
                0x08003a94                HAL_SPI_Init
 .text.HAL_SPI_DeInit
                0x08003bea       0x50 ./Drivers/STM32G4xx_HAL_Driver/Src/stm32g4xx_hal_spi.o
                0x08003bea                HAL_SPI_DeInit
 .text.HAL_SPI_MspInit
                0x08003c3a       0x14 ./Drivers/STM32G4xx_HAL_Driver/Src/stm32g4xx_hal_spi.o
                0x08003c3a                HAL_SPI_MspInit
 .text.HAL_SPI_MspDeInit
                0x08003c4e       0x14 ./Drivers/STM32G4xx_HAL_Driver/Src/stm32g4xx_hal_spi.o
                0x08003c4e                HAL_SPI_MspDeInit
 .text.HAL_SPI_Transmit
                0x08003c62      0x2ec ./Drivers/STM32G4xx_HAL_Driver/Src/stm32g4xx_hal_spi.o
                0x08003c62                HAL_SPI_Transmit
 .text.HAL_SPI_Receive
                0x08003f4e      0x270 ./Drivers/STM32G4xx_HAL_Driver/Src/stm32g4xx_hal_spi.o
                0x08003f4e                HAL_SPI_Receive
 .text.HAL_SPI_TransmitReceive
                0x080041be      0x43e ./Drivers/STM32G4xx_HAL_Driver/Src/stm32g4xx_hal_spi.o
                0x080041be                HAL_SPI_TransmitReceive
 .text.HAL_SPI_Transmit_DMA
                0x080045fc      0x1dc ./Drivers/STM32G4xx_HAL_Driver/Src/stm32g4xx_hal_spi.o
                0x080045fc                HAL_SPI_Transmit_DMA
 .text.HAL_SPI_IRQHandler
                0x080047d8      0x200 ./Drivers/STM32G4xx_HAL_Driver/Src/stm32g4xx_hal_spi.o
                0x080047d8                HAL_SPI_IRQHandler
 .text.HAL_SPI_TxCpltCallback
                0x080049d8       0x14 ./Drivers/STM32G4xx_HAL_Driver/Src/stm32g4xx_hal_spi.o
                0x080049d8                HAL_SPI_TxCpltCallback
 .text.HAL_SPI_TxHalfCpltCallback
                0x080049ec       0x14 ./Drivers/STM32G4xx_HAL_Driver/Src/stm32g4xx_hal_spi.o
                0x080049ec                HAL_SPI_TxHalfCpltCallback
 .text.HAL_SPI_ErrorCallback
                0x08004a00       0x14 ./Drivers/STM32G4xx_HAL_Driver/Src/stm32g4xx_hal_spi.o
                0x08004a00                HAL_SPI_ErrorCallback
 .text.HAL_SPI_GetState
                0x08004a14       0x1c ./Drivers/STM32G4xx_HAL_Driver/Src/stm32g4xx_hal_spi.o
                0x08004a14                HAL_SPI_GetState
 .text.SPI_DMATransmitCplt
                0x08004a30       0xa6 ./Drivers/STM32G4xx_HAL_Driver/Src/stm32g4xx_hal_spi.o
 .text.SPI_DMAHalfTransmitCplt
                0x08004ad6       0x1c ./Drivers/STM32G4xx_HAL_Driver/Src/stm32g4xx_hal_spi.o
 .text.SPI_DMAError
                0x08004af2       0x40 ./Drivers/STM32G4xx_HAL_Driver/Src/stm32g4xx_hal_spi.o
 .text.SPI_DMAAbortOnError
                0x08004b32       0x2a ./Drivers/STM32G4xx_HAL_Driver/Src/stm32g4xx_hal_spi.o
 .text.SPI_WaitFlagStateUntilTimeout
                0x08004b5c      0x110 ./Drivers/STM32G4xx_HAL_Driver/Src/stm32g4xx_hal_spi.o
 .text.SPI_WaitFifoStateUntilTimeout
                0x08004c6c      0x12c ./Drivers/STM32G4xx_HAL_Driver/Src/stm32g4xx_hal_spi.o
 .text.SPI_EndRxTransaction
                0x08004d98       0xb0 ./Drivers/STM32G4xx_HAL_Driver/Src/stm32g4xx_hal_spi.o
 .text.SPI_EndRxTxTransaction
                0x08004e48       0x8c ./Drivers/STM32G4xx_HAL_Driver/Src/stm32g4xx_hal_spi.o
 .text.HAL_UART_Init
                0x08004ed4       0xa0 ./Drivers/STM32G4xx_HAL_Driver/Src/stm32g4xx_hal_uart.o
                0x08004ed4                HAL_UART_Init
 .text.HAL_UART_MspInit
                0x08004f74       0x14 ./Drivers/STM32G4xx_HAL_Driver/Src/stm32g4xx_hal_uart.o
                0x08004f74                HAL_UART_MspInit
 .text.HAL_UART_Transmit
                0x08004f88      0x11c ./Drivers/STM32G4xx_HAL_Driver/Src/stm32g4xx_hal_uart.o
                0x08004f88                HAL_UART_Transmit
 .text.UART_SetConfig
                0x080050a4      0x5f8 ./Drivers/STM32G4xx_HAL_Driver/Src/stm32g4xx_hal_uart.o
                0x080050a4                UART_SetConfig
 .text.UART_AdvFeatureConfig
                0x0800569c      0x144 ./Drivers/STM32G4xx_HAL_Driver/Src/stm32g4xx_hal_uart.o
                0x0800569c                UART_AdvFeatureConfig
 .text.UART_CheckIdleState
                0x080057e0      0x154 ./Drivers/STM32G4xx_HAL_Driver/Src/stm32g4xx_hal_uart.o
                0x080057e0                UART_CheckIdleState
 .text.UART_WaitOnFlagUntilTimeout
                0x08005934       0xda ./Drivers/STM32G4xx_HAL_Driver/Src/stm32g4xx_hal_uart.o
                0x08005934                UART_WaitOnFlagUntilTimeout
 .text.UART_EndRxTransfer
                0x08005a0e       0xcc ./Drivers/STM32G4xx_HAL_Driver/Src/stm32g4xx_hal_uart.o
 *fill*         0x08005ada        0x2 
 .text.std      0x08005adc       0x6c C:/ST/STM32CubeIDE_1.19.0/STM32CubeIDE/plugins/com.st.stm32cube.ide.mcu.externaltools.gnu-tools-for-stm32.13.3.rel1.win32_1.0.100.202509120712/tools/bin/../lib/gcc/arm-none-eabi/13.3.1/../../../../arm-none-eabi/lib/thumb/v7e-m+fp/hard\libc_nano.a(libc_a-findfp.o)
 .text.stdio_exit_handler
                0x08005b48       0x18 C:/ST/STM32CubeIDE_1.19.0/STM32CubeIDE/plugins/com.st.stm32cube.ide.mcu.externaltools.gnu-tools-for-stm32.13.3.rel1.win32_1.0.100.202509120712/tools/bin/../lib/gcc/arm-none-eabi/13.3.1/../../../../arm-none-eabi/lib/thumb/v7e-m+fp/hard\libc_nano.a(libc_a-findfp.o)
 .text.cleanup_stdio
                0x08005b60       0x40 C:/ST/STM32CubeIDE_1.19.0/STM32CubeIDE/plugins/com.st.stm32cube.ide.mcu.externaltools.gnu-tools-for-stm32.13.3.rel1.win32_1.0.100.202509120712/tools/bin/../lib/gcc/arm-none-eabi/13.3.1/../../../../arm-none-eabi/lib/thumb/v7e-m+fp/hard\libc_nano.a(libc_a-findfp.o)
 .text.global_stdio_init.part.0
                0x08005ba0       0x3c C:/ST/STM32CubeIDE_1.19.0/STM32CubeIDE/plugins/com.st.stm32cube.ide.mcu.externaltools.gnu-tools-for-stm32.13.3.rel1.win32_1.0.100.202509120712/tools/bin/../lib/gcc/arm-none-eabi/13.3.1/../../../../arm-none-eabi/lib/thumb/v7e-m+fp/hard\libc_nano.a(libc_a-findfp.o)
 .text.__sfp_lock_acquire
                0x08005bdc        0xc C:/ST/STM32CubeIDE_1.19.0/STM32CubeIDE/plugins/com.st.stm32cube.ide.mcu.externaltools.gnu-tools-for-stm32.13.3.rel1.win32_1.0.100.202509120712/tools/bin/../lib/gcc/arm-none-eabi/13.3.1/../../../../arm-none-eabi/lib/thumb/v7e-m+fp/hard\libc_nano.a(libc_a-findfp.o)
                0x08005bdc                __sfp_lock_acquire
 .text.__sfp_lock_release
                0x08005be8        0xc C:/ST/STM32CubeIDE_1.19.0/STM32CubeIDE/plugins/com.st.stm32cube.ide.mcu.externaltools.gnu-tools-for-stm32.13.3.rel1.win32_1.0.100.202509120712/tools/bin/../lib/gcc/arm-none-eabi/13.3.1/../../../../arm-none-eabi/lib/thumb/v7e-m+fp/hard\libc_nano.a(libc_a-findfp.o)
                0x08005be8                __sfp_lock_release
 .text.__sinit  0x08005bf4       0x30 C:/ST/STM32CubeIDE_1.19.0/STM32CubeIDE/plugins/com.st.stm32cube.ide.mcu.externaltools.gnu-tools-for-stm32.13.3.rel1.win32_1.0.100.202509120712/tools/bin/../lib/gcc/arm-none-eabi/13.3.1/../../../../arm-none-eabi/lib/thumb/v7e-m+fp/hard\libc_nano.a(libc_a-findfp.o)
                0x08005bf4                __sinit
 .text._fwalk_sglue
                0x08005c24       0x3c C:/ST/STM32CubeIDE_1.19.0/STM32CubeIDE/plugins/com.st.stm32cube.ide.mcu.externaltools.gnu-tools-for-stm32.13.3.rel1.win32_1.0.100.202509120712/tools/bin/../lib/gcc/arm-none-eabi/13.3.1/../../../../arm-none-eabi/lib/thumb/v7e-m+fp/hard\libc_nano.a(libc_a-fwalk.o)
                0x08005c24                _fwalk_sglue
 .text.printf   0x08005c60       0x24 C:/ST/STM32CubeIDE_1.19.0/STM32CubeIDE/plugins/com.st.stm32cube.ide.mcu.externaltools.gnu-tools-for-stm32.13.3.rel1.win32_1.0.100.202509120712/tools/bin/../lib/gcc/arm-none-eabi/13.3.1/../../../../arm-none-eabi/lib/thumb/v7e-m+fp/hard\libc_nano.a(libc_a-printf.o)
                0x08005c60                iprintf
                0x08005c60                printf
 .text.__sread  0x08005c84       0x22 C:/ST/STM32CubeIDE_1.19.0/STM32CubeIDE/plugins/com.st.stm32cube.ide.mcu.externaltools.gnu-tools-for-stm32.13.3.rel1.win32_1.0.100.202509120712/tools/bin/../lib/gcc/arm-none-eabi/13.3.1/../../../../arm-none-eabi/lib/thumb/v7e-m+fp/hard\libc_nano.a(libc_a-stdio.o)
                0x08005c84                __sread
 .text.__swrite
                0x08005ca6       0x38 C:/ST/STM32CubeIDE_1.19.0/STM32CubeIDE/plugins/com.st.stm32cube.ide.mcu.externaltools.gnu-tools-for-stm32.13.3.rel1.win32_1.0.100.202509120712/tools/bin/../lib/gcc/arm-none-eabi/13.3.1/../../../../arm-none-eabi/lib/thumb/v7e-m+fp/hard\libc_nano.a(libc_a-stdio.o)
                0x08005ca6                __swrite
 .text.__sseek  0x08005cde       0x24 C:/ST/STM32CubeIDE_1.19.0/STM32CubeIDE/plugins/com.st.stm32cube.ide.mcu.externaltools.gnu-tools-for-stm32.13.3.rel1.win32_1.0.100.202509120712/tools/bin/../lib/gcc/arm-none-eabi/13.3.1/../../../../arm-none-eabi/lib/thumb/v7e-m+fp/hard\libc_nano.a(libc_a-stdio.o)
                0x08005cde                __sseek
 .text.__sclose
                0x08005d02        0x8 C:/ST/STM32CubeIDE_1.19.0/STM32CubeIDE/plugins/com.st.stm32cube.ide.mcu.externaltools.gnu-tools-for-stm32.13.3.rel1.win32_1.0.100.202509120712/tools/bin/../lib/gcc/arm-none-eabi/13.3.1/../../../../arm-none-eabi/lib/thumb/v7e-m+fp/hard\libc_nano.a(libc_a-stdio.o)
                0x08005d02                __sclose
 .text.memset   0x08005d0a       0x10 C:/ST/STM32CubeIDE_1.19.0/STM32CubeIDE/plugins/com.st.stm32cube.ide.mcu.externaltools.gnu-tools-for-stm32.13.3.rel1.win32_1.0.100.202509120712/tools/bin/../lib/gcc/arm-none-eabi/13.3.1/../../../../arm-none-eabi/lib/thumb/v7e-m+fp/hard\libc_nano.a(libc_a-memset.o)
                0x08005d0a                memset
 *fill*         0x08005d1a        0x2 
 .text._close_r
                0x08005d1c       0x20 C:/ST/STM32CubeIDE_1.19.0/STM32CubeIDE/plugins/com.st.stm32cube.ide.mcu.externaltools.gnu-tools-for-stm32.13.3.rel1.win32_1.0.100.202509120712/tools/bin/../lib/gcc/arm-none-eabi/13.3.1/../../../../arm-none-eabi/lib/thumb/v7e-m+fp/hard\libc_nano.a(libc_a-closer.o)
                0x08005d1c                _close_r
 .text._lseek_r
                0x08005d3c       0x24 C:/ST/STM32CubeIDE_1.19.0/STM32CubeIDE/plugins/com.st.stm32cube.ide.mcu.externaltools.gnu-tools-for-stm32.13.3.rel1.win32_1.0.100.202509120712/tools/bin/../lib/gcc/arm-none-eabi/13.3.1/../../../../arm-none-eabi/lib/thumb/v7e-m+fp/hard\libc_nano.a(libc_a-lseekr.o)
                0x08005d3c                _lseek_r
 .text._read_r  0x08005d60       0x24 C:/ST/STM32CubeIDE_1.19.0/STM32CubeIDE/plugins/com.st.stm32cube.ide.mcu.externaltools.gnu-tools-for-stm32.13.3.rel1.win32_1.0.100.202509120712/tools/bin/../lib/gcc/arm-none-eabi/13.3.1/../../../../arm-none-eabi/lib/thumb/v7e-m+fp/hard\libc_nano.a(libc_a-readr.o)
                0x08005d60                _read_r
 .text._write_r
                0x08005d84       0x24 C:/ST/STM32CubeIDE_1.19.0/STM32CubeIDE/plugins/com.st.stm32cube.ide.mcu.externaltools.gnu-tools-for-stm32.13.3.rel1.win32_1.0.100.202509120712/tools/bin/../lib/gcc/arm-none-eabi/13.3.1/../../../../arm-none-eabi/lib/thumb/v7e-m+fp/hard\libc_nano.a(libc_a-writer.o)
                0x08005d84                _write_r
 .text.__errno  0x08005da8        0xc C:/ST/STM32CubeIDE_1.19.0/STM32CubeIDE/plugins/com.st.stm32cube.ide.mcu.externaltools.gnu-tools-for-stm32.13.3.rel1.win32_1.0.100.202509120712/tools/bin/../lib/gcc/arm-none-eabi/13.3.1/../../../../arm-none-eabi/lib/thumb/v7e-m+fp/hard\libc_nano.a(libc_a-errno.o)
                0x08005da8                __errno
 .text.__libc_init_array
                0x08005db4       0x48 C:/ST/STM32CubeIDE_1.19.0/STM32CubeIDE/plugins/com.st.stm32cube.ide.mcu.externaltools.gnu-tools-for-stm32.13.3.rel1.win32_1.0.100.202509120712/tools/bin/../lib/gcc/arm-none-eabi/13.3.1/../../../../arm-none-eabi/lib/thumb/v7e-m+fp/hard\libc_nano.a(libc_a-init.o)
                0x08005db4                __libc_init_array
 .text.__retarget_lock_init_recursive
                0x08005dfc        0x2 C:/ST/STM32CubeIDE_1.19.0/STM32CubeIDE/plugins/com.st.stm32cube.ide.mcu.externaltools.gnu-tools-for-stm32.13.3.rel1.win32_1.0.100.202509120712/tools/bin/../lib/gcc/arm-none-eabi/13.3.1/../../../../arm-none-eabi/lib/thumb/v7e-m+fp/hard\libc_nano.a(libc_a-lock.o)
                0x08005dfc                __retarget_lock_init_recursive
 .text.__retarget_lock_acquire_recursive
                0x08005dfe        0x2 C:/ST/STM32CubeIDE_1.19.0/STM32CubeIDE/plugins/com.st.stm32cube.ide.mcu.externaltools.gnu-tools-for-stm32.13.3.rel1.win32_1.0.100.202509120712/tools/bin/../lib/gcc/arm-none-eabi/13.3.1/../../../../arm-none-eabi/lib/thumb/v7e-m+fp/hard\libc_nano.a(libc_a-lock.o)
                0x08005dfe                __retarget_lock_acquire_recursive
 .text.__retarget_lock_release_recursive
                0x08005e00        0x2 C:/ST/STM32CubeIDE_1.19.0/STM32CubeIDE/plugins/com.st.stm32cube.ide.mcu.externaltools.gnu-tools-for-stm32.13.3.rel1.win32_1.0.100.202509120712/tools/bin/../lib/gcc/arm-none-eabi/13.3.1/../../../../arm-none-eabi/lib/thumb/v7e-m+fp/hard\libc_nano.a(libc_a-lock.o)
                0x08005e00                __retarget_lock_release_recursive
 *fill*         0x08005e02        0x2 
 .text._free_r  0x08005e04       0x94 C:/ST/STM32CubeIDE_1.19.0/STM32CubeIDE/plugins/com.st.stm32cube.ide.mcu.externaltools.gnu-tools-for-stm32.13.3.rel1.win32_1.0.100.202509120712/tools/bin/../lib/gcc/arm-none-eabi/13.3.1/../../../../arm-none-eabi/lib/thumb/v7e-m+fp/hard\libc_nano.a(libc_a-freer.o)
                0x08005e04                _free_r
 .text.sbrk_aligned
                0x08005e98       0x44 C:/ST/STM32CubeIDE_1.19.0/STM32CubeIDE/plugins/com.st.stm32cube.ide.mcu.externaltools.gnu-tools-for-stm32.13.3.rel1.win32_1.0.100.202509120712/tools/bin/../lib/gcc/arm-none-eabi/13.3.1/../../../../arm-none-eabi/lib/thumb/v7e-m+fp/hard\libc_nano.a(libc_a-mallocr.o)
 .text._malloc_r
                0x08005edc      0x100 C:/ST/STM32CubeIDE_1.19.0/STM32CubeIDE/plugins/com.st.stm32cube.ide.mcu.externaltools.gnu-tools-for-stm32.13.3.rel1.win32_1.0.100.202509120712/tools/bin/../lib/gcc/arm-none-eabi/13.3.1/../../../../arm-none-eabi/lib/thumb/v7e-m+fp/hard\libc_nano.a(libc_a-mallocr.o)
                0x08005edc                _malloc_r
 .text.__malloc_lock
                0x08005fdc        0xc C:/ST/STM32CubeIDE_1.19.0/STM32CubeIDE/plugins/com.st.stm32cube.ide.mcu.externaltools.gnu-tools-for-stm32.13.3.rel1.win32_1.0.100.202509120712/tools/bin/../lib/gcc/arm-none-eabi/13.3.1/../../../../arm-none-eabi/lib/thumb/v7e-m+fp/hard\libc_nano.a(libc_a-mlock.o)
                0x08005fdc                __malloc_lock
 .text.__malloc_unlock
                0x08005fe8        0xc C:/ST/STM32CubeIDE_1.19.0/STM32CubeIDE/plugins/com.st.stm32cube.ide.mcu.externaltools.gnu-tools-for-stm32.13.3.rel1.win32_1.0.100.202509120712/tools/bin/../lib/gcc/arm-none-eabi/13.3.1/../../../../arm-none-eabi/lib/thumb/v7e-m+fp/hard\libc_nano.a(libc_a-mlock.o)
                0x08005fe8                __malloc_unlock
 .text.__sfputc_r
                0x08005ff4       0x2e C:/ST/STM32CubeIDE_1.19.0/STM32CubeIDE/plugins/com.st.stm32cube.ide.mcu.externaltools.gnu-tools-for-stm32.13.3.rel1.win32_1.0.100.202509120712/tools/bin/../lib/gcc/arm-none-eabi/13.3.1/../../../../arm-none-eabi/lib/thumb/v7e-m+fp/hard\libc_nano.a(libc_a-nano-vfprintf.o)
 .text.__sfputs_r
                0x08006022       0x24 C:/ST/STM32CubeIDE_1.19.0/STM32CubeIDE/plugins/com.st.stm32cube.ide.mcu.externaltools.gnu-tools-for-stm32.13.3.rel1.win32_1.0.100.202509120712/tools/bin/../lib/gcc/arm-none-eabi/13.3.1/../../../../arm-none-eabi/lib/thumb/v7e-m+fp/hard\libc_nano.a(libc_a-nano-vfprintf.o)
                0x08006022                __sfputs_r
 *fill*         0x08006046        0x2 
 .text._vfprintf_r
                0x08006048      0x230 C:/ST/STM32CubeIDE_1.19.0/STM32CubeIDE/plugins/com.st.stm32cube.ide.mcu.externaltools.gnu-tools-for-stm32.13.3.rel1.win32_1.0.100.202509120712/tools/bin/../lib/gcc/arm-none-eabi/13.3.1/../../../../arm-none-eabi/lib/thumb/v7e-m+fp/hard\libc_nano.a(libc_a-nano-vfprintf.o)
                0x08006048                _vfprintf_r
                0x08006048                _vfiprintf_r
 .text._printf_common
                0x08006278       0xda C:/ST/STM32CubeIDE_1.19.0/STM32CubeIDE/plugins/com.st.stm32cube.ide.mcu.externaltools.gnu-tools-for-stm32.13.3.rel1.win32_1.0.100.202509120712/tools/bin/../lib/gcc/arm-none-eabi/13.3.1/../../../../arm-none-eabi/lib/thumb/v7e-m+fp/hard\libc_nano.a(libc_a-nano-vfprintf_i.o)
                0x08006278                _printf_common
 *fill*         0x08006352        0x2 
 .text._printf_i
                0x08006354      0x23c C:/ST/STM32CubeIDE_1.19.0/STM32CubeIDE/plugins/com.st.stm32cube.ide.mcu.externaltools.gnu-tools-for-stm32.13.3.rel1.win32_1.0.100.202509120712/tools/bin/../lib/gcc/arm-none-eabi/13.3.1/../../../../arm-none-eabi/lib/thumb/v7e-m+fp/hard\libc_nano.a(libc_a-nano-vfprintf_i.o)
                0x08006354                _printf_i
 .text.__sflush_r
                0x08006590      0x108 C:/ST/STM32CubeIDE_1.19.0/STM32CubeIDE/plugins/com.st.stm32cube.ide.mcu.externaltools.gnu-tools-for-stm32.13.3.rel1.win32_1.0.100.202509120712/tools/bin/../lib/gcc/arm-none-eabi/13.3.1/../../../../arm-none-eabi/lib/thumb/v7e-m+fp/hard\libc_nano.a(libc_a-fflush.o)
                0x08006590                __sflush_r
 .text._fflush_r
                0x08006698       0x50 C:/ST/STM32CubeIDE_1.19.0/STM32CubeIDE/plugins/com.st.stm32cube.ide.mcu.externaltools.gnu-tools-for-stm32.13.3.rel1.win32_1.0.100.202509120712/tools/bin/../lib/gcc/arm-none-eabi/13.3.1/../../../../arm-none-eabi/lib/thumb/v7e-m+fp/hard\libc_nano.a(libc_a-fflush.o)
                0x08006698                _fflush_r
 .text.__swbuf_r
                0x080066e8       0x7c C:/ST/STM32CubeIDE_1.19.0/STM32CubeIDE/plugins/com.st.stm32cube.ide.mcu.externaltools.gnu-tools-for-stm32.13.3.rel1.win32_1.0.100.202509120712/tools/bin/../lib/gcc/arm-none-eabi/13.3.1/../../../../arm-none-eabi/lib/thumb/v7e-m+fp/hard\libc_nano.a(libc_a-wbuf.o)
                0x080066e8                __swbuf_r
 .text.__swsetup_r
                0x08006764       0xac C:/ST/STM32CubeIDE_1.19.0/STM32CubeIDE/plugins/com.st.stm32cube.ide.mcu.externaltools.gnu-tools-for-stm32.13.3.rel1.win32_1.0.100.202509120712/tools/bin/../lib/gcc/arm-none-eabi/13.3.1/../../../../arm-none-eabi/lib/thumb/v7e-m+fp/hard\libc_nano.a(libc_a-wsetup.o)
                0x08006764                __swsetup_r
 .text._sbrk_r  0x08006810       0x20 C:/ST/STM32CubeIDE_1.19.0/STM32CubeIDE/plugins/com.st.stm32cube.ide.mcu.externaltools.gnu-tools-for-stm32.13.3.rel1.win32_1.0.100.202509120712/tools/bin/../lib/gcc/arm-none-eabi/13.3.1/../../../../arm-none-eabi/lib/thumb/v7e-m+fp/hard\libc_nano.a(libc_a-sbrkr.o)
                0x08006810                _sbrk_r
 .text.__swhatbuf_r
                0x08006830       0x4c C:/ST/STM32CubeIDE_1.19.0/STM32CubeIDE/plugins/com.st.stm32cube.ide.mcu.externaltools.gnu-tools-for-stm32.13.3.rel1.win32_1.0.100.202509120712/tools/bin/../lib/gcc/arm-none-eabi/13.3.1/../../../../arm-none-eabi/lib/thumb/v7e-m+fp/hard\libc_nano.a(libc_a-makebuf.o)
                0x08006830                __swhatbuf_r
 .text.__smakebuf_r
                0x0800687c       0x78 C:/ST/STM32CubeIDE_1.19.0/STM32CubeIDE/plugins/com.st.stm32cube.ide.mcu.externaltools.gnu-tools-for-stm32.13.3.rel1.win32_1.0.100.202509120712/tools/bin/../lib/gcc/arm-none-eabi/13.3.1/../../../../arm-none-eabi/lib/thumb/v7e-m+fp/hard\libc_nano.a(libc_a-makebuf.o)
                0x0800687c                __smakebuf_r
 .text._fstat_r
                0x080068f4       0x24 C:/ST/STM32CubeIDE_1.19.0/STM32CubeIDE/plugins/com.st.stm32cube.ide.mcu.externaltools.gnu-tools-for-stm32.13.3.rel1.win32_1.0.100.202509120712/tools/bin/../lib/gcc/arm-none-eabi/13.3.1/../../../../arm-none-eabi/lib/thumb/v7e-m+fp/hard\libc_nano.a(libc_a-fstatr.o)
                0x080068f4                _fstat_r
 .text._isatty_r
                0x08006918       0x20 C:/ST/STM32CubeIDE_1.19.0/STM32CubeIDE/plugins/com.st.stm32cube.ide.mcu.externaltools.gnu-tools-for-stm32.13.3.rel1.win32_1.0.100.202509120712/tools/bin/../lib/gcc/arm-none-eabi/13.3.1/../../../../arm-none-eabi/lib/thumb/v7e-m+fp/hard\libc_nano.a(libc_a-isattyr.o)
                0x08006918                _isatty_r
 *(.glue_7)
 .glue_7        0x08006938        0x0 linker stubs
 *(.glue_7t)
 .glue_7t       0x08006938        0x0 linker stubs
 *(.eh_frame)
 .eh_frame      0x08006938        0x0 C:/ST/STM32CubeIDE_1.19.0/STM32CubeIDE/plugins/com.st.stm32cube.ide.mcu.externaltools.gnu-tools-for-stm32.13.3.rel1.win32_1.0.100.202509120712/tools/bin/../lib/gcc/arm-none-eabi/13.3.1/thumb/v7e-m+fp/hard/crtbegin.o
 *(.init)
 .init          0x08006938        0x4 C:/ST/STM32CubeIDE_1.19.0/STM32CubeIDE/plugins/com.st.stm32cube.ide.mcu.externaltools.gnu-tools-for-stm32.13.3.rel1.win32_1.0.100.202509120712/tools/bin/../lib/gcc/arm-none-eabi/13.3.1/thumb/v7e-m+fp/hard/crti.o
                0x08006938                _init
 .init          0x0800693c        0x8 C:/ST/STM32CubeIDE_1.19.0/STM32CubeIDE/plugins/com.st.stm32cube.ide.mcu.externaltools.gnu-tools-for-stm32.13.3.rel1.win32_1.0.100.202509120712/tools/bin/../lib/gcc/arm-none-eabi/13.3.1/thumb/v7e-m+fp/hard/crtn.o
 *(.fini)
 .fini          0x08006944        0x4 C:/ST/STM32CubeIDE_1.19.0/STM32CubeIDE/plugins/com.st.stm32cube.ide.mcu.externaltools.gnu-tools-for-stm32.13.3.rel1.win32_1.0.100.202509120712/tools/bin/../lib/gcc/arm-none-eabi/13.3.1/thumb/v7e-m+fp/hard/crti.o
                0x08006944                _fini
 .fini          0x08006948        0x8 C:/ST/STM32CubeIDE_1.19.0/STM32CubeIDE/plugins/com.st.stm32cube.ide.mcu.externaltools.gnu-tools-for-stm32.13.3.rel1.win32_1.0.100.202509120712/tools/bin/../lib/gcc/arm-none-eabi/13.3.1/thumb/v7e-m+fp/hard/crtn.o
                0x08006950                        . = ALIGN (0x4)
                0x08006950                        _etext = .

.vfp11_veneer   0x08006950        0x0
 .vfp11_veneer  0x08006950        0x0 linker stubs

.v4_bx          0x08006950        0x0
 .v4_bx         0x08006950        0x0 linker stubs

.iplt           0x08006950        0x0
 .iplt          0x08006950        0x0 C:/ST/STM32CubeIDE_1.19.0/STM32CubeIDE/plugins/com.st.stm32cube.ide.mcu.externaltools.gnu-tools-for-stm32.13.3.rel1.win32_1.0.100.202509120712/tools/bin/../lib/gcc/arm-none-eabi/13.3.1/thumb/v7e-m+fp/hard/crtbegin.o

.rodata         0x08006950       0xd4
                0x08006950                        . = ALIGN (0x4)
 *(.rodata)
 .rodata        0x08006950       0x6d ./Core/Src/setup.o
 *(.rodata*)
 *fill*         0x080069bd        0x3 
 .rodata.AHBPrescTable
                0x080069c0       0x10 ./Core/Src/system_stm32g4xx.o
                0x080069c0                AHBPrescTable
 .rodata.APBPrescTable
                0x080069d0        0x8 ./Core/Src/system_stm32g4xx.o
                0x080069d0                APBPrescTable
 .rodata.UARTPrescTable
                0x080069d8       0x18 ./Drivers/STM32G4xx_HAL_Driver/Src/stm32g4xx_hal_uart.o
                0x080069d8                UARTPrescTable
 .rodata._vfprintf_r.str1.1
                0x080069f0       0x33 C:/ST/STM32CubeIDE_1.19.0/STM32CubeIDE/plugins/com.st.stm32cube.ide.mcu.externaltools.gnu-tools-for-stm32.13.3.rel1.win32_1.0.100.202509120712/tools/bin/../lib/gcc/arm-none-eabi/13.3.1/../../../../arm-none-eabi/lib/thumb/v7e-m+fp/hard\libc_nano.a(libc_a-nano-vfprintf.o)
                                 0x11 (size before relaxing)
 .rodata._printf_i.str1.1
                0x08006a23        0x0 C:/ST/STM32CubeIDE_1.19.0/STM32CubeIDE/plugins/com.st.stm32cube.ide.mcu.externaltools.gnu-tools-for-stm32.13.3.rel1.win32_1.0.100.202509120712/tools/bin/../lib/gcc/arm-none-eabi/13.3.1/../../../../arm-none-eabi/lib/thumb/v7e-m+fp/hard\libc_nano.a(libc_a-nano-vfprintf_i.o)
                                 0x22 (size before relaxing)
                0x08006a24                        . = ALIGN (0x4)
 *fill*         0x08006a23        0x1 

.ARM.extab      0x08006a24        0x0
                0x08006a24                        . = ALIGN (0x4)
 *(.ARM.extab* .gnu.linkonce.armextab.*)
                0x08006a24                        . = ALIGN (0x4)

.ARM            0x08006a24        0x8
                0x08006a24                        . = ALIGN (0x4)
                0x08006a24                        __exidx_start = .
 *(.ARM.exidx*)
 .ARM.exidx     0x08006a24        0x8 C:/ST/STM32CubeIDE_1.19.0/STM32CubeIDE/plugins/com.st.stm32cube.ide.mcu.externaltools.gnu-tools-for-stm32.13.3.rel1.win32_1.0.100.202509120712/tools/bin/../lib/gcc/arm-none-eabi/13.3.1/../../../../arm-none-eabi/lib/thumb/v7e-m+fp/hard\libc_nano.a(libc_a-memchr.o)
 .ARM.exidx     0x08006a2c        0x0 C:/ST/STM32CubeIDE_1.19.0/STM32CubeIDE/plugins/com.st.stm32cube.ide.mcu.externaltools.gnu-tools-for-stm32.13.3.rel1.win32_1.0.100.202509120712/tools/bin/../lib/gcc/arm-none-eabi/13.3.1/thumb/v7e-m+fp/hard\libgcc.a(_udivmoddi4.o)
                                  0x8 (size before relaxing)
                0x08006a2c                        __exidx_end = .
                0x08006a2c                        . = ALIGN (0x4)

.preinit_array  0x08006a2c        0x0
                0x08006a2c                        . = ALIGN (0x4)
                0x08006a2c                        PROVIDE (__preinit_array_start = .)
 *(.preinit_array*)
                0x08006a2c                        PROVIDE (__preinit_array_end = .)
                0x08006a2c                        . = ALIGN (0x4)

.init_array     0x08006a2c        0x4
                0x08006a2c                        . = ALIGN (0x4)
                0x08006a2c                        PROVIDE (__init_array_start = .)
 *(SORT_BY_NAME(.init_array.*))
 *(.init_array*)
 .init_array    0x08006a2c        0x4 C:/ST/STM32CubeIDE_1.19.0/STM32CubeIDE/plugins/com.st.stm32cube.ide.mcu.externaltools.gnu-tools-for-stm32.13.3.rel1.win32_1.0.100.202509120712/tools/bin/../lib/gcc/arm-none-eabi/13.3.1/thumb/v7e-m+fp/hard/crtbegin.o
                0x08006a30                        PROVIDE (__init_array_end = .)
                0x08006a30                        . = ALIGN (0x4)

.fini_array     0x08006a30        0x4
                0x08006a30                        . = ALIGN (0x4)
                [!provide]                        PROVIDE (__fini_array_start = .)
 *(SORT_BY_NAME(.fini_array.*))
 *(.fini_array*)
 .fini_array    0x08006a30        0x4 C:/ST/STM32CubeIDE_1.19.0/STM32CubeIDE/plugins/com.st.stm32cube.ide.mcu.externaltools.gnu-tools-for-stm32.13.3.rel1.win32_1.0.100.202509120712/tools/bin/../lib/gcc/arm-none-eabi/13.3.1/thumb/v7e-m+fp/hard/crtbegin.o
                [!provide]                        PROVIDE (__fini_array_end = .)
                0x08006a34                        . = ALIGN (0x4)
                0x08006a34                        _sidata = LOADADDR (.data)

.rel.dyn        0x08006a34        0x0
 .rel.iplt      0x08006a34        0x0 C:/ST/STM32CubeIDE_1.19.0/STM32CubeIDE/plugins/com.st.stm32cube.ide.mcu.externaltools.gnu-tools-for-stm32.13.3.rel1.win32_1.0.100.202509120712/tools/bin/../lib/gcc/arm-none-eabi/13.3.1/thumb/v7e-m+fp/hard/crtbegin.o

.data           0x20000000       0xd0 load address 0x08006a34
                0x20000000                        . = ALIGN (0x4)
                0x20000000                        _sdata = .
 *(.data)
 *(.data*)
 .data.SystemCoreClock
                0x20000000        0x4 ./Core/Src/system_stm32g4xx.o
                0x20000000                SystemCoreClock
 .data.ILI9341_LCD_Driver
                0x20000004       0x50 ./Drivers/BSP/Components/ili9341/ili9341.o
                0x20000004                ILI9341_LCD_Driver
 .data.OrientationTab
                0x20000054       0x10 ./Drivers/BSP/Components/ili9341/ili9341.o
 .data.LED_PORT
                0x20000064        0x4 ./Drivers/BSP/STM32G4xx_Nucleo/stm32g4xx_nucleo.o
 .data.COM_USART
                0x20000068        0x4 ./Drivers/BSP/STM32G4xx_Nucleo/stm32g4xx_nucleo.o
 .data.uwTickPrio
                0x2000006c        0x4 ./Drivers/STM32G4xx_HAL_Driver/Src/stm32g4xx_hal.o
                0x2000006c                uwTickPrio
 .data.uwTickFreq
                0x20000070        0x4 ./Drivers/STM32G4xx_HAL_Driver/Src/stm32g4xx_hal.o
                0x20000070                uwTickFreq
 .data.__sglue  0x20000074        0xc C:/ST/STM32CubeIDE_1.19.0/STM32CubeIDE/plugins/com.st.stm32cube.ide.mcu.externaltools.gnu-tools-for-stm32.13.3.rel1.win32_1.0.100.202509120712/tools/bin/../lib/gcc/arm-none-eabi/13.3.1/../../../../arm-none-eabi/lib/thumb/v7e-m+fp/hard\libc_nano.a(libc_a-findfp.o)
                0x20000074                __sglue
 .data._impure_ptr
                0x20000080        0x4 C:/ST/STM32CubeIDE_1.19.0/STM32CubeIDE/plugins/com.st.stm32cube.ide.mcu.externaltools.gnu-tools-for-stm32.13.3.rel1.win32_1.0.100.202509120712/tools/bin/../lib/gcc/arm-none-eabi/13.3.1/../../../../arm-none-eabi/lib/thumb/v7e-m+fp/hard\libc_nano.a(libc_a-impure.o)
                0x20000080                _impure_ptr
 .data._impure_data
                0x20000084       0x4c C:/ST/STM32CubeIDE_1.19.0/STM32CubeIDE/plugins/com.st.stm32cube.ide.mcu.externaltools.gnu-tools-for-stm32.13.3.rel1.win32_1.0.100.202509120712/tools/bin/../lib/gcc/arm-none-eabi/13.3.1/../../../../arm-none-eabi/lib/thumb/v7e-m+fp/hard\libc_nano.a(libc_a-impure.o)
                0x20000084                _impure_data
 *(.RamFunc)
 *(.RamFunc*)
                0x200000d0                        . = ALIGN (0x4)
                0x200000d0                        _edata = .

.igot.plt       0x200000d0        0x0 load address 0x08006b04
 .igot.plt      0x200000d0        0x0 C:/ST/STM32CubeIDE_1.19.0/STM32CubeIDE/plugins/com.st.stm32cube.ide.mcu.externaltools.gnu-tools-for-stm32.13.3.rel1.win32_1.0.100.202509120712/tools/bin/../lib/gcc/arm-none-eabi/13.3.1/thumb/v7e-m+fp/hard/crtbegin.o
                0x200000d0                        . = ALIGN (0x4)

.bss            0x200000d0      0x3d8 load address 0x08006b04
                0x200000d0                        _sbss = .
                0x200000d0                        __bss_start__ = _sbss
 *(.bss)
 .bss           0x200000d0       0x1c C:/ST/STM32CubeIDE_1.19.0/STM32CubeIDE/plugins/com.st.stm32cube.ide.mcu.externaltools.gnu-tools-for-stm32.13.3.rel1.win32_1.0.100.202509120712/tools/bin/../lib/gcc/arm-none-eabi/13.3.1/thumb/v7e-m+fp/hard/crtbegin.o
 *(.bss*)
 .bss.BspCOMInit
                0x200000ec       0x10 ./Core/Src/main.o
                0x200000ec                BspCOMInit
 .bss.hspi2     0x200000fc       0x64 ./Core/Src/stm32g4xx_nucleo_bus.o
                0x200000fc                hspi2
 .bss.SPI2InitCounter
                0x20000160        0x4 ./Core/Src/stm32g4xx_nucleo_bus.o
 .bss.hdma_spi2_tx
                0x20000164       0x60 ./Core/Src/stm32g4xx_nucleo_bus.o
                0x20000164                hdma_spi2_tx
 .bss.hdma_spi2_rx
                0x200001c4       0x60 ./Core/Src/stm32g4xx_nucleo_bus.o
                0x200001c4                hdma_spi2_rx
 .bss.__sbrk_heap_end
                0x20000224        0x4 ./Core/Src/sysmem.o
 .bss.LcdCompObj
                0x20000228        0x4 ./DISPLAY/Target/lcd_io.o
 .bss.LcdDrv    0x2000022c        0x4 ./DISPLAY/Target/lcd_io.o
 .bss.IOCtx     0x20000230       0x2c ./DISPLAY/Target/lcd_io.o
 .bss.ObjCtx    0x2000025c       0x54 ./DISPLAY/Target/lcd_io.o
 .bss.lcd_sem   0x200002b0        0x1 ./DISPLAY/Target/lcd_os.o
 *fill*         0x200002b1        0x3 
 .bss.ILI9341Ctx
                0x200002b4        0xc ./Drivers/BSP/Components/ili9341/ili9341.o
 .bss.hcom_uart
                0x200002c0       0x94 ./Drivers/BSP/STM32G4xx_Nucleo/stm32g4xx_nucleo.o
                0x200002c0                hcom_uart
 .bss.COM_ActiveLogPort
                0x20000354        0x1 ./Drivers/BSP/STM32G4xx_Nucleo/stm32g4xx_nucleo.o
 *fill*         0x20000355        0x3 
 .bss.uwTick    0x20000358        0x4 ./Drivers/STM32G4xx_HAL_Driver/Src/stm32g4xx_hal.o
                0x20000358                uwTick
 .bss.__sf      0x2000035c      0x138 C:/ST/STM32CubeIDE_1.19.0/STM32CubeIDE/plugins/com.st.stm32cube.ide.mcu.externaltools.gnu-tools-for-stm32.13.3.rel1.win32_1.0.100.202509120712/tools/bin/../lib/gcc/arm-none-eabi/13.3.1/../../../../arm-none-eabi/lib/thumb/v7e-m+fp/hard\libc_nano.a(libc_a-findfp.o)
                0x2000035c                __sf
 .bss.__stdio_exit_handler
                0x20000494        0x4 C:/ST/STM32CubeIDE_1.19.0/STM32CubeIDE/plugins/com.st.stm32cube.ide.mcu.externaltools.gnu-tools-for-stm32.13.3.rel1.win32_1.0.100.202509120712/tools/bin/../lib/gcc/arm-none-eabi/13.3.1/../../../../arm-none-eabi/lib/thumb/v7e-m+fp/hard\libc_nano.a(libc_a-findfp.o)
                0x20000494                __stdio_exit_handler
 .bss.errno     0x20000498        0x4 C:/ST/STM32CubeIDE_1.19.0/STM32CubeIDE/plugins/com.st.stm32cube.ide.mcu.externaltools.gnu-tools-for-stm32.13.3.rel1.win32_1.0.100.202509120712/tools/bin/../lib/gcc/arm-none-eabi/13.3.1/../../../../arm-none-eabi/lib/thumb/v7e-m+fp/hard\libc_nano.a(libc_a-reent.o)
                0x20000498                errno
 .bss.__lock___malloc_recursive_mutex
                0x2000049c        0x1 C:/ST/STM32CubeIDE_1.19.0/STM32CubeIDE/plugins/com.st.stm32cube.ide.mcu.externaltools.gnu-tools-for-stm32.13.3.rel1.win32_1.0.100.202509120712/tools/bin/../lib/gcc/arm-none-eabi/13.3.1/../../../../arm-none-eabi/lib/thumb/v7e-m+fp/hard\libc_nano.a(libc_a-lock.o)
                0x2000049c                __lock___malloc_recursive_mutex
 .bss.__lock___sfp_recursive_mutex
                0x2000049d        0x1 C:/ST/STM32CubeIDE_1.19.0/STM32CubeIDE/plugins/com.st.stm32cube.ide.mcu.externaltools.gnu-tools-for-stm32.13.3.rel1.win32_1.0.100.202509120712/tools/bin/../lib/gcc/arm-none-eabi/13.3.1/../../../../arm-none-eabi/lib/thumb/v7e-m+fp/hard\libc_nano.a(libc_a-lock.o)
                0x2000049d                __lock___sfp_recursive_mutex
 *fill*         0x2000049e        0x2 
 .bss.__malloc_sbrk_start
                0x200004a0        0x4 C:/ST/STM32CubeIDE_1.19.0/STM32CubeIDE/plugins/com.st.stm32cube.ide.mcu.externaltools.gnu-tools-for-stm32.13.3.rel1.win32_1.0.100.202509120712/tools/bin/../lib/gcc/arm-none-eabi/13.3.1/../../../../arm-none-eabi/lib/thumb/v7e-m+fp/hard\libc_nano.a(libc_a-mallocr.o)
                0x200004a0                __malloc_sbrk_start
 .bss.__malloc_free_list
                0x200004a4        0x4 C:/ST/STM32CubeIDE_1.19.0/STM32CubeIDE/plugins/com.st.stm32cube.ide.mcu.externaltools.gnu-tools-for-stm32.13.3.rel1.win32_1.0.100.202509120712/tools/bin/../lib/gcc/arm-none-eabi/13.3.1/../../../../arm-none-eabi/lib/thumb/v7e-m+fp/hard\libc_nano.a(libc_a-mallocr.o)
                0x200004a4                __malloc_free_list
 *(COMMON)
                0x200004a8                        . = ALIGN (0x4)
                0x200004a8                        _ebss = .
                0x200004a8                        __bss_end__ = _ebss

._user_heap_stack
                0x200004a8      0x600 load address 0x08006b04
                0x200004a8                        . = ALIGN (0x8)
                [!provide]                        PROVIDE (end = .)
                0x200004a8                        PROVIDE (_end = .)
                0x200006a8                        . = (. + _Min_Heap_Size)
 *fill*         0x200004a8      0x200 
                0x20000aa8                        . = (. + _Min_Stack_Size)
 *fill*         0x200006a8      0x400 
                0x20000aa8                        . = ALIGN (0x8)

/DISCARD/
 libc.a(*)
 libm.a(*)
 libgcc.a(*)

.ARM.attributes
                0x00000000       0x30
 *(.ARM.attributes)
 .ARM.attributes
                0x00000000       0x22 C:/ST/STM32CubeIDE_1.19.0/STM32CubeIDE/plugins/com.st.stm32cube.ide.mcu.externaltools.gnu-tools-for-stm32.13.3.rel1.win32_1.0.100.202509120712/tools/bin/../lib/gcc/arm-none-eabi/13.3.1/thumb/v7e-m+fp/hard/crti.o
 .ARM.attributes
                0x00000022       0x34 C:/ST/STM32CubeIDE_1.19.0/STM32CubeIDE/plugins/com.st.stm32cube.ide.mcu.externaltools.gnu-tools-for-stm32.13.3.rel1.win32_1.0.100.202509120712/tools/bin/../lib/gcc/arm-none-eabi/13.3.1/thumb/v7e-m+fp/hard/crtbegin.o
 .ARM.attributes
                0x00000056       0x34 ./Core/Src/dma.o
 .ARM.attributes
                0x0000008a       0x34 ./Core/Src/gpio.o
 .ARM.attributes
                0x000000be       0x34 ./Core/Src/loop.o
 .ARM.attributes
                0x000000f2       0x34 ./Core/Src/main.o
 .ARM.attributes
                0x00000126       0x34 ./Core/Src/setup.o
 .ARM.attributes
                0x0000015a       0x34 ./Core/Src/stm32g4xx_hal_msp.o
 .ARM.attributes
                0x0000018e       0x34 ./Core/Src/stm32g4xx_it.o
 .ARM.attributes
                0x000001c2       0x34 ./Core/Src/stm32g4xx_nucleo_bus.o
 .ARM.attributes
                0x000001f6       0x34 ./Core/Src/syscalls.o
 .ARM.attributes
                0x0000022a       0x34 ./Core/Src/sysmem.o
 .ARM.attributes
                0x0000025e       0x34 ./Core/Src/system_stm32g4xx.o
 .ARM.attributes
                0x00000292       0x21 ./Core/Startup/startup_stm32g474retx.o
 .ARM.attributes
                0x000002b3       0x34 ./DISPLAY/Target/lcd_io.o
 .ARM.attributes
                0x000002e7       0x34 ./DISPLAY/Target/lcd_os.o
 .ARM.attributes
                0x0000031b       0x34 ./Drivers/BSP/Components/ili9341/ili9341.o
 .ARM.attributes
                0x0000034f       0x34 ./Drivers/BSP/Components/ili9341/ili9341_reg.o
 .ARM.attributes
                0x00000383       0x34 ./Drivers/BSP/STM32G4xx_Nucleo/stm32g4xx_nucleo.o
 .ARM.attributes
                0x000003b7       0x34 ./Drivers/STM32G4xx_HAL_Driver/Src/stm32g4xx_hal.o
 .ARM.attributes
                0x000003eb       0x34 ./Drivers/STM32G4xx_HAL_Driver/Src/stm32g4xx_hal_cortex.o
 .ARM.attributes
                0x0000041f       0x34 ./Drivers/STM32G4xx_HAL_Driver/Src/stm32g4xx_hal_dma.o
 .ARM.attributes
                0x00000453       0x34 ./Drivers/STM32G4xx_HAL_Driver/Src/stm32g4xx_hal_gpio.o
 .ARM.attributes
                0x00000487       0x34 ./Drivers/STM32G4xx_HAL_Driver/Src/stm32g4xx_hal_pwr_ex.o
 .ARM.attributes
                0x000004bb       0x34 ./Drivers/STM32G4xx_HAL_Driver/Src/stm32g4xx_hal_rcc.o
 .ARM.attributes
                0x000004ef       0x34 ./Drivers/STM32G4xx_HAL_Driver/Src/stm32g4xx_hal_spi.o
 .ARM.attributes
                0x00000523       0x34 ./Drivers/STM32G4xx_HAL_Driver/Src/stm32g4xx_hal_uart.o
 .ARM.attributes
                0x00000557       0x34 C:/ST/STM32CubeIDE_1.19.0/STM32CubeIDE/plugins/com.st.stm32cube.ide.mcu.externaltools.gnu-tools-for-stm32.13.3.rel1.win32_1.0.100.202509120712/tools/bin/../lib/gcc/arm-none-eabi/13.3.1/../../../../arm-none-eabi/lib/thumb/v7e-m+fp/hard\libc_nano.a(libc_a-findfp.o)
 .ARM.attributes
                0x0000058b       0x34 C:/ST/STM32CubeIDE_1.19.0/STM32CubeIDE/plugins/com.st.stm32cube.ide.mcu.externaltools.gnu-tools-for-stm32.13.3.rel1.win32_1.0.100.202509120712/tools/bin/../lib/gcc/arm-none-eabi/13.3.1/../../../../arm-none-eabi/lib/thumb/v7e-m+fp/hard\libc_nano.a(libc_a-fwalk.o)
 .ARM.attributes
                0x000005bf       0x34 C:/ST/STM32CubeIDE_1.19.0/STM32CubeIDE/plugins/com.st.stm32cube.ide.mcu.externaltools.gnu-tools-for-stm32.13.3.rel1.win32_1.0.100.202509120712/tools/bin/../lib/gcc/arm-none-eabi/13.3.1/../../../../arm-none-eabi/lib/thumb/v7e-m+fp/hard\libc_nano.a(libc_a-printf.o)
 .ARM.attributes
                0x000005f3       0x34 C:/ST/STM32CubeIDE_1.19.0/STM32CubeIDE/plugins/com.st.stm32cube.ide.mcu.externaltools.gnu-tools-for-stm32.13.3.rel1.win32_1.0.100.202509120712/tools/bin/../lib/gcc/arm-none-eabi/13.3.1/../../../../arm-none-eabi/lib/thumb/v7e-m+fp/hard\libc_nano.a(libc_a-stdio.o)
 .ARM.attributes
                0x00000627       0x34 C:/ST/STM32CubeIDE_1.19.0/STM32CubeIDE/plugins/com.st.stm32cube.ide.mcu.externaltools.gnu-tools-for-stm32.13.3.rel1.win32_1.0.100.202509120712/tools/bin/../lib/gcc/arm-none-eabi/13.3.1/../../../../arm-none-eabi/lib/thumb/v7e-m+fp/hard\libc_nano.a(libc_a-memset.o)
 .ARM.attributes
                0x0000065b       0x34 C:/ST/STM32CubeIDE_1.19.0/STM32CubeIDE/plugins/com.st.stm32cube.ide.mcu.externaltools.gnu-tools-for-stm32.13.3.rel1.win32_1.0.100.202509120712/tools/bin/../lib/gcc/arm-none-eabi/13.3.1/../../../../arm-none-eabi/lib/thumb/v7e-m+fp/hard\libc_nano.a(libc_a-closer.o)
 .ARM.attributes
                0x0000068f       0x34 C:/ST/STM32CubeIDE_1.19.0/STM32CubeIDE/plugins/com.st.stm32cube.ide.mcu.externaltools.gnu-tools-for-stm32.13.3.rel1.win32_1.0.100.202509120712/tools/bin/../lib/gcc/arm-none-eabi/13.3.1/../../../../arm-none-eabi/lib/thumb/v7e-m+fp/hard\libc_nano.a(libc_a-reent.o)
 .ARM.attributes
                0x000006c3       0x34 C:/ST/STM32CubeIDE_1.19.0/STM32CubeIDE/plugins/com.st.stm32cube.ide.mcu.externaltools.gnu-tools-for-stm32.13.3.rel1.win32_1.0.100.202509120712/tools/bin/../lib/gcc/arm-none-eabi/13.3.1/../../../../arm-none-eabi/lib/thumb/v7e-m+fp/hard\libc_nano.a(libc_a-impure.o)
 .ARM.attributes
                0x000006f7       0x34 C:/ST/STM32CubeIDE_1.19.0/STM32CubeIDE/plugins/com.st.stm32cube.ide.mcu.externaltools.gnu-tools-for-stm32.13.3.rel1.win32_1.0.100.202509120712/tools/bin/../lib/gcc/arm-none-eabi/13.3.1/../../../../arm-none-eabi/lib/thumb/v7e-m+fp/hard\libc_nano.a(libc_a-lseekr.o)
 .ARM.attributes
                0x0000072b       0x34 C:/ST/STM32CubeIDE_1.19.0/STM32CubeIDE/plugins/com.st.stm32cube.ide.mcu.externaltools.gnu-tools-for-stm32.13.3.rel1.win32_1.0.100.202509120712/tools/bin/../lib/gcc/arm-none-eabi/13.3.1/../../../../arm-none-eabi/lib/thumb/v7e-m+fp/hard\libc_nano.a(libc_a-readr.o)
 .ARM.attributes
                0x0000075f       0x34 C:/ST/STM32CubeIDE_1.19.0/STM32CubeIDE/plugins/com.st.stm32cube.ide.mcu.externaltools.gnu-tools-for-stm32.13.3.rel1.win32_1.0.100.202509120712/tools/bin/../lib/gcc/arm-none-eabi/13.3.1/../../../../arm-none-eabi/lib/thumb/v7e-m+fp/hard\libc_nano.a(libc_a-writer.o)
 .ARM.attributes
                0x00000793       0x34 C:/ST/STM32CubeIDE_1.19.0/STM32CubeIDE/plugins/com.st.stm32cube.ide.mcu.externaltools.gnu-tools-for-stm32.13.3.rel1.win32_1.0.100.202509120712/tools/bin/../lib/gcc/arm-none-eabi/13.3.1/../../../../arm-none-eabi/lib/thumb/v7e-m+fp/hard\libc_nano.a(libc_a-errno.o)
 .ARM.attributes
                0x000007c7       0x34 C:/ST/STM32CubeIDE_1.19.0/STM32CubeIDE/plugins/com.st.stm32cube.ide.mcu.externaltools.gnu-tools-for-stm32.13.3.rel1.win32_1.0.100.202509120712/tools/bin/../lib/gcc/arm-none-eabi/13.3.1/../../../../arm-none-eabi/lib/thumb/v7e-m+fp/hard\libc_nano.a(libc_a-init.o)
 .ARM.attributes
                0x000007fb       0x34 C:/ST/STM32CubeIDE_1.19.0/STM32CubeIDE/plugins/com.st.stm32cube.ide.mcu.externaltools.gnu-tools-for-stm32.13.3.rel1.win32_1.0.100.202509120712/tools/bin/../lib/gcc/arm-none-eabi/13.3.1/../../../../arm-none-eabi/lib/thumb/v7e-m+fp/hard\libc_nano.a(libc_a-lock.o)
 .ARM.attributes
                0x0000082f       0x34 C:/ST/STM32CubeIDE_1.19.0/STM32CubeIDE/plugins/com.st.stm32cube.ide.mcu.externaltools.gnu-tools-for-stm32.13.3.rel1.win32_1.0.100.202509120712/tools/bin/../lib/gcc/arm-none-eabi/13.3.1/../../../../arm-none-eabi/lib/thumb/v7e-m+fp/hard\libc_nano.a(libc_a-freer.o)
 .ARM.attributes
                0x00000863       0x34 C:/ST/STM32CubeIDE_1.19.0/STM32CubeIDE/plugins/com.st.stm32cube.ide.mcu.externaltools.gnu-tools-for-stm32.13.3.rel1.win32_1.0.100.202509120712/tools/bin/../lib/gcc/arm-none-eabi/13.3.1/../../../../arm-none-eabi/lib/thumb/v7e-m+fp/hard\libc_nano.a(libc_a-mallocr.o)
 .ARM.attributes
                0x00000897       0x34 C:/ST/STM32CubeIDE_1.19.0/STM32CubeIDE/plugins/com.st.stm32cube.ide.mcu.externaltools.gnu-tools-for-stm32.13.3.rel1.win32_1.0.100.202509120712/tools/bin/../lib/gcc/arm-none-eabi/13.3.1/../../../../arm-none-eabi/lib/thumb/v7e-m+fp/hard\libc_nano.a(libc_a-mlock.o)
 .ARM.attributes
                0x000008cb       0x34 C:/ST/STM32CubeIDE_1.19.0/STM32CubeIDE/plugins/com.st.stm32cube.ide.mcu.externaltools.gnu-tools-for-stm32.13.3.rel1.win32_1.0.100.202509120712/tools/bin/../lib/gcc/arm-none-eabi/13.3.1/../../../../arm-none-eabi/lib/thumb/v7e-m+fp/hard\libc_nano.a(libc_a-nano-vfprintf.o)
 .ARM.attributes
                0x000008ff       0x34 C:/ST/STM32CubeIDE_1.19.0/STM32CubeIDE/plugins/com.st.stm32cube.ide.mcu.externaltools.gnu-tools-for-stm32.13.3.rel1.win32_1.0.100.202509120712/tools/bin/../lib/gcc/arm-none-eabi/13.3.1/../../../../arm-none-eabi/lib/thumb/v7e-m+fp/hard\libc_nano.a(libc_a-nano-vfprintf_i.o)
 .ARM.attributes
                0x00000933       0x34 C:/ST/STM32CubeIDE_1.19.0/STM32CubeIDE/plugins/com.st.stm32cube.ide.mcu.externaltools.gnu-tools-for-stm32.13.3.rel1.win32_1.0.100.202509120712/tools/bin/../lib/gcc/arm-none-eabi/13.3.1/../../../../arm-none-eabi/lib/thumb/v7e-m+fp/hard\libc_nano.a(libc_a-fflush.o)
 .ARM.attributes
                0x00000967       0x34 C:/ST/STM32CubeIDE_1.19.0/STM32CubeIDE/plugins/com.st.stm32cube.ide.mcu.externaltools.gnu-tools-for-stm32.13.3.rel1.win32_1.0.100.202509120712/tools/bin/../lib/gcc/arm-none-eabi/13.3.1/../../../../arm-none-eabi/lib/thumb/v7e-m+fp/hard\libc_nano.a(libc_a-wbuf.o)
 .ARM.attributes
                0x0000099b       0x34 C:/ST/STM32CubeIDE_1.19.0/STM32CubeIDE/plugins/com.st.stm32cube.ide.mcu.externaltools.gnu-tools-for-stm32.13.3.rel1.win32_1.0.100.202509120712/tools/bin/../lib/gcc/arm-none-eabi/13.3.1/../../../../arm-none-eabi/lib/thumb/v7e-m+fp/hard\libc_nano.a(libc_a-wsetup.o)
 .ARM.attributes
                0x000009cf       0x34 C:/ST/STM32CubeIDE_1.19.0/STM32CubeIDE/plugins/com.st.stm32cube.ide.mcu.externaltools.gnu-tools-for-stm32.13.3.rel1.win32_1.0.100.202509120712/tools/bin/../lib/gcc/arm-none-eabi/13.3.1/../../../../arm-none-eabi/lib/thumb/v7e-m+fp/hard\libc_nano.a(libc_a-sbrkr.o)
 .ARM.attributes
                0x00000a03       0x1c C:/ST/STM32CubeIDE_1.19.0/STM32CubeIDE/plugins/com.st.stm32cube.ide.mcu.externaltools.gnu-tools-for-stm32.13.3.rel1.win32_1.0.100.202509120712/tools/bin/../lib/gcc/arm-none-eabi/13.3.1/../../../../arm-none-eabi/lib/thumb/v7e-m+fp/hard\libc_nano.a(libc_a-memchr.o)
 .ARM.attributes
                0x00000a1f       0x34 C:/ST/STM32CubeIDE_1.19.0/STM32CubeIDE/plugins/com.st.stm32cube.ide.mcu.externaltools.gnu-tools-for-stm32.13.3.rel1.win32_1.0.100.202509120712/tools/bin/../lib/gcc/arm-none-eabi/13.3.1/../../../../arm-none-eabi/lib/thumb/v7e-m+fp/hard\libc_nano.a(libc_a-makebuf.o)
 .ARM.attributes
                0x00000a53       0x34 C:/ST/STM32CubeIDE_1.19.0/STM32CubeIDE/plugins/com.st.stm32cube.ide.mcu.externaltools.gnu-tools-for-stm32.13.3.rel1.win32_1.0.100.202509120712/tools/bin/../lib/gcc/arm-none-eabi/13.3.1/../../../../arm-none-eabi/lib/thumb/v7e-m+fp/hard\libc_nano.a(libc_a-fstatr.o)
 .ARM.attributes
                0x00000a87       0x34 C:/ST/STM32CubeIDE_1.19.0/STM32CubeIDE/plugins/com.st.stm32cube.ide.mcu.externaltools.gnu-tools-for-stm32.13.3.rel1.win32_1.0.100.202509120712/tools/bin/../lib/gcc/arm-none-eabi/13.3.1/../../../../arm-none-eabi/lib/thumb/v7e-m+fp/hard\libc_nano.a(libc_a-isattyr.o)
 .ARM.attributes
                0x00000abb       0x22 C:/ST/STM32CubeIDE_1.19.0/STM32CubeIDE/plugins/com.st.stm32cube.ide.mcu.externaltools.gnu-tools-for-stm32.13.3.rel1.win32_1.0.100.202509120712/tools/bin/../lib/gcc/arm-none-eabi/13.3.1/thumb/v7e-m+fp/hard\libgcc.a(_aeabi_uldivmod.o)
 .ARM.attributes
                0x00000add       0x34 C:/ST/STM32CubeIDE_1.19.0/STM32CubeIDE/plugins/com.st.stm32cube.ide.mcu.externaltools.gnu-tools-for-stm32.13.3.rel1.win32_1.0.100.202509120712/tools/bin/../lib/gcc/arm-none-eabi/13.3.1/thumb/v7e-m+fp/hard\libgcc.a(_udivmoddi4.o)
 .ARM.attributes
                0x00000b11       0x22 C:/ST/STM32CubeIDE_1.19.0/STM32CubeIDE/plugins/com.st.stm32cube.ide.mcu.externaltools.gnu-tools-for-stm32.13.3.rel1.win32_1.0.100.202509120712/tools/bin/../lib/gcc/arm-none-eabi/13.3.1/thumb/v7e-m+fp/hard\libgcc.a(_dvmd_tls.o)
 .ARM.attributes
                0x00000b33       0x22 C:/ST/STM32CubeIDE_1.19.0/STM32CubeIDE/plugins/com.st.stm32cube.ide.mcu.externaltools.gnu-tools-for-stm32.13.3.rel1.win32_1.0.100.202509120712/tools/bin/../lib/gcc/arm-none-eabi/13.3.1/thumb/v7e-m+fp/hard/crtn.o
OUTPUT(CODE.elf elf32-littlearm)
LOAD linker stubs
LOAD C:/ST/STM32CubeIDE_1.19.0/STM32CubeIDE/plugins/com.st.stm32cube.ide.mcu.externaltools.gnu-tools-for-stm32.13.3.rel1.win32_1.0.100.202509120712/tools/bin/../lib/gcc/arm-none-eabi/13.3.1/../../../../arm-none-eabi/lib/thumb/v7e-m+fp/hard\libc.a
LOAD C:/ST/STM32CubeIDE_1.19.0/STM32CubeIDE/plugins/com.st.stm32cube.ide.mcu.externaltools.gnu-tools-for-stm32.13.3.rel1.win32_1.0.100.202509120712/tools/bin/../lib/gcc/arm-none-eabi/13.3.1/../../../../arm-none-eabi/lib/thumb/v7e-m+fp/hard\libm.a
LOAD C:/ST/STM32CubeIDE_1.19.0/STM32CubeIDE/plugins/com.st.stm32cube.ide.mcu.externaltools.gnu-tools-for-stm32.13.3.rel1.win32_1.0.100.202509120712/tools/bin/../lib/gcc/arm-none-eabi/13.3.1/thumb/v7e-m+fp/hard\libgcc.a

.debug_info     0x00000000    0x11c92
 .debug_info    0x00000000      0x5b3 ./Core/Src/dma.o
 .debug_info    0x000005b3      0x4be ./Core/Src/gpio.o
 .debug_info    0x00000a71       0x91 ./Core/Src/loop.o
 .debug_info    0x00000b02      0x4c8 ./Core/Src/main.o
 .debug_info    0x00000fca      0x175 ./Core/Src/setup.o
 .debug_info    0x0000113f      0x2e1 ./Core/Src/stm32g4xx_hal_msp.o
 .debug_info    0x00001420      0x7b7 ./Core/Src/stm32g4xx_it.o
 .debug_info    0x00001bd7     0x11c4 ./Core/Src/stm32g4xx_nucleo_bus.o
 .debug_info    0x00002d9b      0x6a3 ./Core/Src/syscalls.o
 .debug_info    0x0000343e      0x168 ./Core/Src/sysmem.o
 .debug_info    0x000035a6      0x58e ./Core/Src/system_stm32g4xx.o
 .debug_info    0x00003b34       0x30 ./Core/Startup/startup_stm32g474retx.o
 .debug_info    0x00003b64     0x18fe ./DISPLAY/Target/lcd_io.o
 .debug_info    0x00005462      0x301 ./DISPLAY/Target/lcd_os.o
 .debug_info    0x00005763      0xd9e ./Drivers/BSP/Components/ili9341/ili9341.o
 .debug_info    0x00006501      0x343 ./Drivers/BSP/Components/ili9341/ili9341_reg.o
 .debug_info    0x00006844     0x174a ./Drivers/BSP/STM32G4xx_Nucleo/stm32g4xx_nucleo.o
 .debug_info    0x00007f8e      0xb95 ./Drivers/STM32G4xx_HAL_Driver/Src/stm32g4xx_hal.o
 .debug_info    0x00008b23      0xdf9 ./Drivers/STM32G4xx_HAL_Driver/Src/stm32g4xx_hal_cortex.o
 .debug_info    0x0000991c      0x85f ./Drivers/STM32G4xx_HAL_Driver/Src/stm32g4xx_hal_dma.o
 .debug_info    0x0000a17b      0x763 ./Drivers/STM32G4xx_HAL_Driver/Src/stm32g4xx_hal_gpio.o
 .debug_info    0x0000a8de      0x93f ./Drivers/STM32G4xx_HAL_Driver/Src/stm32g4xx_hal_pwr_ex.o
 .debug_info    0x0000b21d      0xbe0 ./Drivers/STM32G4xx_HAL_Driver/Src/stm32g4xx_hal_rcc.o
 .debug_info    0x0000bdfd     0x1677 ./Drivers/STM32G4xx_HAL_Driver/Src/stm32g4xx_hal_spi.o
 .debug_info    0x0000d474     0x481e ./Drivers/STM32G4xx_HAL_Driver/Src/stm32g4xx_hal_uart.o

.debug_abbrev   0x00000000     0x2b51
 .debug_abbrev  0x00000000      0x109 ./Core/Src/dma.o
 .debug_abbrev  0x00000109      0x152 ./Core/Src/gpio.o
 .debug_abbrev  0x0000025b       0x45 ./Core/Src/loop.o
 .debug_abbrev  0x000002a0      0x1a1 ./Core/Src/main.o
 .debug_abbrev  0x00000441       0x9a ./Core/Src/setup.o
 .debug_abbrev  0x000004db       0xd9 ./Core/Src/stm32g4xx_hal_msp.o
 .debug_abbrev  0x000005b4      0x185 ./Core/Src/stm32g4xx_it.o
 .debug_abbrev  0x00000739      0x2b0 ./Core/Src/stm32g4xx_nucleo_bus.o
 .debug_abbrev  0x000009e9      0x1b6 ./Core/Src/syscalls.o
 .debug_abbrev  0x00000b9f       0xbc ./Core/Src/sysmem.o
 .debug_abbrev  0x00000c5b      0x11a ./Core/Src/system_stm32g4xx.o
 .debug_abbrev  0x00000d75       0x24 ./Core/Startup/startup_stm32g474retx.o
 .debug_abbrev  0x00000d99      0x304 ./DISPLAY/Target/lcd_io.o
 .debug_abbrev  0x0000109d      0x12c ./DISPLAY/Target/lcd_os.o
 .debug_abbrev  0x000011c9      0x219 ./Drivers/BSP/Components/ili9341/ili9341.o
 .debug_abbrev  0x000013e2       0xe4 ./Drivers/BSP/Components/ili9341/ili9341_reg.o
 .debug_abbrev  0x000014c6      0x2fb ./Drivers/BSP/STM32G4xx_Nucleo/stm32g4xx_nucleo.o
 .debug_abbrev  0x000017c1      0x271 ./Drivers/STM32G4xx_HAL_Driver/Src/stm32g4xx_hal.o
 .debug_abbrev  0x00001a32      0x31c ./Drivers/STM32G4xx_HAL_Driver/Src/stm32g4xx_hal_cortex.o
 .debug_abbrev  0x00001d4e      0x1e2 ./Drivers/STM32G4xx_HAL_Driver/Src/stm32g4xx_hal_dma.o
 .debug_abbrev  0x00001f30      0x1cb ./Drivers/STM32G4xx_HAL_Driver/Src/stm32g4xx_hal_gpio.o
 .debug_abbrev  0x000020fb      0x22c ./Drivers/STM32G4xx_HAL_Driver/Src/stm32g4xx_hal_pwr_ex.o
 .debug_abbrev  0x00002327      0x2c9 ./Drivers/STM32G4xx_HAL_Driver/Src/stm32g4xx_hal_rcc.o
 .debug_abbrev  0x000025f0      0x25d ./Drivers/STM32G4xx_HAL_Driver/Src/stm32g4xx_hal_spi.o
 .debug_abbrev  0x0000284d      0x304 ./Drivers/STM32G4xx_HAL_Driver/Src/stm32g4xx_hal_uart.o

.debug_aranges  0x00000000      0xf20
 .debug_aranges
                0x00000000       0x20 ./Core/Src/dma.o
 .debug_aranges
                0x00000020       0x20 ./Core/Src/gpio.o
 .debug_aranges
                0x00000040       0x20 ./Core/Src/loop.o
 .debug_aranges
                0x00000060       0x30 ./Core/Src/main.o
 .debug_aranges
                0x00000090       0x20 ./Core/Src/setup.o
 .debug_aranges
                0x000000b0       0x20 ./Core/Src/stm32g4xx_hal_msp.o
 .debug_aranges
                0x000000d0       0x78 ./Core/Src/stm32g4xx_it.o
 .debug_aranges
                0x00000148       0x78 ./Core/Src/stm32g4xx_nucleo_bus.o
 .debug_aranges
                0x000001c0       0xa8 ./Core/Src/syscalls.o
 .debug_aranges
                0x00000268       0x20 ./Core/Src/sysmem.o
 .debug_aranges
                0x00000288       0x28 ./Core/Src/system_stm32g4xx.o
 .debug_aranges
                0x000002b0       0x28 ./Core/Startup/startup_stm32g474retx.o
 .debug_aranges
                0x000002d8       0xf0 ./DISPLAY/Target/lcd_io.o
 .debug_aranges
                0x000003c8       0x50 ./DISPLAY/Target/lcd_os.o
 .debug_aranges
                0x00000418       0xa8 ./Drivers/BSP/Components/ili9341/ili9341.o
 .debug_aranges
                0x000004c0       0x48 ./Drivers/BSP/Components/ili9341/ili9341_reg.o
 .debug_aranges
                0x00000508       0xc8 ./Drivers/BSP/STM32G4xx_Nucleo/stm32g4xx_nucleo.o
 .debug_aranges
                0x000005d0      0x148 ./Drivers/STM32G4xx_HAL_Driver/Src/stm32g4xx_hal.o
 .debug_aranges
                0x00000718      0x128 ./Drivers/STM32G4xx_HAL_Driver/Src/stm32g4xx_hal_cortex.o
 .debug_aranges
                0x00000840       0x90 ./Drivers/STM32G4xx_HAL_Driver/Src/stm32g4xx_hal_dma.o
 .debug_aranges
                0x000008d0       0x58 ./Drivers/STM32G4xx_HAL_Driver/Src/stm32g4xx_hal_gpio.o
 .debug_aranges
                0x00000928      0x140 ./Drivers/STM32G4xx_HAL_Driver/Src/stm32g4xx_hal_pwr_ex.o
 .debug_aranges
                0x00000a68       0x98 ./Drivers/STM32G4xx_HAL_Driver/Src/stm32g4xx_hal_rcc.o
 .debug_aranges
                0x00000b00      0x1d8 ./Drivers/STM32G4xx_HAL_Driver/Src/stm32g4xx_hal_spi.o
 .debug_aranges
                0x00000cd8      0x248 ./Drivers/STM32G4xx_HAL_Driver/Src/stm32g4xx_hal_uart.o

.debug_rnglists
                0x00000000      0xb67
 .debug_rnglists
                0x00000000       0x13 ./Core/Src/dma.o
 .debug_rnglists
                0x00000013       0x14 ./Core/Src/gpio.o
 .debug_rnglists
                0x00000027       0x13 ./Core/Src/loop.o
 .debug_rnglists
                0x0000003a       0x20 ./Core/Src/main.o
 .debug_rnglists
                0x0000005a       0x14 ./Core/Src/setup.o
 .debug_rnglists
                0x0000006e       0x13 ./Core/Src/stm32g4xx_hal_msp.o
 .debug_rnglists
                0x00000081       0x55 ./Core/Src/stm32g4xx_it.o
 .debug_rnglists
                0x000000d6       0x57 ./Core/Src/stm32g4xx_nucleo_bus.o
 .debug_rnglists
                0x0000012d       0x79 ./Core/Src/syscalls.o
 .debug_rnglists
                0x000001a6       0x13 ./Core/Src/sysmem.o
 .debug_rnglists
                0x000001b9       0x1a ./Core/Src/system_stm32g4xx.o
 .debug_rnglists
                0x000001d3       0x19 ./Core/Startup/startup_stm32g474retx.o
 .debug_rnglists
                0x000001ec       0xb1 ./DISPLAY/Target/lcd_io.o
 .debug_rnglists
                0x0000029d       0x37 ./DISPLAY/Target/lcd_os.o
 .debug_rnglists
                0x000002d4       0x7d ./Drivers/BSP/Components/ili9341/ili9341.o
 .debug_rnglists
                0x00000351       0x31 ./Drivers/BSP/Components/ili9341/ili9341_reg.o
 .debug_rnglists
                0x00000382       0x93 ./Drivers/BSP/STM32G4xx_Nucleo/stm32g4xx_nucleo.o
 .debug_rnglists
                0x00000415       0xf1 ./Drivers/STM32G4xx_HAL_Driver/Src/stm32g4xx_hal.o
 .debug_rnglists
                0x00000506       0xda ./Drivers/STM32G4xx_HAL_Driver/Src/stm32g4xx_hal_cortex.o
 .debug_rnglists
                0x000005e0       0x71 ./Drivers/STM32G4xx_HAL_Driver/Src/stm32g4xx_hal_dma.o
 .debug_rnglists
                0x00000651       0x3f ./Drivers/STM32G4xx_HAL_Driver/Src/stm32g4xx_hal_gpio.o
 .debug_rnglists
                0x00000690       0xf1 ./Drivers/STM32G4xx_HAL_Driver/Src/stm32g4xx_hal_pwr_ex.o
 .debug_rnglists
                0x00000781       0x74 ./Drivers/STM32G4xx_HAL_Driver/Src/stm32g4xx_hal_rcc.o
 .debug_rnglists
                0x000007f5      0x178 ./Drivers/STM32G4xx_HAL_Driver/Src/stm32g4xx_hal_spi.o
 .debug_rnglists
                0x0000096d      0x1fa ./Drivers/STM32G4xx_HAL_Driver/Src/stm32g4xx_hal_uart.o

.debug_macro    0x00000000     0x4d43
 .debug_macro   0x00000000      0x344 ./Core/Src/dma.o
 .debug_macro   0x00000344      0x107 ./Core/Src/dma.o
 .debug_macro   0x0000044b       0x76 ./Core/Src/dma.o
 .debug_macro   0x000004c1      0x214 ./Core/Src/dma.o
 .debug_macro   0x000006d5       0x58 ./Core/Src/dma.o
 .debug_macro   0x0000072d      0x344 ./Core/Src/gpio.o
 .debug_macro   0x00000a71      0x352 ./Core/Src/loop.o
 .debug_macro   0x00000dc3      0x372 ./Core/Src/main.o
 .debug_macro   0x00001135      0x352 ./Core/Src/setup.o
 .debug_macro   0x00001487      0x33a ./Core/Src/stm32g4xx_hal_msp.o
 .debug_macro   0x000017c1      0x344 ./Core/Src/stm32g4xx_it.o
 .debug_macro   0x00001b05      0x1f6 ./Core/Src/stm32g4xx_nucleo_bus.o
 .debug_macro   0x00001cfb       0x28 ./Core/Src/stm32g4xx_nucleo_bus.o
 .debug_macro   0x00001d23      0x274 ./Core/Src/syscalls.o
 .debug_macro   0x00001f97       0x5b ./Core/Src/syscalls.o
 .debug_macro   0x00001ff2       0x94 ./Core/Src/syscalls.o
 .debug_macro   0x00002086       0x57 ./Core/Src/syscalls.o
 .debug_macro   0x000020dd       0x10 ./Core/Src/syscalls.o
 .debug_macro   0x000020ed       0x10 ./Core/Src/syscalls.o
 .debug_macro   0x000020fd       0x10 ./Core/Src/syscalls.o
 .debug_macro   0x0000210d       0x10 ./Core/Src/syscalls.o
 .debug_macro   0x0000211d       0x1c ./Core/Src/syscalls.o
 .debug_macro   0x00002139       0x52 ./Core/Src/syscalls.o
 .debug_macro   0x0000218b       0x22 ./Core/Src/syscalls.o
 .debug_macro   0x000021ad       0x10 ./Core/Src/syscalls.o
 .debug_macro   0x000021bd       0x52 ./Core/Src/syscalls.o
 .debug_macro   0x0000220f       0xcf ./Core/Src/syscalls.o
 .debug_macro   0x000022de       0x1c ./Core/Src/syscalls.o
 .debug_macro   0x000022fa       0x3d ./Core/Src/syscalls.o
 .debug_macro   0x00002337       0x35 ./Core/Src/syscalls.o
 .debug_macro   0x0000236c      0x12c ./Core/Src/syscalls.o
 .debug_macro   0x00002498       0x16 ./Core/Src/syscalls.o
 .debug_macro   0x000024ae       0x16 ./Core/Src/syscalls.o
 .debug_macro   0x000024c4       0x29 ./Core/Src/syscalls.o
 .debug_macro   0x000024ed       0x10 ./Core/Src/syscalls.o
 .debug_macro   0x000024fd      0x242 ./Core/Src/syscalls.o
 .debug_macro   0x0000273f       0x1c ./Core/Src/syscalls.o
 .debug_macro   0x0000275b       0x10 ./Core/Src/syscalls.o
 .debug_macro   0x0000276b      0x18a ./Core/Src/syscalls.o
 .debug_macro   0x000028f5       0x16 ./Core/Src/syscalls.o
 .debug_macro   0x0000290b       0xce ./Core/Src/syscalls.o
 .debug_macro   0x000029d9      0x112 ./Core/Src/sysmem.o
 .debug_macro   0x00002aeb      0x23c ./Core/Src/sysmem.o
 .debug_macro   0x00002d27      0x1cf ./Core/Src/system_stm32g4xx.o
 .debug_macro   0x00002ef6      0x326 ./DISPLAY/Target/lcd_io.o
 .debug_macro   0x0000321c       0x16 ./DISPLAY/Target/lcd_io.o
 .debug_macro   0x00003232      0x20e ./DISPLAY/Target/lcd_os.o
 .debug_macro   0x00003440      0x2f3 ./Drivers/BSP/Components/ili9341/ili9341.o
 .debug_macro   0x00003733       0x9e ./Drivers/BSP/Components/ili9341/ili9341.o
 .debug_macro   0x000037d1      0x112 ./Drivers/BSP/Components/ili9341/ili9341.o
 .debug_macro   0x000038e3       0x56 ./Drivers/BSP/Components/ili9341/ili9341.o
 .debug_macro   0x00003939      0x149 ./Drivers/BSP/Components/ili9341/ili9341_reg.o
 .debug_macro   0x00003a82      0x1fc ./Drivers/BSP/STM32G4xx_Nucleo/stm32g4xx_nucleo.o
 .debug_macro   0x00003c7e       0x52 ./Drivers/BSP/STM32G4xx_Nucleo/stm32g4xx_nucleo.o
 .debug_macro   0x00003cd0      0x107 ./Drivers/BSP/STM32G4xx_Nucleo/stm32g4xx_nucleo.o
 .debug_macro   0x00003dd7      0x21d ./Drivers/STM32G4xx_HAL_Driver/Src/stm32g4xx_hal.o
 .debug_macro   0x00003ff4      0x1cf ./Drivers/STM32G4xx_HAL_Driver/Src/stm32g4xx_hal_cortex.o
 .debug_macro   0x000041c3      0x1cf ./Drivers/STM32G4xx_HAL_Driver/Src/stm32g4xx_hal_dma.o
 .debug_macro   0x00004392      0x1d6 ./Drivers/STM32G4xx_HAL_Driver/Src/stm32g4xx_hal_gpio.o
 .debug_macro   0x00004568      0x1f9 ./Drivers/STM32G4xx_HAL_Driver/Src/stm32g4xx_hal_pwr_ex.o
 .debug_macro   0x00004761      0x211 ./Drivers/STM32G4xx_HAL_Driver/Src/stm32g4xx_hal_rcc.o
 .debug_macro   0x00004972      0x1d7 ./Drivers/STM32G4xx_HAL_Driver/Src/stm32g4xx_hal_spi.o
 .debug_macro   0x00004b49      0x1fa ./Drivers/STM32G4xx_HAL_Driver/Src/stm32g4xx_hal_uart.o

.debug_line     0x00000000    0x1450a
 .debug_line    0x00000000      0x9dd ./Core/Src/dma.o
 .debug_line    0x000009dd      0xa30 ./Core/Src/gpio.o
 .debug_line    0x0000140d      0x9e1 ./Core/Src/loop.o
 .debug_line    0x00001dee      0xa96 ./Core/Src/main.o
 .debug_line    0x00002884      0xa26 ./Core/Src/setup.o
 .debug_line    0x000032aa      0x9df ./Core/Src/stm32g4xx_hal_msp.o
 .debug_line    0x00003c89      0xad5 ./Core/Src/stm32g4xx_it.o
 .debug_line    0x0000475e      0xa1d ./Core/Src/stm32g4xx_nucleo_bus.o
 .debug_line    0x0000517b      0x8b6 ./Core/Src/syscalls.o
 .debug_line    0x00005a31      0x592 ./Core/Src/sysmem.o
 .debug_line    0x00005fc3      0x7d6 ./Core/Src/system_stm32g4xx.o
 .debug_line    0x00006799       0x7b ./Core/Startup/startup_stm32g474retx.o
 .debug_line    0x00006814      0xe7b ./DISPLAY/Target/lcd_io.o
 .debug_line    0x0000768f      0x92c ./DISPLAY/Target/lcd_os.o
 .debug_line    0x00007fbb      0xe08 ./Drivers/BSP/Components/ili9341/ili9341.o
 .debug_line    0x00008dc3      0x627 ./Drivers/BSP/Components/ili9341/ili9341_reg.o
 .debug_line    0x000093ea      0xaf5 ./Drivers/BSP/STM32G4xx_Nucleo/stm32g4xx_nucleo.o
 .debug_line    0x00009edf      0xba2 ./Drivers/STM32G4xx_HAL_Driver/Src/stm32g4xx_hal.o
 .debug_line    0x0000aa81      0xd07 ./Drivers/STM32G4xx_HAL_Driver/Src/stm32g4xx_hal_cortex.o
 .debug_line    0x0000b788      0xea1 ./Drivers/STM32G4xx_HAL_Driver/Src/stm32g4xx_hal_dma.o