Archive member included to satisfy reference by file (symbol)

C:/ST/STM32CubeIDE_1.19.0/STM32CubeIDE/plugins/com.st.stm32cube.ide.mcu.externaltools.gnu-tools-for-stm32.13.3.rel1.win32_1.0.100.202509120712/tools/bin/../lib/gcc/arm-none-eabi/13.3.1/../../../../arm-none-eabi/lib/thumb/v7e-m+fp/hard\libc_nano.a(libc_a-exit.o)
                              C:/ST/STM32CubeIDE_1.19.0/STM32CubeIDE/plugins/com.st.stm32cube.ide.mcu.externaltools.gnu-tools-for-stm32.13.3.rel1.win32_1.0.100.202509120712/tools/bin/../lib/gcc/arm-none-eabi/13.3.1/../../../../arm-none-eabi/lib/thumb/v7e-m+fp/hard/crt0.o (exit)
C:/ST/STM32CubeIDE_1.19.0/STM32CubeIDE/plugins/com.st.stm32cube.ide.mcu.externaltools.gnu-tools-for-stm32.13.3.rel1.win32_1.0.100.202509120712/tools/bin/../lib/gcc/arm-none-eabi/13.3.1/../../../../arm-none-eabi/lib/thumb/v7e-m+fp/hard\libc_nano.a(libc_a-itoa.o)
                              ./Core/Src/breakout.o (itoa)
C:/ST/STM32CubeIDE_1.19.0/STM32CubeIDE/plugins/com.st.stm32cube.ide.mcu.externaltools.gnu-tools-for-stm32.13.3.rel1.win32_1.0.100.202509120712/tools/bin/../lib/gcc/arm-none-eabi/13.3.1/../../../../arm-none-eabi/lib/thumb/v7e-m+fp/hard\libc_nano.a(libc_a-rand.o)
                              ./Core/Src/breakout.o (rand)
C:/ST/STM32CubeIDE_1.19.0/STM32CubeIDE/plugins/com.st.stm32cube.ide.mcu.externaltools.gnu-tools-for-stm32.13.3.rel1.win32_1.0.100.202509120712/tools/bin/../lib/gcc/arm-none-eabi/13.3.1/../../../../arm-none-eabi/lib/thumb/v7e-m+fp/hard\libc_nano.a(libc_a-utoa.o)
                              C:/ST/STM32CubeIDE_1.19.0/STM32CubeIDE/plugins/com.st.stm32cube.ide.mcu.externaltools.gnu-tools-for-stm32.13.3.rel1.win32_1.0.100.202509120712/tools/bin/../lib/gcc/arm-none-eabi/13.3.1/../../../../arm-none-eabi/lib/thumb/v7e-m+fp/hard\libc_nano.a(libc_a-itoa.o) (__utoa)
C:/ST/STM32CubeIDE_1.19.0/STM32CubeIDE/plugins/com.st.stm32cube.ide.mcu.externaltools.gnu-tools-for-stm32.13.3.rel1.win32_1.0.100.202509120712/tools/bin/../lib/gcc/arm-none-eabi/13.3.1/../../../../arm-none-eabi/lib/thumb/v7e-m+fp/hard\libc_nano.a(libc_a-nano-vfprintf_float.o)
                              (_printf_float)
C:/ST/STM32CubeIDE_1.19.0/STM32CubeIDE/plugins/com.st.stm32cube.ide.mcu.externaltools.gnu-tools-for-stm32.13.3.rel1.win32_1.0.100.202509120712/tools/bin/../lib/gcc/arm-none-eabi/13.3.1/../../../../arm-none-eabi/lib/thumb/v7e-m+fp/hard\libc_nano.a(libc_a-nano-vfprintf_i.o)
                              C:/ST/STM32CubeIDE_1.19.0/STM32CubeIDE/plugins/com.st.stm32cube.ide.mcu.externaltools.gnu-tools-for-stm32.13.3.rel1.win32_1.0.100.202509120712/tools/bin/../lib/gcc/arm-none-eabi/13.3.1/../../../../arm-none-eabi/lib/thumb/v7e-m+fp/hard\libc_nano.a(libc_a-nano-vfprintf_float.o) (_printf_common)
C:/ST/STM32CubeIDE_1.19.0/STM32CubeIDE/plugins/com.st.stm32cube.ide.mcu.externaltools.gnu-tools-for-stm32.13.3.rel1.win32_1.0.100.202509120712/tools/bin/../lib/gcc/arm-none-eabi/13.3.1/../../../../arm-none-eabi/lib/thumb/v7e-m+fp/hard\libc_nano.a(libc_a-findfp.o)
                              C:/ST/STM32CubeIDE_1.19.0/STM32CubeIDE/plugins/com.st.stm32cube.ide.mcu.externaltools.gnu-tools-for-stm32.13.3.rel1.win32_1.0.100.202509120712/tools/bin/../lib/gcc/arm-none-eabi/13.3.1/../../../../arm-none-eabi/lib/thumb/v7e-m+fp/hard\libc_nano.a(libc_a-exit.o) (__stdio_exit_handler)
C:/ST/STM32CubeIDE_1.19.0/STM32CubeIDE/plugins/com.st.stm32cube.ide.mcu.externaltools.gnu-tools-for-stm32.13.3.rel1.win32_1.0.100.202509120712/tools/bin/../lib/gcc/arm-none-eabi/13.3.1/../../../../arm-none-eabi/lib/thumb/v7e-m+fp/hard\libc_nano.a(libc_a-fwalk.o)
                              C:/ST/STM32CubeIDE_1.19.0/STM32CubeIDE/plugins/com.st.stm32cube.ide.mcu.externaltools.gnu-tools-for-stm32.13.3.rel1.win32_1.0.100.202509120712/tools/bin/../lib/gcc/arm-none-eabi/13.3.1/../../../../arm-none-eabi/lib/thumb/v7e-m+fp/hard\libc_nano.a(libc_a-findfp.o) (_fwalk_sglue)
C:/ST/STM32CubeIDE_1.19.0/STM32CubeIDE/plugins/com.st.stm32cube.ide.mcu.externaltools.gnu-tools-for-stm32.13.3.rel1.win32_1.0.100.202509120712/tools/bin/../lib/gcc/arm-none-eabi/13.3.1/../../../../arm-none-eabi/lib/thumb/v7e-m+fp/hard\libc_nano.a(libc_a-printf.o)
                              ./Core/Src/setup.o (printf)
C:/ST/STM32CubeIDE_1.19.0/STM32CubeIDE/plugins/com.st.stm32cube.ide.mcu.externaltools.gnu-tools-for-stm32.13.3.rel1.win32_1.0.100.202509120712/tools/bin/../lib/gcc/arm-none-eabi/13.3.1/../../../../arm-none-eabi/lib/thumb/v7e-m+fp/hard\libc_nano.a(libc_a-stdio.o)
                              C:/ST/STM32CubeIDE_1.19.0/STM32CubeIDE/plugins/com.st.stm32cube.ide.mcu.externaltools.gnu-tools-for-stm32.13.3.rel1.win32_1.0.100.202509120712/tools/bin/../lib/gcc/arm-none-eabi/13.3.1/../../../../arm-none-eabi/lib/thumb/v7e-m+fp/hard\libc_nano.a(libc_a-findfp.o) (__sread)
[...]
Memory Configuration

Name             Origin             Length             Attributes
RAM              0x20000000         0x00020000         xrw
FLASH            0x08000000         0x00080000         xr
*default*        0x00000000         0xffffffff

Linker script and memory map

LOAD C:/ST/STM32CubeIDE_1.19.0/STM32CubeIDE/plugins/com.st.stm32cube.ide.mcu.externaltools.gnu-tools-for-stm32.13.3.rel1.win32_1.0.100.202509120712/tools/bin/../lib/gcc/arm-none-eabi/13.3.1/thumb/v7e-m+fp/hard/crti.o
LOAD C:/ST/STM32CubeIDE_1.19.0/STM32CubeIDE/plugins/com.st.stm32cube.ide.mcu.externaltools.gnu-tools-for-stm32.13.3.rel1.win32_1.0.100.202509120712/tools/bin/../lib/gcc/arm-none-eabi/13.3.1/thumb/v7e-m+fp/hard/crtbegin.o
LOAD C:/ST/STM32CubeIDE_1.19.0/STM32CubeIDE/plugins/com.st.stm32cube.ide.mcu.externaltools.gnu-tools-for-stm32.13.3.rel1.win32_1.0.100.202509120712/tools/bin/../lib/gcc/arm-none-eabi/13.3.1/../../../../arm-none-eabi/lib/thumb/v7e-m+fp/hard/crt0.o
LOAD ./Core/Src/audio.o
LOAD ./Core/Src/breakout.o
LOAD ./Core/Src/breakout_sfx.o
LOAD ./Core/Src/buttons.o
LOAD ./Core/Src/dac.o
LOAD ./Core/Src/display.o
LOAD ./Core/Src/dma.o
LOAD ./Core/Src/font.o
LOAD ./Core/Src/globals.o
LOAD ./Core/Src/gpio.o
LOAD ./Core/Src/input.o
LOAD ./Core/Src/loop.o
LOAD ./Core/Src/main.o
LOAD ./Core/Src/menu.o
LOAD ./Core/Src/menu_sfx.o
LOAD ./Core/Src/rng.o
LOAD ./Core/Src/setup.o
LOAD ./Core/Src/sfx.o
LOAD ./Core/Src/snake.o
LOAD ./Core/Src/snake_sfx.o
LOAD ./Core/Src/stm32g4xx_hal_msp.o
LOAD ./Core/Src/stm32g4xx_it.o
LOAD ./Core/Src/stm32g4xx_nucleo_bus.o
LOAD ./Core/Src/syscalls.o
LOAD ./Core/Src/sysmem.o
LOAD ./Core/Src/system_stm32g4xx.o
LOAD ./Core/Src/tetris.o
LOAD ./Core/Src/tetris_audio.o
LOAD ./Core/Src/text.o
LOAD ./Core/Src/tim.o
LOAD ./Core/Src/timers.o
LOAD ./Core/Startup/startup_stm32g474retx.o
LOAD ./DISPLAY/Target/lcd_io.o
LOAD ./DISPLAY/Target/lcd_os.o
LOAD ./Drivers/BSP/Components/ili9341/ili9341.o
LOAD ./Drivers/BSP/Components/ili9341/ili9341_reg.o
LOAD ./Drivers/BSP/STM32G4xx_Nucleo/stm32g4xx_nucleo.o
LOAD ./Drivers/STM32G4xx_HAL_Driver/Src/stm32g4xx_hal.o
LOAD ./Drivers/STM32G4xx_HAL_Driver/Src/stm32g4xx_hal_cortex.o
LOAD ./Drivers/STM32G4xx_HAL_Driver/Src/stm32g4xx_hal_dac.o
LOAD ./Drivers/STM32G4xx_HAL_Driver/Src/stm32g4xx_hal_dac_ex.o
LOAD ./Drivers/STM32G4xx_HAL_Driver/Src/stm32g4xx_hal_dma.o
LOAD ./Drivers/STM32G4xx_HAL_Driver/Src/stm32g4xx_hal_dma_ex.o
LOAD ./Drivers/STM32G4xx_HAL_Driver/Src/stm32g4xx_hal_exti.o
LOAD ./Drivers/STM32G4xx_HAL_Driver/Src/stm32g4xx_hal_flash.o
LOAD ./Drivers/STM32G4xx_HAL_Driver/Src/stm32g4xx_hal_flash_ex.o
LOAD ./Drivers/STM32G4xx_HAL_Driver/Src/stm32g4xx_hal_flash_ramfunc.o
LOAD ./Drivers/STM32G4xx_HAL_Driver/Src/stm32g4xx_hal_gpio.o
LOAD ./Drivers/STM32G4xx_HAL_Driver/Src/stm32g4xx_hal_pwr.o
LOAD ./Drivers/STM32G4xx_HAL_Driver/Src/stm32g4xx_hal_pwr_ex.o
LOAD ./Drivers/STM32G4xx_HAL_Driver/Src/stm32g4xx_hal_rcc.o
LOAD ./Drivers/STM32G4xx_HAL_Driver/Src/stm32g4xx_hal_rcc_ex.o
LOAD ./Drivers/STM32G4xx_HAL_Driver/Src/stm32g4xx_hal_rng.o
LOAD ./Drivers/STM32G4xx_HAL_Driver/Src/stm32g4xx_hal_spi.o
LOAD ./Drivers/STM32G4xx_HAL_Driver/Src/stm32g4xx_hal_spi_ex.o
LOAD ./Drivers/STM32G4xx_HAL_Driver/Src/stm32g4xx_hal_tim.o
LOAD ./Drivers/STM32G4xx_HAL_Driver/Src/stm32g4xx_hal_tim_ex.o
LOAD ./Drivers/STM32G4xx_HAL_Driver/Src/stm32g4xx_hal_uart.o
LOAD ./Drivers/STM32G4xx_HAL_Driver/Src/stm32g4xx_hal_uart_ex.o
LOAD ./Drivers/STM32G4xx_HAL_Driver/Src/stm32g4xx_hal_usart.o
LOAD ./Drivers/STM32G4xx_HAL_Driver/Src/stm32g4xx_hal_usart_ex.o
START GROUP
LOAD C:/ST/STM32CubeIDE_1.19.0/STM32CubeIDE/plugins/com.st.stm32cube.ide.mcu.externaltools.gnu-tools-for-stm32.13.3.rel1.win32_1.0.100.202509120712/tools/bin/../lib/gcc/arm-none-eabi/13.3.1/../../../../arm-none-eabi/lib/thumb/v7e-m+fp/hard\libc_nano.a
LOAD C:/ST/STM32CubeIDE_1.19.0/STM32CubeIDE/plugins/com.st.stm32cube.ide.mcu.externaltools.gnu-tools-for-stm32.13.3.rel1.win32_1.0.100.202509120712/tools/bin/../lib/gcc/arm-none-eabi/13.3.1/../../../../arm-none-eabi/lib/thumb/v7e-m+fp/hard\libm.a
END GROUP
START GROUP
LOAD C:/ST/STM32CubeIDE_1.19.0/STM32CubeIDE/plugins/com.st.stm32cube.ide.mcu.externaltools.gnu-tools-for-stm32.13.3.rel1.win32_1.0.100.202509120712/tools/bin/../lib/gcc/arm-none-eabi/13.3.1/thumb/v7e-m+fp/hard\libgcc.a
LOAD C:/ST/STM32CubeIDE_1.19.0/STM32CubeIDE/plugins/com.st.stm32cube.ide.mcu.externaltools.gnu-tools-for-stm32.13.3.rel1.win32_1.0.100.202509120712/tools/bin/../lib/gcc/arm-none-eabi/13.3.1/../../../../arm-none-eabi/lib/thumb/v7e-m+fp/hard\libc_nano.a
END GROUP
START GROUP
LOAD C:/ST/STM32CubeIDE_1.19.0/STM32CubeIDE/plugins/com.st.stm32cube.ide.mcu.externaltools.gnu-tools-for-stm32.13.3.rel1.win32_1.0.100.202509120712/tools/bin/../lib/gcc/arm-none-eabi/13.3.1/thumb/v7e-m+fp/hard\libgcc.a
LOAD C:/ST/STM32CubeIDE_1.19.0/STM32CubeIDE/plugins/com.st.stm32cube.ide.mcu.externaltools.gnu-tools-for-stm32.13.3.rel1.win32_1.0.100.202509120712/tools/bin/../lib/gcc/arm-none-eabi/13.3.1/../../../../arm-none-eabi/lib/thumb/v7e-m+fp/hard\libc_nano.a
LOAD C:/ST/STM32CubeIDE_1.19.0/STM32CubeIDE/plugins/com.st.stm32cube.ide.mcu.externaltools.gnu-tools-for-stm32.13.3.rel1.win32_1.0.100.202509120712/tools/bin/../lib/gcc/arm-none-eabi/13.3.1/../../../../arm-none-eabi/lib/thumb/v7e-m+fp/hard\libnosys.a
END GROUP
START GROUP
LOAD C:/ST/STM32CubeIDE_1.19.0/STM32CubeIDE/plugins/com.st.stm32cube.ide.mcu.externaltools.gnu-tools-for-stm32.13.3.rel1.win32_1.0.100.202509120712/tools/bin/../lib/gcc/arm-none-eabi/13.3.1/thumb/v7e-m+fp/hard\libgcc.a
LOAD C:/ST/STM32CubeIDE_1.19.0/STM32CubeIDE/plugins/com.st.stm32cube.ide.mcu.externaltools.gnu-tools-for-stm32.13.3.rel1.win32_1.0.100.202509120712/tools/bin/../lib/gcc/arm-none-eabi/13.3.1/../../../../arm-none-eabi/lib/thumb/v7e-m+fp/hard\libc_nano.a
LOAD C:/ST/STM32CubeIDE_1.19.0/STM32CubeIDE/plugins/com.st.stm32cube.ide.mcu.externaltools.gnu-tools-for-stm32.13.3.rel1.win32_1.0.100.202509120712/tools/bin/../lib/gcc/arm-none-eabi/13.3.1/../../../../arm-none-eabi/lib/thumb/v7e-m+fp/hard\libnosys.a
END GROUP
LOAD C:/ST/STM32CubeIDE_1.19.0/STM32CubeIDE/plugins/com.st.stm32cube.ide.mcu.externaltools.gnu-tools-for-stm32.13.3.rel1.win32_1.0.100.202509120712/tools/bin/../lib/gcc/arm-none-eabi/13.3.1/thumb/v7e-m+fp/hard/crtend.o
LOAD C:/ST/STM32CubeIDE_1.19.0/STM32CubeIDE/plugins/com.st.stm32cube.ide.mcu.externaltools.gnu-tools-for-stm32.13.3.rel1.win32_1.0.100.202509120712/tools/bin/../lib/gcc/arm-none-eabi/13.3.1/thumb/v7e-m+fp/hard/crtn.o
                0x20020000                        _estack = (ORIGIN (RAM) + LENGTH (RAM))
                0x00000200                        _Min_Heap_Size = 0x200
                0x00000400                        _Min_Stack_Size = 0x400

.isr_vector     0x08000000      0x1d8
                0x08000000                        . = ALIGN (0x4)
 *(.isr_vector)
 .isr_vector    0x08000000      0x1d8 ./Core/Startup/startup_stm32g474retx.o
                0x08000000                g_pfnVectors
                0x080001d8                        . = ALIGN (0x4)

.text           0x080001e0    0x12ae8
                0x080001e0                        . = ALIGN (0x4)
 *(.text)
 .text          0x080001e0       0x40 C:/ST/STM32CubeIDE_1.19.0/STM32CubeIDE/plugins/com.st.stm32cube.ide.mcu.externaltools.gnu-tools-for-stm32.13.3.rel1.win32_1.0.100.202509120712/tools/bin/../lib/gcc/arm-none-eabi/13.3.1/thumb/v7e-m+fp/hard/crtbegin.o
 .text          0x08000220       0x14 C:/ST/STM32CubeIDE_1.19.0/STM32CubeIDE/plugins/com.st.stm32cube.ide.mcu.externaltools.gnu-tools-for-stm32.13.3.rel1.win32_1.0.100.202509120712/tools/bin/../lib/gcc/arm-none-eabi/13.3.1/../../../../arm-none-eabi/lib/thumb/v7e-m+fp/hard\libc_nano.a(libc_a-strcmp.o)
                0x08000220                strcmp
 *fill*         0x08000234        0xc 
 .text          0x08000240       0xa0 C:/ST/STM32CubeIDE_1.19.0/STM32CubeIDE/plugins/com.st.stm32cube.ide.mcu.externaltools.gnu-tools-for-stm32.13.3.rel1.win32_1.0.100.202509120712/tools/bin/../lib/gcc/arm-none-eabi/13.3.1/../../../../arm-none-eabi/lib/thumb/v7e-m+fp/hard\libc_nano.a(libc_a-memchr.o)
                0x08000240                memchr
 .text          0x080002e0       0x10 C:/ST/STM32CubeIDE_1.19.0/STM32CubeIDE/plugins/com.st.stm32cube.ide.mcu.externaltools.gnu-tools-for-stm32.13.3.rel1.win32_1.0.100.202509120712/tools/bin/../lib/gcc/arm-none-eabi/13.3.1/../../../../arm-none-eabi/lib/thumb/v7e-m+fp/hard\libc_nano.a(libc_a-strlen.o)
                0x080002e0                strlen
 .text          0x080002f0      0x378 C:/ST/STM32CubeIDE_1.19.0/STM32CubeIDE/plugins/com.st.stm32cube.ide.mcu.externaltools.gnu-tools-for-stm32.13.3.rel1.win32_1.0.100.202509120712/tools/bin/../lib/gcc/arm-none-eabi/13.3.1/thumb/v7e-m+fp/hard\libgcc.a(_arm_addsubdf3.o)
                0x080002f0                __aeabi_drsub
                0x080002f8                __aeabi_dsub
                0x080002f8                __subdf3
                0x080002fc                __aeabi_dadd
                0x080002fc                __adddf3
                0x08000574                __floatunsidf
                0x08000574                __aeabi_ui2d
                0x08000594                __floatsidf
                0x08000594                __aeabi_i2d
                0x080005b8                __aeabi_f2d
                0x080005b8                __extendsfdf2
                0x080005fc                __floatundidf
                0x080005fc                __aeabi_ul2d
                0x0800060c                __floatdidf
                0x0800060c                __aeabi_l2d
 .text          0x08000668      0x424 C:/ST/STM32CubeIDE_1.19.0/STM32CubeIDE/plugins/com.st.stm32cube.ide.mcu.externaltools.gnu-tools-for-stm32.13.3.rel1.win32_1.0.100.202509120712/tools/bin/../lib/gcc/arm-none-eabi/13.3.1/thumb/v7e-m+fp/hard\libgcc.a(_arm_muldivdf3.o)
                0x08000668                __aeabi_dmul
                0x08000668                __muldf3
                0x080008bc                __divdf3
                0x080008bc                __aeabi_ddiv
 .text          0x08000a8c      0x110 C:/ST/STM32CubeIDE_1.19.0/STM32CubeIDE/plugins/com.st.stm32cube.ide.mcu.externaltools.gnu-tools-for-stm32.13.3.rel1.win32_1.0.100.202509120712/tools/bin/../lib/gcc/arm-none-eabi/13.3.1/thumb/v7e-m+fp/hard\libgcc.a(_arm_cmpdf2.o)
                0x08000a8c                __gtdf2
                0x08000a8c                __gedf2
                0x08000a94                __ltdf2
                0x08000a94                __ledf2
                0x08000a9c                __nedf2
                0x08000a9c                __eqdf2
                0x08000a9c                __cmpdf2
                0x08000b18                __aeabi_cdrcmple
                0x08000b28                __aeabi_cdcmpeq
                0x08000b28                __aeabi_cdcmple
                0x08000b38                __aeabi_dcmpeq
                0x08000b4c                __aeabi_dcmplt
                0x08000b60                __aeabi_dcmple
                0x08000b74                __aeabi_dcmpge
                0x08000b88                __aeabi_dcmpgt
 .text          0x08000b9c       0x2c C:/ST/STM32CubeIDE_1.19.0/STM32CubeIDE/plugins/com.st.stm32cube.ide.mcu.externaltools.gnu-tools-for-stm32.13.3.rel1.win32_1.0.100.202509120712/tools/bin/../lib/gcc/arm-none-eabi/13.3.1/thumb/v7e-m+fp/hard\libgcc.a(_arm_unorddf2.o)
                0x08000b9c                __unorddf2
                0x08000b9c                __aeabi_dcmpun
 .text          0x08000bc8       0x50 C:/ST/STM32CubeIDE_1.19.0/STM32CubeIDE/plugins/com.st.stm32cube.ide.mcu.externaltools.gnu-tools-for-stm32.13.3.rel1.win32_1.0.100.202509120712/tools/bin/../lib/gcc/arm-none-eabi/13.3.1/thumb/v7e-m+fp/hard\libgcc.a(_arm_fixdfsi.o)
                0x08000bc8                __aeabi_d2iz
                0x08000bc8                __fixdfsi
 .text          0x08000c18       0x40 C:/ST/STM32CubeIDE_1.19.0/STM32CubeIDE/plugins/com.st.stm32cube.ide.mcu.externaltools.gnu-tools-for-stm32.13.3.rel1.win32_1.0.100.202509120712/tools/bin/../lib/gcc/arm-none-eabi/13.3.1/thumb/v7e-m+fp/hard\libgcc.a(_arm_fixunsdfsi.o)
                0x08000c18                __aeabi_d2uiz
                0x08000c18                __fixunsdfsi
 .text          0x08000c58       0x30 C:/ST/STM32CubeIDE_1.19.0/STM32CubeIDE/plugins/com.st.stm32cube.ide.mcu.externaltools.gnu-tools-for-stm32.13.3.rel1.win32_1.0.100.202509120712/tools/bin/../lib/gcc/arm-none-eabi/13.3.1/thumb/v7e-m+fp/hard\libgcc.a(_aeabi_uldivmod.o)
                0x08000c58                __aeabi_uldivmod
 .text          0x08000c88      0x2f8 C:/ST/STM32CubeIDE_1.19.0/STM32CubeIDE/plugins/com.st.stm32cube.ide.mcu.externaltools.gnu-tools-for-stm32.13.3.rel1.win32_1.0.100.202509120712/tools/bin/../lib/gcc/arm-none-eabi/13.3.1/thumb/v7e-m+fp/hard\libgcc.a(_udivmoddi4.o)
                0x08000c88                __udivmoddi4
 .text          0x08000f80        0x4 C:/ST/STM32CubeIDE_1.19.0/STM32CubeIDE/plugins/com.st.stm32cube.ide.mcu.externaltools.gnu-tools-for-stm32.13.3.rel1.win32_1.0.100.202509120712/tools/bin/../lib/gcc/arm-none-eabi/13.3.1/thumb/v7e-m+fp/hard\libgcc.a(_dvmd_tls.o)
                0x08000f80                __aeabi_idiv0
                0x08000f80                __aeabi_ldiv0
 *(.text*)
 .text.HAL_DAC_ConvHalfCpltCallbackCh1
                0x08000f84       0x4c ./Core/Src/audio.o
                0x08000f84                HAL_DAC_ConvHalfCpltCallbackCh1
 .text.HAL_DAC_ConvCpltCallbackCh1
                0x08000fd0       0x4c ./Core/Src/audio.o
                0x08000fd0                HAL_DAC_ConvCpltCallbackCh1
 *fill*         0x0800101c        0x4 
 .text.hz_to_inc
                0x08001020       0x88 ./Core/Src/audio.o
 .text.PSG_Init
                0x080010a8       0x78 ./Core/Src/audio.o
                0x080010a8                PSG_Init
 .text.Audio_ClearVoices
                0x08001120       0x78 ./Core/Src/audio.o
 .text.Audio_Start
                0x08001198       0x64 ./Core/Src/audio.o
                0x08001198                Audio_Start
 .text.Audio_SetMode
                0x080011fc       0x50 ./Core/Src/audio.o
                0x080011fc                Audio_SetMode
 .text.PSG_SetVoiceFreq
                0x0800124c       0x40 ./Core/Src/audio.o
                0x0800124c                PSG_SetVoiceFreq
 .text.PSG_SetVoiceVol
                0x0800128c       0x4c ./Core/Src/audio.o
                0x0800128c                PSG_SetVoiceVol
 .text.PSG_SetVoiceWave
                0x080012d8       0x3c ./Core/Src/audio.o
                0x080012d8                PSG_SetVoiceWave
 .text.osc_sample
                0x08001314       0x88 ./Core/Src/audio.o
 .text.noise_sample
                0x0800139c       0x84 ./Core/Src/audio.o
 .text.PSG_Fill
                0x08001420       0xe4 ./Core/Src/audio.o
                0x08001420                PSG_Fill
 .text.blocks_remaining
                0x08001504       0x58 ./Core/Src/breakout.o
 .text.clear_block_powers
                0x0800155c       0x60 ./Core/Src/breakout.o
 .text.assign_power_block
                0x080015bc       0x88 ./Core/Src/breakout.o
 .text.block_base_colour_for_row
                0x08001644       0x54 ./Core/Src/breakout.o
 .text.score_text_colour
                0x08001698       0x24 ./Core/Src/breakout.o
 .text.active_power_mask
                0x080016bc       0x5c ./Core/Src/breakout.o
 .text.position_ball_on_paddle
                0x08001718       0x54 ./Core/Src/breakout.o
 .text.refresh_active_powers
                0x0800176c       0x58 ./Core/Src/breakout.o
 .text.enforce_min_horizontal_speed
                0x080017c4      0x134 ./Core/Src/breakout.o
 .text.renormalise_ball_speed
                0x080018f8       0xa4 ./Core/Src/breakout.o
 .text.draw_power_status_if_needed
                0x0800199c       0xbc ./Core/Src/breakout.o
 .text.draw_block_cell
                0x08001a58      0x210 ./Core/Src/breakout.o
 .text.draw_static_scene
                0x08001c68       0x5c ./Core/Src/breakout.o
 .text.draw_score_if_needed
                0x08001cc4       0x7c ./Core/Src/breakout.o
 .text.erase_old_ball
                0x08001d40       0xd4 ./Core/Src/breakout.o
 .text.erase_old_paddle
                0x08001e14       0xe4 ./Core/Src/breakout.o
 .text.draw_ball_current
                0x08001ef8      0x104 ./Core/Src/breakout.o
 .text.draw_paddle_current
                0x08001ffc      0x164 ./Core/Src/breakout.o
 .text.respawn_blocks
                0x08002160      0x174 ./Core/Src/breakout.o
 .text.try_advance_wave
                0x080022d4       0x80 ./Core/Src/breakout.o
 .text.handle_block_clear
                0x08002354       0x24 ./Core/Src/breakout.o
 .text.activate_block_power
                0x08002378       0x8c ./Core/Src/breakout.o
 .text.block_intl
                0x08002404       0x18 ./Core/Src/breakout.o
                0x08002404                block_intl
 .text.block_draw
                0x0800241c       0x60 ./Core/Src/breakout.o
                0x0800241c                block_draw
 .text.initialise
                0x0800247c      0x104 ./Core/Src/breakout.o
                0x0800247c                initialise
 .text.release_ball
                0x08002580      0x158 ./Core/Src/breakout.o
                0x08002580                release_ball
 .text.bouncex  0x080026d8       0x3c ./Core/Src/breakout.o
                0x080026d8                bouncex
 .text.bouncexplat
                0x08002714      0x130 ./Core/Src/breakout.o
                0x08002714                bouncexplat
 .text.bouncey  0x08002844       0x38 ./Core/Src/breakout.o
                0x08002844                bouncey
 .text.does_collide_blk
                0x0800287c      0x4c4 ./Core/Src/breakout.o
                0x0800287c                does_collide_blk
 .text.does_collide_wall
                0x08002d40       0xd8 ./Core/Src/breakout.o
                0x08002d40                does_collide_wall
 .text.does_collide_plat
                0x08002e18      0x230 ./Core/Src/breakout.o
                0x08002e18                does_collide_plat
 .text.ball_update
                0x08003048      0x170 ./Core/Src/breakout.o
                0x08003048                ball_update
 .text.platform_update
                0x080031b8      0x154 ./Core/Src/breakout.o
                0x080031b8                platform_update
 .text.break_Tick
                0x0800330c       0x5c ./Core/Src/breakout.o
                0x0800330c                break_Tick
 .text.break_draw
                0x08003368       0x7c ./Core/Src/breakout.o
                0x08003368                break_draw
 .text.Breakout_Update
                0x080033e4       0xc8 ./Core/Src/breakout.o
                0x080033e4                Breakout_Update
 .text.BreakoutSFX_Bounce
                0x080034ac       0x18 ./Core/Src/breakout_sfx.o
                0x080034ac                BreakoutSFX_Bounce
 .text.BreakoutSFX_BlockHit
                0x080034c4       0x18 ./Core/Src/breakout_sfx.o
                0x080034c4                BreakoutSFX_BlockHit
 .text.BreakoutSFX_PowerUp
                0x080034dc       0x18 ./Core/Src/breakout_sfx.o
                0x080034dc                BreakoutSFX_PowerUp
 .text.BreakoutSFX_GameOver
                0x080034f4       0x18 ./Core/Src/breakout_sfx.o
                0x080034f4                BreakoutSFX_GameOver
 .text.raw_pressed
                0x0800350c       0x3c ./Core/Src/buttons.o
 .text.Buttons_BeginFrame
                0x08003548       0x48 ./Core/Src/buttons.o
                0x08003548                Buttons_BeginFrame
 .text.Buttons_Tick1ms
                0x08003590      0x1b0 ./Core/Src/buttons.o
                0x08003590                Buttons_Tick1ms
 .text.Buttons_IsDown
                0x08003740       0x34 ./Core/Src/buttons.o
                0x08003740                Buttons_IsDown
 .text.Buttons_WasPressed
                0x08003774       0x34 ./Core/Src/buttons.o
                0x08003774                Buttons_WasPressed
 .text.Buttons_WasHeld
                0x080037a8       0x34 ./Core/Src/buttons.o
                0x080037a8                Buttons_WasHeld
 .text.MX_DAC2_Init
                0x080037dc       0x74 ./Core/Src/dac.o
                0x080037dc                MX_DAC2_Init
 .text.HAL_DAC_MspInit
                0x08003850       0xec ./Core/Src/dac.o
                0x08003850                HAL_DAC_MspInit
 .text.HAL_SPI_TxCpltCallback
                0x0800393c       0x44 ./Core/Src/display.o
                0x0800393c                HAL_SPI_TxCpltCallback
 .text.rect_valid
                0x08003980       0x4c ./Core/Src/display.o
 .text.clip_rect
                0x080039cc       0x56 ./Core/Src/display.o
 .text.rects_overlap_or_touch
                0x08003a22       0x7a ./Core/Src/display.o
 .text.rect_union
                0x08003a9c       0xa2 ./Core/Src/display.o
 *fill*         0x08003b3e        0x2 
 .text.mark_dirty
                0x08003b40      0x1c0 ./Core/Src/display.o
 .text.clear_dirty_state
                0x08003d00       0x24 ./Core/Src/display.o
 .text.LCD_ClearFrame
                0x08003d24       0x2c ./Core/Src/display.o
                0x08003d24                LCD_ClearFrame
 .text.LCD_DrawRect
                0x08003d50      0x108 ./Core/Src/display.o
                0x08003d50                LCD_DrawRect
 .text.build_scaled_2rows_full
                0x08003e58       0x7c ./Core/Src/display.o
 .text.build_scaled_2rows_partial
                0x08003ed4       0x8a ./Core/Src/display.o
 *fill*         0x08003f5e        0x2 
 .text.render_full_dma_internal
                0x08003f60       0x90 ./Core/Src/display.o
 .text.flush_rect_scaled
                0x08003ff0       0xe8 ./Core/Src/display.o
 .text.render_dma
                0x080040d8       0xb4 ./Core/Src/display.o
                0x080040d8                render_dma
 .text.border   0x0800418c       0xd4 ./Core/Src/display.o
                0x0800418c                border
 .text.Darken565
                0x08004260       0x94 ./Core/Src/display.o
                0x08004260                Darken565
 .text.MX_DMA_Init
                0x080042f4       0x8c ./Core/Src/dma.o
                0x080042f4                MX_DMA_Init
 .text.MX_GPIO_Init
                0x08004380      0x1d0 ./Core/Src/gpio.o
                0x08004380                MX_GPIO_Init
 .text.GetPressedMask
                0x08004550       0x46 ./Core/Src/loop.o
 .text.GetDownMask
                0x08004596       0x46 ./Core/Src/loop.o
 .text.GetHeldEventMask
                0x080045dc       0x46 ./Core/Src/loop.o
 *fill*         0x08004622        0x2 
 .text.loop     0x08004624       0xc4 ./Core/Src/loop.o
                0x08004624                loop
 .text.main     0x080046e8       0x94 ./Core/Src/main.o
                0x080046e8                main
 .text.SystemClock_Config
                0x0800477c       0x9a ./Core/Src/main.o
                0x0800477c                SystemClock_Config
 .text.Error_Handler
                0x08004816        0xc ./Core/Src/main.o
                0x08004816                Error_Handler
 .text.clampi   0x08004822       0x2e ./Core/Src/menu.o
 .text.LCD_DrawMenuTitleFancy
                0x08004850      0x224 ./Core/Src/menu.o
 .text.Menu_DrawStatic
                0x08004a74       0xfc ./Core/Src/menu.o
 .text.Menu_DrawRow
                0x08004b70      0x138 ./Core/Src/menu.o
 .text.Menu_DrawVisibleRows
                0x08004ca8       0x50 ./Core/Src/menu.o
 .text.Menu_Invalidate
                0x08004cf8       0x30 ./Core/Src/menu.o
                0x08004cf8                Menu_Invalidate
 .text.LCD_MenuDraw
                0x08004d28      0x130 ./Core/Src/menu.o
                0x08004d28                LCD_MenuDraw
 .text.Menu_Update
                0x08004e58       0xf4 ./Core/Src/menu.o
                0x08004e58                Menu_Update
 .text.MenuSFX_Move
                0x08004f4c       0x18 ./Core/Src/menu_sfx.o
                0x08004f4c                MenuSFX_Move
 .text.MenuSFX_Select
                0x08004f64       0x18 ./Core/Src/menu_sfx.o
                0x08004f64                MenuSFX_Select
 .text.MX_RNG_Init
                0x08004f7c       0x2c ./Core/Src/rng.o
                0x08004f7c                MX_RNG_Init
 .text.HAL_RNG_MspInit
                0x08004fa8       0x68 ./Core/Src/rng.o
                0x08004fa8                HAL_RNG_MspInit
 .text.setup    0x08005010       0xb8 ./Core/Src/setup.o
                0x08005010                setup
 .text.ms_to_samples
                0x080050c8       0x2c ./Core/Src/sfx.o
 .text.sfx_apply_step
                0x080050f4       0xd8 ./Core/Src/sfx.o
 .text.SFX_Init
                0x080051cc       0x90 ./Core/Src/sfx.o
                0x080051cc                SFX_Init
 .text.SFX_Play
                0x0800525c       0x70 ./Core/Src/sfx.o
                0x0800525c                SFX_Play
 .text.SFX_StopVoice
                0x080052cc       0x7c ./Core/Src/sfx.o
                0x080052cc                SFX_StopVoice
 .text.SFX_Update
                0x08005348       0x9c ./Core/Src/sfx.o
                0x08005348                SFX_Update
 .text.GX       0x080053e4       0x1a ./Core/Src/snake.o
 .text.GY       0x080053fe       0x1a ./Core/Src/snake.o
 .text.idx_wrap
                0x08005418       0x2e ./Core/Src/snake.o
 *fill*         0x08005446        0x2 
 .text.snake_head
                0x08005448       0x34 ./Core/Src/snake.o
 .text.snake_tail
                0x0800547c       0x48 ./Core/Src/snake.o
 .text.Snake_GridColor
                0x080054c4       0x2e ./Core/Src/snake.o
 .text.Snake_DrawGridCell
                0x080054f2       0x3e ./Core/Src/snake.o
 .text.snake_contains
                0x08005530       0x6c ./Core/Src/snake.o
 .text.Snake_SpawnFood
                0x0800559c       0x74 ./Core/Src/snake.o
 .text.Snake_DrawCell
                0x08005610       0x38 ./Core/Src/snake.o
 .text.Snake_DrawBoard
                0x08005648       0x3c ./Core/Src/snake.o
 .text.Snake_DrawStatic
                0x08005684       0x68 ./Core/Src/snake.o
 .text.Snake_DrawScoreIfNeeded
                0x080056ec       0x60 ./Core/Src/snake.o
 .text.Snake_DrawFoodIfNeeded
                0x0800574c       0x7c ./Core/Src/snake.o
 .text.Snake_DrawInitialBody
                0x080057c8       0x78 ./Core/Src/snake.o
 .text.Snake_DrawGameOverOnce
                0x08005840       0x5c ./Core/Src/snake.o
 .text.Snake_Init
                0x0800589c       0xec ./Core/Src/snake.o
                0x0800589c                Snake_Init
 .text.Snake_SetDir
                0x08005988       0x5c ./Core/Src/snake.o
                0x08005988                Snake_SetDir
 .text.Snake_Tick
                0x080059e4      0x1c4 ./Core/Src/snake.o
                0x080059e4                Snake_Tick
 .text.Snake_Draw
                0x08005ba8       0x38 ./Core/Src/snake.o
                0x08005ba8                Snake_Draw
 .text.Snake_Update
                0x08005be0       0xd4 ./Core/Src/snake.o
                0x08005be0                Snake_Update
 .text.SnakeSFX_MoveTick
                0x08005cb4       0x18 ./Core/Src/snake_sfx.o
                0x08005cb4                SnakeSFX_MoveTick
 .text.SnakeSFX_Eat
                0x08005ccc       0x18 ./Core/Src/snake_sfx.o
                0x08005ccc                SnakeSFX_Eat
 .text.SnakeSFX_HitWall
                0x08005ce4       0x18 ./Core/Src/snake_sfx.o
                0x08005ce4                SnakeSFX_HitWall
 .text.SnakeSFX_GameOver
                0x08005cfc       0x18 ./Core/Src/snake_sfx.o
                0x08005cfc                SnakeSFX_GameOver
 .text.HAL_MspInit
                0x08005d14       0x48 ./Core/Src/stm32g4xx_hal_msp.o
                0x08005d14                HAL_MspInit
 .text.NMI_Handler
                0x08005d5c        0x8 ./Core/Src/stm32g4xx_it.o
                0x08005d5c                NMI_Handler
 .text.HardFault_Handler
                0x08005d64        0x8 ./Core/Src/stm32g4xx_it.o
                0x08005d64                HardFault_Handler
 .text.MemManage_Handler
                0x08005d6c        0x8 ./Core/Src/stm32g4xx_it.o
                0x08005d6c                MemManage_Handler
 .text.BusFault_Handler
                0x08005d74        0x8 ./Core/Src/stm32g4xx_it.o
                0x08005d74                BusFault_Handler
 .text.UsageFault_Handler
                0x08005d7c        0x8 ./Core/Src/stm32g4xx_it.o
                0x08005d7c                UsageFault_Handler
 .text.SVC_Handler
                0x08005d84        0xe ./Core/Src/stm32g4xx_it.o
                0x08005d84                SVC_Handler
 .text.DebugMon_Handler
                0x08005d92        0xe ./Core/Src/stm32g4xx_it.o
                0x08005d92                DebugMon_Handler
 .text.PendSV_Handler
                0x08005da0        0xe ./Core/Src/stm32g4xx_it.o
                0x08005da0                PendSV_Handler
 .text.SysTick_Handler
                0x08005dae        0xc ./Core/Src/stm32g4xx_it.o
                0x08005dae                SysTick_Handler
 *fill*         0x08005dba        0x2 
 .text.DMA1_Channel1_IRQHandler
                0x08005dbc       0x14 ./Core/Src/stm32g4xx_it.o
                0x08005dbc                DMA1_Channel1_IRQHandler
 .text.DMA1_Channel2_IRQHandler
                0x08005dd0       0x14 ./Core/Src/stm32g4xx_it.o
                0x08005dd0                DMA1_Channel2_IRQHandler
 .text.SPI2_IRQHandler
                0x08005de4       0x14 ./Core/Src/stm32g4xx_it.o
                0x08005de4                SPI2_IRQHandler
 .text.EXTI15_10_IRQHandler
                0x08005df8        0xe ./Core/Src/stm32g4xx_it.o
                0x08005df8                EXTI15_10_IRQHandler
 *fill*         0x08005e06        0x2 
 .text.TIM6_DAC_IRQHandler
                0x08005e08       0x14 ./Core/Src/stm32g4xx_it.o
                0x08005e08                TIM6_DAC_IRQHandler
 .text.TIM7_DAC_IRQHandler
                0x08005e1c       0x14 ./Core/Src/stm32g4xx_it.o
                0x08005e1c                TIM7_DAC_IRQHandler
 .text.DMA2_Channel1_IRQHandler
                0x08005e30       0x14 ./Core/Src/stm32g4xx_it.o
                0x08005e30                DMA2_Channel1_IRQHandler
 .text.BSP_SPI2_Init
                0x08005e44       0x60 ./Core/Src/stm32g4xx_nucleo_bus.o
                0x08005e44                BSP_SPI2_Init
 .text.BSP_SPI2_DeInit
                0x08005ea4       0x50 ./Core/Src/stm32g4xx_nucleo_bus.o
                0x08005ea4                BSP_SPI2_DeInit
 .text.BSP_SPI2_Send
                0x08005ef4       0x38 ./Core/Src/stm32g4xx_nucleo_bus.o
                0x08005ef4                BSP_SPI2_Send
 .text.BSP_SPI2_Recv
                0x08005f2c       0x38 ./Core/Src/stm32g4xx_nucleo_bus.o
                0x08005f2c                BSP_SPI2_Recv
 .text.BSP_SPI2_Send_DMA
                0x08005f64       0x38 ./Core/Src/stm32g4xx_nucleo_bus.o
                0x08005f64                BSP_SPI2_Send_DMA
 .text.MX_SPI2_Init
                0x08005f9c       0x84 ./Core/Src/stm32g4xx_nucleo_bus.o
                0x08005f9c                MX_SPI2_Init
 .text.SPI2_MspInit
                0x08006020      0x16c ./Core/Src/stm32g4xx_nucleo_bus.o
 .text.SPI2_MspDeInit
                0x0800618c       0x5c ./Core/Src/stm32g4xx_nucleo_bus.o
 .text._getpid  0x080061e8       0x10 ./Core/Src/syscalls.o
                0x080061e8                _getpid
 .text._kill    0x080061f8       0x20 ./Core/Src/syscalls.o
                0x080061f8                _kill
 .text._exit    0x08006218       0x16 ./Core/Src/syscalls.o
                0x08006218                _exit
 .text._read    0x0800622e       0x3a ./Core/Src/syscalls.o
                0x0800622e                _read
 .text._write   0x08006268       0x38 ./Core/Src/syscalls.o
                0x08006268                _write
 .text._close   0x080062a0       0x18 ./Core/Src/syscalls.o
                0x080062a0                _close
 .text._fstat   0x080062b8       0x20 ./Core/Src/syscalls.o
                0x080062b8                _fstat
 .text._isatty  0x080062d8       0x16 ./Core/Src/syscalls.o
                0x080062d8                _isatty
 .text._lseek   0x080062ee       0x1a ./Core/Src/syscalls.o
                0x080062ee                _lseek
 .text._sbrk    0x08006308       0x6c ./Core/Src/sysmem.o
                0x08006308                _sbrk
 .text.SystemInit
                0x08006374       0x24 ./Core/Src/system_stm32g4xx.o
                0x08006374                SystemInit
 .text.GX       0x08006398       0x22 ./Core/Src/tetris.o
 .text.GY       0x080063ba       0x22 ./Core/Src/tetris.o
 .text.FallingColour
                0x080063dc       0x6c ./Core/Src/tetris.o
 .text.BlockColourFromCell
                0x08006448       0x80 ./Core/Src/tetris.o
 .text.DrawCell
                0x080064c8       0x7e ./Core/Src/tetris.o
 .text.DrawMiniCell
                0x08006546       0x8c ./Core/Src/tetris.o
 .text.DrawDoublePanelFrame
                0x080065d2       0xb6 ./Core/Src/tetris.o
 .text.DrawSinglePanelFrame
                0x08006688       0x64 ./Core/Src/tetris.o
 .text.DrawFuturePanels
                0x080066ec       0x20 ./Core/Src/tetris.o
 .text.DrawStoredBlock
                0x0800670c      0x32c ./Core/Src/tetris.o
 .text.DrawPredictedBlocks
                0x08006a38      0x340 ./Core/Src/tetris.o
 .text.Grid_init
                0x08006d78       0x80 ./Core/Src/tetris.o
                0x08006d78                Grid_init
 .text.Tetris_init
                0x08006df8       0x9c ./Core/Src/tetris.o
                0x08006df8                Tetris_init
 .text.Draw_Field
                0x08006e94       0x80 ./Core/Src/tetris.o
                0x08006e94                Draw_Field
 .text.B1_init  0x08006f14       0xd8 ./Core/Src/tetris.o
                0x08006f14                B1_init
 .text.B2_init  0x08006fec      0x194 ./Core/Src/tetris.o
                0x08006fec                B2_init
 .text.B3_init  0x08007180      0x194 ./Core/Src/tetris.o
                0x08007180                B3_init
 .text.B4_init  0x08007314       0xdc ./Core/Src/tetris.o
                0x08007314                B4_init
 .text.B5_init  0x080073f0       0xdc ./Core/Src/tetris.o
                0x080073f0                B5_init
 .text.B6_init  0x080074cc       0x74 ./Core/Src/tetris.o
                0x080074cc                B6_init
 .text.B7_init  0x08007540      0x18c ./Core/Src/tetris.o
                0x08007540                B7_init
 .text.B_init   0x080076cc      0x134 ./Core/Src/tetris.o
                0x080076cc                B_init
 .text.cell_ok  0x08007800       0x6c ./Core/Src/tetris.o
 .text.can_place_B1
                0x0800786c       0xb6 ./Core/Src/tetris.o
 .text.can_place_B2
                0x08007922      0x164 ./Core/Src/tetris.o
 .text.can_place_B3
                0x08007a86      0x164 ./Core/Src/tetris.o
 .text.can_place_B4
                0x08007bea       0xbe ./Core/Src/tetris.o
 .text.can_place_B5
                0x08007ca8       0xbe ./Core/Src/tetris.o
 .text.can_place_B6
                0x08007d66       0x62 ./Core/Src/tetris.o
 .text.can_place_B7
                0x08007dc8      0x154 ./Core/Src/tetris.o
 .text.can_move_down
                0x08007f1c       0x88 ./Core/Src/tetris.o
                0x08007f1c                can_move_down
 .text.can_move_right
                0x08007fa4       0x88 ./Core/Src/tetris.o
                0x08007fa4                can_move_right
 .text.can_move_left
                0x0800802c       0x88 ./Core/Src/tetris.o
                0x0800802c                can_move_left
 .text.erase_B  0x080080b4       0x68 ./Core/Src/tetris.o
                0x080080b4                erase_B
 .text.place    0x0800811c      0x11c ./Core/Src/tetris.o
                0x0800811c                place
 .text.hold     0x08008238       0xd0 ./Core/Src/tetris.o
                0x08008238                hold
 .text.rotate   0x08008308      0x114 ./Core/Src/tetris.o
                0x08008308                rotate
 .text.check_line
                0x0800841c       0x50 ./Core/Src/tetris.o
                0x0800841c                check_line
 .text.move_line
                0x0800846c       0x80 ./Core/Src/tetris.o
                0x0800846c                move_line
 .text.clear_line
                0x080084ec      0x120 ./Core/Src/tetris.o
                0x080084ec                clear_line
 .text.move_down
                0x0800860c       0x3c ./Core/Src/tetris.o
 .text.move_right
                0x08008648       0x3c ./Core/Src/tetris.o
 .text.move_left
                0x08008684       0x3c ./Core/Src/tetris.o
 .text.B_tick   0x080086c0       0xec ./Core/Src/tetris.o
                0x080086c0                B_tick
 .text.DrawGameOverPanel
                0x080087ac       0x6c ./Core/Src/tetris.o
 .text.DrawScorePanel
                0x08008818       0x74 ./Core/Src/tetris.o
 .text.Tetris_Update
                0x0800888c      0x224 ./Core/Src/tetris.o
                0x0800888c                Tetris_Update
 .text.TetrisSFX_GameOver
                0x08008ab0       0x18 ./Core/Src/tetris_audio.o
                0x08008ab0                TetrisSFX_GameOver
 .text.midi_to_freq
                0x08008ac8       0x44 ./Core/Src/tetris_audio.o
 .text.TA_ResetTracks
                0x08008b0c       0x98 ./Core/Src/tetris_audio.o
 .text.TetrisAudio_Init
                0x08008ba4       0x78 ./Core/Src/tetris_audio.o
                0x08008ba4                TetrisAudio_Init
 .text.TetrisAudio_Start
                0x08008c1c       0x1c ./Core/Src/tetris_audio.o
                0x08008c1c                TetrisAudio_Start
 .text.TetrisAudio_Stop
                0x08008c38       0x34 ./Core/Src/tetris_audio.o
                0x08008c38                TetrisAudio_Stop
 .text.TetrisAudio_SetBPM
                0x08008c6c       0xb8 ./Core/Src/tetris_audio.o
                0x08008c6c                TetrisAudio_SetBPM
 .text.TetrisAudio_Update
                0x08008d24       0x5c ./Core/Src/tetris_audio.o
                0x08008d24                TetrisAudio_Update
 .text.TA_LoadNext
                0x08008d80       0x6c ./Core/Src/tetris_audio.o
 .text.TA_AdvanceOne
                0x08008dec       0x40 ./Core/Src/tetris_audio.o
 .text.TA_AdvanceTracks
                0x08008e2c       0x78 ./Core/Src/tetris_audio.o
 .text.TA_ApplyEventToChannel
                0x08008ea4       0xc2 ./Core/Src/tetris_audio.o
 *fill*         0x08008f66        0x2 
 .text.LCD_FB_PutPixel
                0x08008f68       0x44 ./Core/Src/text.o
 .text.LCD_DrawChar
                0x08008fac       0xec ./Core/Src/text.o
                0x08008fac                LCD_DrawChar
 .text.LCD_DrawText
                0x08009098       0xb2 ./Core/Src/text.o
                0x08009098                LCD_DrawText
 *fill*         0x0800914a        0x2 
 .text.MX_TIM6_Init
                0x0800914c       0x6c ./Core/Src/tim.o
                0x0800914c                MX_TIM6_Init
 .text.MX_TIM15_Init
                0x080091b8       0xa4 ./Core/Src/tim.o
                0x080091b8                MX_TIM15_Init
 .text.HAL_TIM_Base_MspInit
                0x0800925c       0x74 ./Core/Src/tim.o
                0x0800925c                HAL_TIM_Base_MspInit
 .text.HAL_TIM_PeriodElapsedCallback
                0x080092d0       0x24 ./Core/Src/timers.o
                0x080092d0                HAL_TIM_PeriodElapsedCallback
 .text.Reset_Handler
                0x080092f4       0x50 ./Core/Startup/startup_stm32g474retx.o
                0x080092f4                Reset_Handler
 .text.Default_Handler
                0x08009344        0x2 ./Core/Startup/startup_stm32g474retx.o
                0x08009344                RTC_Alarm_IRQHandler
                0x08009344                EXTI2_IRQHandler
                0x08009344                TIM8_TRG_COM_IRQHandler
                0x08009344                TIM8_CC_IRQHandler
                0x08009344                HRTIM1_Master_IRQHandler
                0x08009344                SPI4_IRQHandler
                0x08009344                FDCAN3_IT0_IRQHandler
                0x08009344                TIM1_CC_IRQHandler
                0x08009344                HRTIM1_FLT_IRQHandler
                0x08009344                HRTIM1_TIMF_IRQHandler
                0x08009344                USB_HP_IRQHandler
                0x08009344                CORDIC_IRQHandler
                0x08009344                HRTIM1_TIMD_IRQHandler
                0x08009344                DMA2_Channel8_IRQHandler
                0x08009344                EXTI3_IRQHandler
                0x08009344                I2C3_ER_IRQHandler
                0x08009344                EXTI0_IRQHandler
                0x08009344                I2C2_EV_IRQHandler
                0x08009344                FPU_IRQHandler
                0x08009344                FDCAN1_IT1_IRQHandler
                0x08009344                TIM1_UP_TIM16_IRQHandler
                0x08009344                ADC1_2_IRQHandler
                0x08009344                HRTIM1_TIME_IRQHandler
                0x08009344                SPI1_IRQHandler
                0x08009344                HRTIM1_TIMC_IRQHandler
                0x08009344                TIM8_UP_IRQHandler
                0x08009344                DMA2_Channel2_IRQHandler
                0x08009344                DMA1_Channel4_IRQHandler
                0x08009344                TIM20_TRG_COM_IRQHandler
                0x08009344                USART3_IRQHandler
                0x08009344                DMA1_Channel7_IRQHandler
                0x08009344                UART5_IRQHandler
                0x08009344                ADC3_IRQHandler
                0x08009344                TIM4_IRQHandler
                0x08009344                QUADSPI_IRQHandler
                0x08009344                I2C1_EV_IRQHandler
                0x08009344                DMA1_Channel6_IRQHandler
                0x08009344                UART4_IRQHandler
                0x08009344                DMA2_Channel4_IRQHandler
                0x08009344                TIM3_IRQHandler
                0x08009344                RCC_IRQHandler
                0x08009344                TIM20_UP_IRQHandler
                0x08009344                Default_Handler
                0x08009344                DMA2_Channel7_IRQHandler
                0x08009344                RTC_TAMP_LSECSS_IRQHandler
                0x08009344                FMAC_IRQHandler
                0x08009344                DMA1_Channel8_IRQHandler
                0x08009344                HRTIM1_TIMA_IRQHandler
                0x08009344                FDCAN3_IT1_IRQHandler
                0x08009344                TIM5_IRQHandler
                0x08009344                UCPD1_IRQHandler
                0x08009344                I2C3_EV_IRQHandler
                0x08009344                EXTI9_5_IRQHandler
                0x08009344                RTC_WKUP_IRQHandler
                0x08009344                PVD_PVM_IRQHandler
                0x08009344                ADC5_IRQHandler
                0x08009344                DMA2_Channel5_IRQHandler
                0x08009344                CRS_IRQHandler
                0x08009344                DMA1_Channel5_IRQHandler
                0x08009344                USB_LP_IRQHandler
                0x08009344                EXTI4_IRQHandler
                0x08009344                RNG_IRQHandler
                0x08009344                HRTIM1_TIMB_IRQHandler
                0x08009344                TIM1_TRG_COM_TIM17_IRQHandler
                0x08009344                FDCAN2_IT1_IRQHandler
                0x08009344                DMA1_Channel3_IRQHandler
                0x08009344                ADC4_IRQHandler
                0x08009344                WWDG_IRQHandler
                0x08009344                I2C4_EV_IRQHandler
                0x08009344                FDCAN2_IT0_IRQHandler
                0x08009344                LPUART1_IRQHandler
                0x08009344                DMA2_Channel6_IRQHandler
                0x08009344                FDCAN1_IT0_IRQHandler
                0x08009344                TIM2_IRQHandler
                0x08009344                COMP7_IRQHandler
                0x08009344                COMP1_2_3_IRQHandler
                0x08009344                EXTI1_IRQHandler
                0x08009344                USART2_IRQHandler
                0x08009344                COMP4_5_6_IRQHandler
                0x08009344                TIM20_BRK_IRQHandler
                0x08009344                I2C2_ER_IRQHandler
                0x08009344                TIM8_BRK_IRQHandler
                0x08009344                FLASH_IRQHandler
                0x08009344                TIM20_CC_IRQHandler
                0x08009344                USART1_IRQHandler
                0x08009344                SPI3_IRQHandler
                0x08009344                I2C1_ER_IRQHandler
                0x08009344                FMC_IRQHandler
                0x08009344                LPTIM1_IRQHandler
                0x08009344                DMAMUX_OVR_IRQHandler
                0x08009344                I2C4_ER_IRQHandler
                0x08009344                USBWakeUp_IRQHandler
                0x08009344                SAI1_IRQHandler
                0x08009344                DMA2_Channel3_IRQHandler
                0x08009344                TIM1_BRK_TIM15_IRQHandler
 .text.BSP_LCD_Init
                0x08009346       0x4c ./DISPLAY/Target/lcd_io.o
                0x08009346                BSP_LCD_Init
 *fill*         0x08009392        0x2 
 .text.BSP_LCD_DisplayOn
                0x08009394       0x68 ./DISPLAY/Target/lcd_io.o
                0x08009394                BSP_LCD_DisplayOn
 .text.BSP_LCD_WriteDataDMA
                0x080093fc       0x70 ./DISPLAY/Target/lcd_io.o
                0x080093fc                BSP_LCD_WriteDataDMA
 .text.BSP_LCD_SetDisplayWindow
                0x0800946c       0x74 ./DISPLAY/Target/lcd_io.o
                0x0800946c                BSP_LCD_SetDisplayWindow
 .text.BSP_LCD_GetTransferStatus
                0x080094e0       0x18 ./DISPLAY/Target/lcd_io.o
                0x080094e0                BSP_LCD_GetTransferStatus
 .text.BSP_LCD_WaitForTransferToBeDone
                0x080094f8       0x1c ./DISPLAY/Target/lcd_io.o
                0x080094f8                BSP_LCD_WaitForTransferToBeDone
 .text.BSP_LCD_SignalTransferDone
                0x08009514       0x14 ./DISPLAY/Target/lcd_io.o
                0x08009514                BSP_LCD_SignalTransferDone
 .text.LCD_Probe
                0x08009528      0x10c ./DISPLAY/Target/lcd_io.o
 .text.LCD_IO_GetTick
                0x08009634       0x16 ./DISPLAY/Target/lcd_io.o
 .text.LCD_IO_Delay
                0x0800964a       0x18 ./DISPLAY/Target/lcd_io.o
 *fill*         0x08009662        0x2 
 .text.LCD_IO_Init
                0x08009664       0x44 ./DISPLAY/Target/lcd_io.o
 .text.LCD_IO_DeInit
                0x080096a8       0x1a ./DISPLAY/Target/lcd_io.o
 *fill*         0x080096c2        0x2 
 .text.LCD_IO_WriteReg
                0x080096c4       0x48 ./DISPLAY/Target/lcd_io.o
 .text.LCD_IO_ReadReg
                0x0800970c       0x1a ./DISPLAY/Target/lcd_io.o
 *fill*         0x08009726        0x2 
 .text.LCD_IO_SendData
                0x08009728       0x3c ./DISPLAY/Target/lcd_io.o
 .text.LCD_IO_SendDataDMA
                0x08009764       0x34 ./DISPLAY/Target/lcd_io.o
 .text.LCD_IO_RecvData
                0x08009798       0x50 ./DISPLAY/Target/lcd_io.o
 .text.LCD_IO_RecvDataDMA
                0x080097e8       0x1a ./DISPLAY/Target/lcd_io.o
 *fill*         0x08009802        0x2 
 .text.LCD_OS_Initialize
                0x08009804       0x34 ./DISPLAY/Target/lcd_os.o
                0x08009804                LCD_OS_Initialize
 .text.LCD_OS_Unlock
                0x08009838       0x24 ./DISPLAY/Target/lcd_os.o
                0x08009838                LCD_OS_Unlock
 .text.LCD_OS_UnlockFromISR
                0x0800985c       0x24 ./DISPLAY/Target/lcd_os.o
                0x0800985c                LCD_OS_UnlockFromISR
 .text.LCD_OS_TryLock
                0x08009880       0x70 ./DISPLAY/Target/lcd_os.o
                0x08009880                LCD_OS_TryLock
 .text.LCD_OS_IsLocked
                0x080098f0       0x24 ./DISPLAY/Target/lcd_os.o
                0x080098f0                LCD_OS_IsLocked
 .text.LCD_OS_WaitForTransferToBeDone
                0x08009914       0x2c ./DISPLAY/Target/lcd_os.o
                0x08009914                LCD_OS_WaitForTransferToBeDone
 .text.ILI9341_RegisterBusIO
                0x08009940       0xcc ./Drivers/BSP/Components/ili9341/ili9341.o
                0x08009940                ILI9341_RegisterBusIO
 .text.ILI9341_Init
                0x08009a0c      0x308 ./Drivers/BSP/Components/ili9341/ili9341.o
                0x08009a0c                ILI9341_Init
 .text.ILI9341_DeInit
                0x08009d14       0x18 ./Drivers/BSP/Components/ili9341/ili9341.o
                0x08009d14                ILI9341_DeInit
 .text.ILI9341_ReadID
                0x08009d2c       0x60 ./Drivers/BSP/Components/ili9341/ili9341.o
                0x08009d2c                ILI9341_ReadID
 .text.ILI9341_DisplayOn
                0x08009d8c       0x26 ./Drivers/BSP/Components/ili9341/ili9341.o
                0x08009d8c                ILI9341_DisplayOn
 .text.ILI9341_DisplayOff
                0x08009db2       0x26 ./Drivers/BSP/Components/ili9341/ili9341.o
                0x08009db2                ILI9341_DisplayOff
 .text.ILI9341_SetOrientation
                0x08009dd8       0xa4 ./Drivers/BSP/Components/ili9341/ili9341.o
                0x08009dd8                ILI9341_SetOrientation
 .text.ILI9341_GetOrientation
                0x08009e7c       0x24 ./Drivers/BSP/Components/ili9341/ili9341.o
                0x08009e7c                ILI9341_GetOrientation
 .text.ILI9341_GetXSize
                0x08009ea0       0x24 ./Drivers/BSP/Components/ili9341/ili9341.o
                0x08009ea0                ILI9341_GetXSize
 .text.ILI9341_GetYSize
                0x08009ec4       0x24 ./Drivers/BSP/Components/ili9341/ili9341.o
                0x08009ec4                ILI9341_GetYSize
 .text.ILI9341_SetDisplayWindow
                0x08009ee8       0xfe ./Drivers/BSP/Components/ili9341/ili9341.o
                0x08009ee8                ILI9341_SetDisplayWindow
 .text.ILI9341_ReadRegWrap
                0x08009fe6       0x24 ./Drivers/BSP/Components/ili9341/ili9341.o
 .text.ILI9341_WriteRegWrap
                0x0800a00a       0x24 ./Drivers/BSP/Components/ili9341/ili9341.o
 .text.ILI9341_SendDataWrap
                0x0800a02e       0x24 ./Drivers/BSP/Components/ili9341/ili9341.o
 .text.ILI9341_SendDataDMAWrap
                0x0800a052       0x24 ./Drivers/BSP/Components/ili9341/ili9341.o
 .text.ILI9341_RecvDataWrap
                0x0800a076       0x24 ./Drivers/BSP/Components/ili9341/ili9341.o
 .text.ILI9341_RecvDataDMAWrap
                0x0800a09a       0x24 ./Drivers/BSP/Components/ili9341/ili9341.o
 .text.ILI9341_Delay
                0x0800a0be       0x34 ./Drivers/BSP/Components/ili9341/ili9341.o
 .text.ili9341_write_reg
                0x0800a0f2       0x24 ./Drivers/BSP/Components/ili9341/ili9341_reg.o
                0x0800a0f2                ili9341_write_reg
 .text.ili9341_send_data
                0x0800a116       0x24 ./Drivers/BSP/Components/ili9341/ili9341_reg.o
                0x0800a116                ili9341_send_data
 .text.ili9341_recv_data
                0x0800a13a       0x24 ./Drivers/BSP/Components/ili9341/ili9341_reg.o
                0x0800a13a                ili9341_recv_data
 *fill*         0x0800a15e        0x2 
 .text.BSP_PB_Init
                0x0800a160       0xdc ./Drivers/BSP/STM32G4xx_Nucleo/stm32g4xx_nucleo.o
                0x0800a160                BSP_PB_Init
 .text.BSP_PB_IRQHandler
                0x0800a23c       0x24 ./Drivers/BSP/STM32G4xx_Nucleo/stm32g4xx_nucleo.o
                0x0800a23c                BSP_PB_IRQHandler
 .text.BSP_PB_Callback
                0x0800a260       0x16 ./Drivers/BSP/STM32G4xx_Nucleo/stm32g4xx_nucleo.o
                0x0800a260                BSP_PB_Callback
 *fill*         0x0800a276        0x2 
 .text.BSP_COM_Init
                0x0800a278       0x60 ./Drivers/BSP/STM32G4xx_Nucleo/stm32g4xx_nucleo.o
                0x0800a278                BSP_COM_Init
 .text.MX_LPUART1_Init
                0x0800a2d8       0x64 ./Drivers/BSP/STM32G4xx_Nucleo/stm32g4xx_nucleo.o
                0x0800a2d8                MX_LPUART1_Init
 .text.__io_putchar
                0x0800a33c       0x38 ./Drivers/BSP/STM32G4xx_Nucleo/stm32g4xx_nucleo.o
                0x0800a33c                __io_putchar
 .text.BUTTON_USER_EXTI_Callback
                0x0800a374        0xe ./Drivers/BSP/STM32G4xx_Nucleo/stm32g4xx_nucleo.o
 *fill*         0x0800a382        0x2 
 .text.COM1_MspInit
                0x0800a384       0x98 ./Drivers/BSP/STM32G4xx_Nucleo/stm32g4xx_nucleo.o
 .text.HAL_Init
                0x0800a41c       0x30 ./Drivers/STM32G4xx_HAL_Driver/Src/stm32g4xx_hal.o
                0x0800a41c                HAL_Init
 .text.HAL_InitTick
                0x0800a44c       0x74 ./Drivers/STM32G4xx_HAL_Driver/Src/stm32g4xx_hal.o
                0x0800a44c                HAL_InitTick
 .text.HAL_IncTick
                0x0800a4c0       0x24 ./Drivers/STM32G4xx_HAL_Driver/Src/stm32g4xx_hal.o
                0x0800a4c0                HAL_IncTick
 .text.HAL_GetTick
                0x0800a4e4       0x18 ./Drivers/STM32G4xx_HAL_Driver/Src/stm32g4xx_hal.o
                0x0800a4e4                HAL_GetTick
 .text.HAL_Delay
                0x0800a4fc       0x44 ./Drivers/STM32G4xx_HAL_Driver/Src/stm32g4xx_hal.o
                0x0800a4fc                HAL_Delay
 .text.__NVIC_SetPriorityGrouping
                0x0800a540       0x48 ./Drivers/STM32G4xx_HAL_Driver/Src/stm32g4xx_hal_cortex.o
 .text.__NVIC_GetPriorityGrouping
                0x0800a588       0x1c ./Drivers/STM32G4xx_HAL_Driver/Src/stm32g4xx_hal_cortex.o
 .text.__NVIC_EnableIRQ
                0x0800a5a4       0x3c ./Drivers/STM32G4xx_HAL_Driver/Src/stm32g4xx_hal_cortex.o
 .text.__NVIC_DisableIRQ
                0x0800a5e0       0x48 ./Drivers/STM32G4xx_HAL_Driver/Src/stm32g4xx_hal_cortex.o
 .text.__NVIC_SetPriority
                0x0800a628       0x54 ./Drivers/STM32G4xx_HAL_Driver/Src/stm32g4xx_hal_cortex.o
 .text.NVIC_EncodePriority
                0x0800a67c       0x66 ./Drivers/STM32G4xx_HAL_Driver/Src/stm32g4xx_hal_cortex.o
 *fill*         0x0800a6e2        0x2 
 .text.SysTick_Config
                0x0800a6e4       0x44 ./Drivers/STM32G4xx_HAL_Driver/Src/stm32g4xx_hal_cortex.o
 .text.HAL_NVIC_SetPriorityGrouping
                0x0800a728       0x16 ./Drivers/STM32G4xx_HAL_Driver/Src/stm32g4xx_hal_cortex.o
                0x0800a728                HAL_NVIC_SetPriorityGrouping
 .text.HAL_NVIC_SetPriority
                0x0800a73e       0x34 ./Drivers/STM32G4xx_HAL_Driver/Src/stm32g4xx_hal_cortex.o
                0x0800a73e                HAL_NVIC_SetPriority
 .text.HAL_NVIC_EnableIRQ
                0x0800a772       0x1c ./Drivers/STM32G4xx_HAL_Driver/Src/stm32g4xx_hal_cortex.o
                0x0800a772                HAL_NVIC_EnableIRQ
 .text.HAL_NVIC_DisableIRQ
                0x0800a78e       0x1c ./Drivers/STM32G4xx_HAL_Driver/Src/stm32g4xx_hal_cortex.o
                0x0800a78e                HAL_NVIC_DisableIRQ
 .text.HAL_SYSTICK_Config
                0x0800a7aa       0x18 ./Drivers/STM32G4xx_HAL_Driver/Src/stm32g4xx_hal_cortex.o
                0x0800a7aa                HAL_SYSTICK_Config
 .text.HAL_DAC_Init
                0x0800a7c2       0x44 ./Drivers/STM32G4xx_HAL_Driver/Src/stm32g4xx_hal_dac.o
                0x0800a7c2                HAL_DAC_Init
 *fill*         0x0800a806        0x2 
 .text.HAL_DAC_Start_DMA
                0x0800a808      0x1a8 ./Drivers/STM32G4xx_HAL_Driver/Src/stm32g4xx_hal_dac.o
                0x0800a808                HAL_DAC_Start_DMA
 .text.HAL_DAC_IRQHandler
                0x0800a9b0       0xac ./Drivers/STM32G4xx_HAL_Driver/Src/stm32g4xx_hal_dac.o
                0x0800a9b0                HAL_DAC_IRQHandler
 .text.HAL_DAC_ErrorCallbackCh1
                0x0800aa5c       0x14 ./Drivers/STM32G4xx_HAL_Driver/Src/stm32g4xx_hal_dac.o
                0x0800aa5c                HAL_DAC_ErrorCallbackCh1
 .text.HAL_DAC_DMAUnderrunCallbackCh1
                0x0800aa70       0x14 ./Drivers/STM32G4xx_HAL_Driver/Src/stm32g4xx_hal_dac.o
                0x0800aa70                HAL_DAC_DMAUnderrunCallbackCh1
 .text.HAL_DAC_ConfigChannel
                0x0800aa84      0x374 ./Drivers/STM32G4xx_HAL_Driver/Src/stm32g4xx_hal_dac.o
                0x0800aa84                HAL_DAC_ConfigChannel
 .text.DAC_DMAConvCpltCh1
                0x0800adf8       0x22 ./Drivers/STM32G4xx_HAL_Driver/Src/stm32g4xx_hal_dac.o
                0x0800adf8                DAC_DMAConvCpltCh1
 .text.DAC_DMAHalfConvCpltCh1
                0x0800ae1a       0x1c ./Drivers/STM32G4xx_HAL_Driver/Src/stm32g4xx_hal_dac.o
                0x0800ae1a                DAC_DMAHalfConvCpltCh1
 .text.DAC_DMAErrorCh1
                0x0800ae36       0x2e ./Drivers/STM32G4xx_HAL_Driver/Src/stm32g4xx_hal_dac.o
                0x0800ae36                DAC_DMAErrorCh1
 .text.HAL_DACEx_ConvCpltCallbackCh2
                0x0800ae64       0x14 ./Drivers/STM32G4xx_HAL_Driver/Src/stm32g4xx_hal_dac_ex.o
                0x0800ae64                HAL_DACEx_ConvCpltCallbackCh2
 .text.HAL_DACEx_ConvHalfCpltCallbackCh2
                0x0800ae78       0x14 ./Drivers/STM32G4xx_HAL_Driver/Src/stm32g4xx_hal_dac_ex.o
                0x0800ae78                HAL_DACEx_ConvHalfCpltCallbackCh2
 .text.HAL_DACEx_ErrorCallbackCh2
                0x0800ae8c       0x14 ./Drivers/STM32G4xx_HAL_Driver/Src/stm32g4xx_hal_dac_ex.o
                0x0800ae8c                HAL_DACEx_ErrorCallbackCh2
 .text.HAL_DACEx_DMAUnderrunCallbackCh2
                0x0800aea0       0x14 ./Drivers/STM32G4xx_HAL_Driver/Src/stm32g4xx_hal_dac_ex.o
                0x0800aea0                HAL_DACEx_DMAUnderrunCallbackCh2
 .text.DAC_DMAConvCpltCh2
                0x0800aeb4       0x22 ./Drivers/STM32G4xx_HAL_Driver/Src/stm32g4xx_hal_dac_ex.o
                0x0800aeb4                DAC_DMAConvCpltCh2
 .text.DAC_DMAHalfConvCpltCh2
                0x0800aed6       0x1c ./Drivers/STM32G4xx_HAL_Driver/Src/stm32g4xx_hal_dac_ex.o
                0x0800aed6                DAC_DMAHalfConvCpltCh2
 .text.DAC_DMAErrorCh2
                0x0800aef2       0x2e ./Drivers/STM32G4xx_HAL_Driver/Src/stm32g4xx_hal_dac_ex.o
                0x0800aef2                DAC_DMAErrorCh2
 .text.HAL_DMA_Init
                0x0800af20      0x150 ./Drivers/STM32G4xx_HAL_Driver/Src/stm32g4xx_hal_dma.o
                0x0800af20                HAL_DMA_Init
 .text.HAL_DMA_DeInit
                0x0800b070      0x12c ./Drivers/STM32G4xx_HAL_Driver/Src/stm32g4xx_hal_dma.o
                0x0800b070                HAL_DMA_DeInit
 .text.HAL_DMA_Start_IT
                0x0800b19c       0xf6 ./Drivers/STM32G4xx_HAL_Driver/Src/stm32g4xx_hal_dma.o
                0x0800b19c                HAL_DMA_Start_IT
 .text.HAL_DMA_Abort_IT
                0x0800b292       0xce ./Drivers/STM32G4xx_HAL_Driver/Src/stm32g4xx_hal_dma.o
                0x0800b292                HAL_DMA_Abort_IT
 .text.HAL_DMA_IRQHandler
                0x0800b360      0x15e ./Drivers/STM32G4xx_HAL_Driver/Src/stm32g4xx_hal_dma.o
                0x0800b360                HAL_DMA_IRQHandler
 .text.DMA_SetConfig
                0x0800b4be       0x7c ./Drivers/STM32G4xx_HAL_Driver/Src/stm32g4xx_hal_dma.o
 *fill*         0x0800b53a        0x2 
 .text.DMA_CalcDMAMUXChannelBaseAndMask
                0x0800b53c       0x7c ./Drivers/STM32G4xx_HAL_Driver/Src/stm32g4xx_hal_dma.o
 .text.DMA_CalcDMAMUXRequestGenBaseAndMask
                0x0800b5b8       0x48 ./Drivers/STM32G4xx_HAL_Driver/Src/stm32g4xx_hal_dma.o
 .text.HAL_EXTI_RegisterCallback
                0x0800b600       0x3a ./Drivers/STM32G4xx_HAL_Driver/Src/stm32g4xx_hal_exti.o
                0x0800b600                HAL_EXTI_RegisterCallback
 .text.HAL_EXTI_GetHandle
                0x0800b63a       0x28 ./Drivers/STM32G4xx_HAL_Driver/Src/stm32g4xx_hal_exti.o
                0x0800b63a                HAL_EXTI_GetHandle
 *fill*         0x0800b662        0x2 
 .text.HAL_EXTI_IRQHandler
                0x0800b664       0x60 ./Drivers/STM32G4xx_HAL_Driver/Src/stm32g4xx_hal_exti.o
                0x0800b664                HAL_EXTI_IRQHandler
 .text.HAL_GPIO_Init
                0x0800b6c4      0x304 ./Drivers/STM32G4xx_HAL_Driver/Src/stm32g4xx_hal_gpio.o
                0x0800b6c4                HAL_GPIO_Init
 .text.HAL_GPIO_DeInit
                0x0800b9c8      0x1c4 ./Drivers/STM32G4xx_HAL_Driver/Src/stm32g4xx_hal_gpio.o
                0x0800b9c8                HAL_GPIO_DeInit
 .text.HAL_GPIO_ReadPin
                0x0800bb8c       0x30 ./Drivers/STM32G4xx_HAL_Driver/Src/stm32g4xx_hal_gpio.o
                0x0800bb8c                HAL_GPIO_ReadPin
 .text.HAL_GPIO_WritePin
                0x0800bbbc       0x30 ./Drivers/STM32G4xx_HAL_Driver/Src/stm32g4xx_hal_gpio.o
                0x0800bbbc                HAL_GPIO_WritePin
 .text.HAL_GPIO_TogglePin
                0x0800bbec       0x34 ./Drivers/STM32G4xx_HAL_Driver/Src/stm32g4xx_hal_gpio.o
                0x0800bbec                HAL_GPIO_TogglePin
 .text.HAL_PWREx_ControlVoltageScaling
                0x0800bc20      0x148 ./Drivers/STM32G4xx_HAL_Driver/Src/stm32g4xx_hal_pwr_ex.o
                0x0800bc20                HAL_PWREx_ControlVoltageScaling
 .text.HAL_PWREx_DisableUCPDDeadBattery
                0x0800bd68       0x20 ./Drivers/STM32G4xx_HAL_Driver/Src/stm32g4xx_hal_pwr_ex.o
                0x0800bd68                HAL_PWREx_DisableUCPDDeadBattery
 .text.HAL_RCC_OscConfig
                0x0800bd88      0x624 ./Drivers/STM32G4xx_HAL_Driver/Src/stm32g4xx_hal_rcc.o
                0x0800bd88                HAL_RCC_OscConfig
 .text.HAL_RCC_ClockConfig
                0x0800c3ac      0x278 ./Drivers/STM32G4xx_HAL_Driver/Src/stm32g4xx_hal_rcc.o
                0x0800c3ac                HAL_RCC_ClockConfig
 .text.HAL_RCC_GetSysClockFreq
                0x0800c624       0xc4 ./Drivers/STM32G4xx_HAL_Driver/Src/stm32g4xx_hal_rcc.o
                0x0800c624                HAL_RCC_GetSysClockFreq
 .text.HAL_RCC_GetHCLKFreq
                0x0800c6e8       0x18 ./Drivers/STM32G4xx_HAL_Driver/Src/stm32g4xx_hal_rcc.o
                0x0800c6e8                HAL_RCC_GetHCLKFreq
 .text.HAL_RCC_GetPCLK1Freq
                0x0800c700       0x2c ./Drivers/STM32G4xx_HAL_Driver/Src/stm32g4xx_hal_rcc.o
                0x0800c700                HAL_RCC_GetPCLK1Freq
 .text.HAL_RCC_GetPCLK2Freq
                0x0800c72c       0x2c ./Drivers/STM32G4xx_HAL_Driver/Src/stm32g4xx_hal_rcc.o
                0x0800c72c                HAL_RCC_GetPCLK2Freq
 .text.RCC_GetSysClockFreqFromPLLSource
                0x0800c758       0x8c ./Drivers/STM32G4xx_HAL_Driver/Src/stm32g4xx_hal_rcc.o
 .text.HAL_RCCEx_PeriphCLKConfig
                0x0800c7e4      0x49c ./Drivers/STM32G4xx_HAL_Driver/Src/stm32g4xx_hal_rcc_ex.o
                0x0800c7e4                HAL_RCCEx_PeriphCLKConfig
 .text.HAL_RNG_Init
                0x0800cc80       0x6a ./Drivers/STM32G4xx_HAL_Driver/Src/stm32g4xx_hal_rng.o
                0x0800cc80                HAL_RNG_Init
 .text.HAL_RNG_GenerateRandomNumber
                0x0800ccea       0xac ./Drivers/STM32G4xx_HAL_Driver/Src/stm32g4xx_hal_rng.o
                0x0800ccea                HAL_RNG_GenerateRandomNumber
 .text.HAL_SPI_Init
                0x0800cd96      0x156 ./Drivers/STM32G4xx_HAL_Driver/Src/stm32g4xx_hal_spi.o
                0x0800cd96                HAL_SPI_Init
 .text.HAL_SPI_DeInit
                0x0800ceec       0x50 ./Drivers/STM32G4xx_HAL_Driver/Src/stm32g4xx_hal_spi.o
                0x0800ceec                HAL_SPI_DeInit
 .text.HAL_SPI_MspInit
                0x0800cf3c       0x14 ./Drivers/STM32G4xx_HAL_Driver/Src/stm32g4xx_hal_spi.o
                0x0800cf3c                HAL_SPI_MspInit
 .text.HAL_SPI_MspDeInit
                0x0800cf50       0x14 ./Drivers/STM32G4xx_HAL_Driver/Src/stm32g4xx_hal_spi.o
                0x0800cf50                HAL_SPI_MspDeInit
 .text.HAL_SPI_Transmit
                0x0800cf64      0x2ec ./Drivers/STM32G4xx_HAL_Driver/Src/stm32g4xx_hal_spi.o
                0x0800cf64                HAL_SPI_Transmit
 .text.HAL_SPI_Receive
                0x0800d250      0x270 ./Drivers/STM32G4xx_HAL_Driver/Src/stm32g4xx_hal_spi.o
                0x0800d250                HAL_SPI_Receive
 .text.HAL_SPI_TransmitReceive
                0x0800d4c0      0x43e ./Drivers/STM32G4xx_HAL_Driver/Src/stm32g4xx_hal_spi.o
                0x0800d4c0                HAL_SPI_TransmitReceive
 *fill*         0x0800d8fe        0x2 
 .text.HAL_SPI_Transmit_DMA
                0x0800d900      0x1dc ./Drivers/STM32G4xx_HAL_Driver/Src/stm32g4xx_hal_spi.o
                0x0800d900                HAL_SPI_Transmit_DMA
 .text.HAL_SPI_IRQHandler
                0x0800dadc      0x200 ./Drivers/STM32G4xx_HAL_Driver/Src/stm32g4xx_hal_spi.o
                0x0800dadc                HAL_SPI_IRQHandler
 .text.HAL_SPI_TxHalfCpltCallback
                0x0800dcdc       0x14 ./Drivers/STM32G4xx_HAL_Driver/Src/stm32g4xx_hal_spi.o
                0x0800dcdc                HAL_SPI_TxHalfCpltCallback
 .text.HAL_SPI_ErrorCallback
                0x0800dcf0       0x14 ./Drivers/STM32G4xx_HAL_Driver/Src/stm32g4xx_hal_spi.o
                0x0800dcf0                HAL_SPI_ErrorCallback
 .text.HAL_SPI_GetState
                0x0800dd04       0x1c ./Drivers/STM32G4xx_HAL_Driver/Src/stm32g4xx_hal_spi.o
                0x0800dd04                HAL_SPI_GetState
 .text.SPI_DMATransmitCplt
                0x0800dd20       0xa6 ./Drivers/STM32G4xx_HAL_Driver/Src/stm32g4xx_hal_spi.o
 .text.SPI_DMAHalfTransmitCplt
                0x0800ddc6       0x1c ./Drivers/STM32G4xx_HAL_Driver/Src/stm32g4xx_hal_spi.o
 .text.SPI_DMAError
                0x0800dde2       0x40 ./Drivers/STM32G4xx_HAL_Driver/Src/stm32g4xx_hal_spi.o
 .text.SPI_DMAAbortOnError
                0x0800de22       0x2a ./Drivers/STM32G4xx_HAL_Driver/Src/stm32g4xx_hal_spi.o
 .text.SPI_WaitFlagStateUntilTimeout
                0x0800de4c      0x110 ./Drivers/STM32G4xx_HAL_Driver/Src/stm32g4xx_hal_spi.o
 .text.SPI_WaitFifoStateUntilTimeout
                0x0800df5c      0x12c ./Drivers/STM32G4xx_HAL_Driver/Src/stm32g4xx_hal_spi.o
 .text.SPI_EndRxTransaction
                0x0800e088       0xb0 ./Drivers/STM32G4xx_HAL_Driver/Src/stm32g4xx_hal_spi.o
 .text.SPI_EndRxTxTransaction
                0x0800e138       0x8c ./Drivers/STM32G4xx_HAL_Driver/Src/stm32g4xx_hal_spi.o
 .text.HAL_TIM_Base_Init
                0x0800e1c4       0xae ./Drivers/STM32G4xx_HAL_Driver/Src/stm32g4xx_hal_tim.o
                0x0800e1c4                HAL_TIM_Base_Init
 *fill*         0x0800e272        0x2 
 .text.HAL_TIM_Base_Start
                0x0800e274       0xe0 ./Drivers/STM32G4xx_HAL_Driver/Src/stm32g4xx_hal_tim.o
                0x0800e274                HAL_TIM_Base_Start
 .text.HAL_TIM_Base_Start_IT
                0x0800e354       0xf0 ./Drivers/STM32G4xx_HAL_Driver/Src/stm32g4xx_hal_tim.o
                0x0800e354                HAL_TIM_Base_Start_IT
 .text.HAL_TIM_IRQHandler
                0x0800e444      0x29e ./Drivers/STM32G4xx_HAL_Driver/Src/stm32g4xx_hal_tim.o
                0x0800e444                HAL_TIM_IRQHandler
 *fill*         0x0800e6e2        0x2 
 .text.HAL_TIM_ConfigClockSource
                0x0800e6e4      0x22c ./Drivers/STM32G4xx_HAL_Driver/Src/stm32g4xx_hal_tim.o
                0x0800e6e4                HAL_TIM_ConfigClockSource
 .text.HAL_TIM_OC_DelayElapsedCallback
                0x0800e910       0x14 ./Drivers/STM32G4xx_HAL_Driver/Src/stm32g4xx_hal_tim.o
                0x0800e910                HAL_TIM_OC_DelayElapsedCallback
 .text.HAL_TIM_IC_CaptureCallback
                0x0800e924       0x14 ./Drivers/STM32G4xx_HAL_Driver/Src/stm32g4xx_hal_tim.o
                0x0800e924                HAL_TIM_IC_CaptureCallback
 .text.HAL_TIM_PWM_PulseFinishedCallback
                0x0800e938       0x14 ./Drivers/STM32G4xx_HAL_Driver/Src/stm32g4xx_hal_tim.o
                0x0800e938                HAL_TIM_PWM_PulseFinishedCallback
 .text.HAL_TIM_TriggerCallback
                0x0800e94c       0x14 ./Drivers/STM32G4xx_HAL_Driver/Src/stm32g4xx_hal_tim.o
                0x0800e94c                HAL_TIM_TriggerCallback
 .text.TIM_Base_SetConfig
                0x0800e960      0x168 ./Drivers/STM32G4xx_HAL_Driver/Src/stm32g4xx_hal_tim.o
                0x0800e960                TIM_Base_SetConfig
 .text.TIM_TI1_ConfigInputStage
                0x0800eac8       0x5e ./Drivers/STM32G4xx_HAL_Driver/Src/stm32g4xx_hal_tim.o
 .text.TIM_TI2_ConfigInputStage
                0x0800eb26       0x60 ./Drivers/STM32G4xx_HAL_Driver/Src/stm32g4xx_hal_tim.o
 .text.TIM_ITRx_SetConfig
                0x0800eb86       0x3a ./Drivers/STM32G4xx_HAL_Driver/Src/stm32g4xx_hal_tim.o
 .text.TIM_ETR_SetConfig
                0x0800ebc0       0x40 ./Drivers/STM32G4xx_HAL_Driver/Src/stm32g4xx_hal_tim.o
                0x0800ebc0                TIM_ETR_SetConfig
 .text.HAL_TIMEx_MasterConfigSynchronization
                0x0800ec00      0x12c ./Drivers/STM32G4xx_HAL_Driver/Src/stm32g4xx_hal_tim_ex.o
                0x0800ec00                HAL_TIMEx_MasterConfigSynchronization
 .text.HAL_TIMEx_CommutCallback
                0x0800ed2c       0x14 ./Drivers/STM32G4xx_HAL_Driver/Src/stm32g4xx_hal_tim_ex.o
                0x0800ed2c                HAL_TIMEx_CommutCallback
 .text.HAL_TIMEx_BreakCallback
                0x0800ed40       0x14 ./Drivers/STM32G4xx_HAL_Driver/Src/stm32g4xx_hal_tim_ex.o
                0x0800ed40                HAL_TIMEx_BreakCallback
 .text.HAL_TIMEx_Break2Callback
                0x0800ed54       0x14 ./Drivers/STM32G4xx_HAL_Driver/Src/stm32g4xx_hal_tim_ex.o
                0x0800ed54                HAL_TIMEx_Break2Callback
 .text.HAL_TIMEx_EncoderIndexCallback
                0x0800ed68       0x14 ./Drivers/STM32G4xx_HAL_Driver/Src/stm32g4xx_hal_tim_ex.o
                0x0800ed68                HAL_TIMEx_EncoderIndexCallback
 .text.HAL_TIMEx_DirectionChangeCallback
                0x0800ed7c       0x14 ./Drivers/STM32G4xx_HAL_Driver/Src/stm32g4xx_hal_tim_ex.o
                0x0800ed7c                HAL_TIMEx_DirectionChangeCallback
 .text.HAL_TIMEx_IndexErrorCallback
                0x0800ed90       0x14 ./Drivers/STM32G4xx_HAL_Driver/Src/stm32g4xx_hal_tim_ex.o
                0x0800ed90                HAL_TIMEx_IndexErrorCallback
 .text.HAL_TIMEx_TransitionErrorCallback
                0x0800eda4       0x14 ./Drivers/STM32G4xx_HAL_Driver/Src/stm32g4xx_hal_tim_ex.o
                0x0800eda4                HAL_TIMEx_TransitionErrorCallback
 .text.HAL_UART_Init
                0x0800edb8       0xa0 ./Drivers/STM32G4xx_HAL_Driver/Src/stm32g4xx_hal_uart.o
                0x0800edb8                HAL_UART_Init
 .text.HAL_UART_MspInit
                0x0800ee58       0x14 ./Drivers/STM32G4xx_HAL_Driver/Src/stm32g4xx_hal_uart.o
                0x0800ee58                HAL_UART_MspInit
 .text.HAL_UART_Transmit
                0x0800ee6c      0x11c ./Drivers/STM32G4xx_HAL_Driver/Src/stm32g4xx_hal_uart.o
                0x0800ee6c                HAL_UART_Transmit
 .text.UART_SetConfig
                0x0800ef88      0x5f8 ./Drivers/STM32G4xx_HAL_Driver/Src/stm32g4xx_hal_uart.o
                0x0800ef88                UART_SetConfig
 .text.UART_AdvFeatureConfig
                0x0800f580      0x144 ./Drivers/STM32G4xx_HAL_Driver/Src/stm32g4xx_hal_uart.o
                0x0800f580                UART_AdvFeatureConfig
 .text.UART_CheckIdleState
                0x0800f6c4      0x154 ./Drivers/STM32G4xx_HAL_Driver/Src/stm32g4xx_hal_uart.o
                0x0800f6c4                UART_CheckIdleState
 .text.UART_WaitOnFlagUntilTimeout
                0x0800f818       0xda ./Drivers/STM32G4xx_HAL_Driver/Src/stm32g4xx_hal_uart.o
                0x0800f818                UART_WaitOnFlagUntilTimeout
 .text.UART_EndRxTransfer
                0x0800f8f2       0xcc ./Drivers/STM32G4xx_HAL_Driver/Src/stm32g4xx_hal_uart.o
 .text.__itoa   0x0800f9be       0x30 C:/ST/STM32CubeIDE_1.19.0/STM32CubeIDE/plugins/com.st.stm32cube.ide.mcu.externaltools.gnu-tools-for-stm32.13.3.rel1.win32_1.0.100.202509120712/tools/bin/../lib/gcc/arm-none-eabi/13.3.1/../../../../arm-none-eabi/lib/thumb/v7e-m+fp/hard\libc_nano.a(libc_a-itoa.o)
                0x0800f9be                __itoa
 .text.itoa     0x0800f9ee        0x4 C:/ST/STM32CubeIDE_1.19.0/STM32CubeIDE/plugins/com.st.stm32cube.ide.mcu.externaltools.gnu-tools-for-stm32.13.3.rel1.win32_1.0.100.202509120712/tools/bin/../lib/gcc/arm-none-eabi/13.3.1/../../../../arm-none-eabi/lib/thumb/v7e-m+fp/hard\libc_nano.a(libc_a-itoa.o)
                0x0800f9ee                itoa
 *fill*         0x0800f9f2        0x2 
 .text.rand     0x0800f9f4       0x7c C:/ST/STM32CubeIDE_1.19.0/STM32CubeIDE/plugins/com.st.stm32cube.ide.mcu.externaltools.gnu-tools-for-stm32.13.3.rel1.win32_1.0.100.202509120712/tools/bin/../lib/gcc/arm-none-eabi/13.3.1/../../../../arm-none-eabi/lib/thumb/v7e-m+fp/hard\libc_nano.a(libc_a-rand.o)
                0x0800f9f4                rand
 .text.__utoa   0x0800fa70       0x84 C:/ST/STM32CubeIDE_1.19.0/STM32CubeIDE/plugins/com.st.stm32cube.ide.mcu.externaltools.gnu-tools-for-stm32.13.3.rel1.win32_1.0.100.202509120712/tools/bin/../lib/gcc/arm-none-eabi/13.3.1/../../../../arm-none-eabi/lib/thumb/v7e-m+fp/hard\libc_nano.a(libc_a-utoa.o)
                0x0800fa70                __utoa
 .text.__cvt    0x0800faf4       0xca C:/ST/STM32CubeIDE_1.19.0/STM32CubeIDE/plugins/com.st.stm32cube.ide.mcu.externaltools.gnu-tools-for-stm32.13.3.rel1.win32_1.0.100.202509120712/tools/bin/../lib/gcc/arm-none-eabi/13.3.1/../../../../arm-none-eabi/lib/thumb/v7e-m+fp/hard\libc_nano.a(libc_a-nano-vfprintf_float.o)
                0x0800faf4                __cvt
 .text.__exponent
                0x0800fbbe       0x74 C:/ST/STM32CubeIDE_1.19.0/STM32CubeIDE/plugins/com.st.stm32cube.ide.mcu.externaltools.gnu-tools-for-stm32.13.3.rel1.win32_1.0.100.202509120712/tools/bin/../lib/gcc/arm-none-eabi/13.3.1/../../../../arm-none-eabi/lib/thumb/v7e-m+fp/hard\libc_nano.a(libc_a-nano-vfprintf_float.o)
                0x0800fbbe                __exponent
 *fill*         0x0800fc32        0x2 
 .text._printf_float
                0x0800fc34      0x454 C:/ST/STM32CubeIDE_1.19.0/STM32CubeIDE/plugins/com.st.stm32cube.ide.mcu.externaltools.gnu-tools-for-stm32.13.3.rel1.win32_1.0.100.202509120712/tools/bin/../lib/gcc/arm-none-eabi/13.3.1/../../../../arm-none-eabi/lib/thumb/v7e-m+fp/hard\libc_nano.a(libc_a-nano-vfprintf_float.o)
                0x0800fc34                _printf_float
 .text._printf_common
                0x08010088       0xda C:/ST/STM32CubeIDE_1.19.0/STM32CubeIDE/plugins/com.st.stm32cube.ide.mcu.externaltools.gnu-tools-for-stm32.13.3.rel1.win32_1.0.100.202509120712/tools/bin/../lib/gcc/arm-none-eabi/13.3.1/../../../../arm-none-eabi/lib/thumb/v7e-m+fp/hard\libc_nano.a(libc_a-nano-vfprintf_i.o)
                0x08010088                _printf_common
 *fill*         0x08010162        0x2 
 .text._printf_i
                0x08010164      0x23c C:/ST/STM32CubeIDE_1.19.0/STM32CubeIDE/plugins/com.st.stm32cube.ide.mcu.externaltools.gnu-tools-for-stm32.13.3.rel1.win32_1.0.100.202509120712/tools/bin/../lib/gcc/arm-none-eabi/13.3.1/../../../../arm-none-eabi/lib/thumb/v7e-m+fp/hard\libc_nano.a(libc_a-nano-vfprintf_i.o)
                0x08010164                _printf_i
 .text.std      0x080103a0       0x6c C:/ST/STM32CubeIDE_1.19.0/STM32CubeIDE/plugins/com.st.stm32cube.ide.mcu.externaltools.gnu-tools-for-stm32.13.3.rel1.win32_1.0.100.202509120712/tools/bin/../lib/gcc/arm-none-eabi/13.3.1/../../../../arm-none-eabi/lib/thumb/v7e-m+fp/hard\libc_nano.a(libc_a-findfp.o)
 .text.stdio_exit_handler
                0x0801040c       0x18 C:/ST/STM32CubeIDE_1.19.0/STM32CubeIDE/plugins/com.st.stm32cube.ide.mcu.externaltools.gnu-tools-for-stm32.13.3.rel1.win32_1.0.100.202509120712/tools/bin/../lib/gcc/arm-none-eabi/13.3.1/../../../../arm-none-eabi/lib/thumb/v7e-m+fp/hard\libc_nano.a(libc_a-findfp.o)
 .text.cleanup_stdio
                0x08010424       0x40 C:/ST/STM32CubeIDE_1.19.0/STM32CubeIDE/plugins/com.st.stm32cube.ide.mcu.externaltools.gnu-tools-for-stm32.13.3.rel1.win32_1.0.100.202509120712/tools/bin/../lib/gcc/arm-none-eabi/13.3.1/../../../../arm-none-eabi/lib/thumb/v7e-m+fp/hard\libc_nano.a(libc_a-findfp.o)
 .text.global_stdio_init.part.0
                0x08010464       0x3c C:/ST/STM32CubeIDE_1.19.0/STM32CubeIDE/plugins/com.st.stm32cube.ide.mcu.externaltools.gnu-tools-for-stm32.13.3.rel1.win32_1.0.100.202509120712/tools/bin/../lib/gcc/arm-none-eabi/13.3.1/../../../../arm-none-eabi/lib/thumb/v7e-m+fp/hard\libc_nano.a(libc_a-findfp.o)
 .text.__sfp_lock_acquire
                0x080104a0        0xc C:/ST/STM32CubeIDE_1.19.0/STM32CubeIDE/plugins/com.st.stm32cube.ide.mcu.externaltools.gnu-tools-for-stm32.13.3.rel1.win32_1.0.100.202509120712/tools/bin/../lib/gcc/arm-none-eabi/13.3.1/../../../../arm-none-eabi/lib/thumb/v7e-m+fp/hard\libc_nano.a(libc_a-findfp.o)
                0x080104a0                __sfp_lock_acquire
 .text.__sfp_lock_release
                0x080104ac        0xc C:/ST/STM32CubeIDE_1.19.0/STM32CubeIDE/plugins/com.st.stm32cube.ide.mcu.externaltools.gnu-tools-for-stm32.13.3.rel1.win32_1.0.100.202509120712/tools/bin/../lib/gcc/arm-none-eabi/13.3.1/../../../../arm-none-eabi/lib/thumb/v7e-m+fp/hard\libc_nano.a(libc_a-findfp.o)
                0x080104ac                __sfp_lock_release
 .text.__sinit  0x080104b8       0x30 C:/ST/STM32CubeIDE_1.19.0/STM32CubeIDE/plugins/com.st.stm32cube.ide.mcu.externaltools.gnu-tools-for-stm32.13.3.rel1.win32_1.0.100.202509120712/tools/bin/../lib/gcc/arm-none-eabi/13.3.1/../../../../arm-none-eabi/lib/thumb/v7e-m+fp/hard\libc_nano.a(libc_a-findfp.o)
                0x080104b8                __sinit
 .text._fwalk_sglue
                0x080104e8       0x3c C:/ST/STM32CubeIDE_1.19.0/STM32CubeIDE/plugins/com.st.stm32cube.ide.mcu.externaltools.gnu-tools-for-stm32.13.3.rel1.win32_1.0.100.202509120712/tools/bin/../lib/gcc/arm-none-eabi/13.3.1/../../../../arm-none-eabi/lib/thumb/v7e-m+fp/hard\libc_nano.a(libc_a-fwalk.o)
                0x080104e8                _fwalk_sglue
 .text.printf   0x08010524       0x24 C:/ST/STM32CubeIDE_1.19.0/STM32CubeIDE/plugins/com.st.stm32cube.ide.mcu.externaltools.gnu-tools-for-stm32.13.3.rel1.win32_1.0.100.202509120712/tools/bin/../lib/gcc/arm-none-eabi/13.3.1/../../../../arm-none-eabi/lib/thumb/v7e-m+fp/hard\libc_nano.a(libc_a-printf.o)
                0x08010524                iprintf
                0x08010524                printf
 .text.__sread  0x08010548       0x22 C:/ST/STM32CubeIDE_1.19.0/STM32CubeIDE/plugins/com.st.stm32cube.ide.mcu.externaltools.gnu-tools-for-stm32.13.3.rel1.win32_1.0.100.202509120712/tools/bin/../lib/gcc/arm-none-eabi/13.3.1/../../../../arm-none-eabi/lib/thumb/v7e-m+fp/hard\libc_nano.a(libc_a-stdio.o)
                0x08010548                __sread
 .text.__swrite
                0x0801056a       0x38 C:/ST/STM32CubeIDE_1.19.0/STM32CubeIDE/plugins/com.st.stm32cube.ide.mcu.externaltools.gnu-tools-for-stm32.13.3.rel1.win32_1.0.100.202509120712/tools/bin/../lib/gcc/arm-none-eabi/13.3.1/../../../../arm-none-eabi/lib/thumb/v7e-m+fp/hard\libc_nano.a(libc_a-stdio.o)
                0x0801056a                __swrite
 .text.__sseek  0x080105a2       0x24 C:/ST/STM32CubeIDE_1.19.0/STM32CubeIDE/plugins/com.st.stm32cube.ide.mcu.externaltools.gnu-tools-for-stm32.13.3.rel1.win32_1.0.100.202509120712/tools/bin/../lib/gcc/arm-none-eabi/13.3.1/../../../../arm-none-eabi/lib/thumb/v7e-m+fp/hard\libc_nano.a(libc_a-stdio.o)
                0x080105a2                __sseek
 .text.__sclose
                0x080105c6        0x8 C:/ST/STM32CubeIDE_1.19.0/STM32CubeIDE/plugins/com.st.stm32cube.ide.mcu.externaltools.gnu-tools-for-stm32.13.3.rel1.win32_1.0.100.202509120712/tools/bin/../lib/gcc/arm-none-eabi/13.3.1/../../../../arm-none-eabi/lib/thumb/v7e-m+fp/hard\libc_nano.a(libc_a-stdio.o)
                0x080105c6                __sclose
 .text.memset   0x080105ce       0x10 C:/ST/STM32CubeIDE_1.19.0/STM32CubeIDE/plugins/com.st.stm32cube.ide.mcu.externaltools.gnu-tools-for-stm32.13.3.rel1.win32_1.0.100.202509120712/tools/bin/../lib/gcc/arm-none-eabi/13.3.1/../../../../arm-none-eabi/lib/thumb/v7e-m+fp/hard\libc_nano.a(libc_a-memset.o)
                0x080105ce                memset
 *fill*         0x080105de        0x2 
 .text._localeconv_r
                0x080105e0        0x8 C:/ST/STM32CubeIDE_1.19.0/STM32CubeIDE/plugins/com.st.stm32cube.ide.mcu.externaltools.gnu-tools-for-stm32.13.3.rel1.win32_1.0.100.202509120712/tools/bin/../lib/gcc/arm-none-eabi/13.3.1/../../../../arm-none-eabi/lib/thumb/v7e-m+fp/hard\libc_nano.a(libc_a-localeconv.o)
                0x080105e0                _localeconv_r
 .text._close_r
                0x080105e8       0x20 C:/ST/STM32CubeIDE_1.19.0/STM32CubeIDE/plugins/com.st.stm32cube.ide.mcu.externaltools.gnu-tools-for-stm32.13.3.rel1.win32_1.0.100.202509120712/tools/bin/../lib/gcc/arm-none-eabi/13.3.1/../../../../arm-none-eabi/lib/thumb/v7e-m+fp/hard\libc_nano.a(libc_a-closer.o)
                0x080105e8                _close_r
 .text._lseek_r
                0x08010608       0x24 C:/ST/STM32CubeIDE_1.19.0/STM32CubeIDE/plugins/com.st.stm32cube.ide.mcu.externaltools.gnu-tools-for-stm32.13.3.rel1.win32_1.0.100.202509120712/tools/bin/../lib/gcc/arm-none-eabi/13.3.1/../../../../arm-none-eabi/lib/thumb/v7e-m+fp/hard\libc_nano.a(libc_a-lseekr.o)
                0x08010608                _lseek_r
 .text._read_r  0x0801062c       0x24 C:/ST/STM32CubeIDE_1.19.0/STM32CubeIDE/plugins/com.st.stm32cube.ide.mcu.externaltools.gnu-tools-for-stm32.13.3.rel1.win32_1.0.100.202509120712/tools/bin/../lib/gcc/arm-none-eabi/13.3.1/../../../../arm-none-eabi/lib/thumb/v7e-m+fp/hard\libc_nano.a(libc_a-readr.o)
                0x0801062c                _read_r
 .text._write_r
                0x08010650       0x24 C:/ST/STM32CubeIDE_1.19.0/STM32CubeIDE/plugins/com.st.stm32cube.ide.mcu.externaltools.gnu-tools-for-stm32.13.3.rel1.win32_1.0.100.202509120712/tools/bin/../lib/gcc/arm-none-eabi/13.3.1/../../../../arm-none-eabi/lib/thumb/v7e-m+fp/hard\libc_nano.a(libc_a-writer.o)
                0x08010650                _write_r
 .text.__errno  0x08010674        0xc C:/ST/STM32CubeIDE_1.19.0/STM32CubeIDE/plugins/com.st.stm32cube.ide.mcu.externaltools.gnu-tools-for-stm32.13.3.rel1.win32_1.0.100.202509120712/tools/bin/../lib/gcc/arm-none-eabi/13.3.1/../../../../arm-none-eabi/lib/thumb/v7e-m+fp/hard\libc_nano.a(libc_a-errno.o)
                0x08010674                __errno
 .text.__libc_init_array
                0x08010680       0x48 C:/ST/STM32CubeIDE_1.19.0/STM32CubeIDE/plugins/com.st.stm32cube.ide.mcu.externaltools.gnu-tools-for-stm32.13.3.rel1.win32_1.0.100.202509120712/tools/bin/../lib/gcc/arm-none-eabi/13.3.1/../../../../arm-none-eabi/lib/thumb/v7e-m+fp/hard\libc_nano.a(libc_a-init.o)
                0x08010680                __libc_init_array
 .text.__retarget_lock_init_recursive
                0x080106c8        0x2 C:/ST/STM32CubeIDE_1.19.0/STM32CubeIDE/plugins/com.st.stm32cube.ide.mcu.externaltools.gnu-tools-for-stm32.13.3.rel1.win32_1.0.100.202509120712/tools/bin/../lib/gcc/arm-none-eabi/13.3.1/../../../../arm-none-eabi/lib/thumb/v7e-m+fp/hard\libc_nano.a(libc_a-lock.o)
                0x080106c8                __retarget_lock_init_recursive
 .text.__retarget_lock_acquire_recursive
                0x080106ca        0x2 C:/ST/STM32CubeIDE_1.19.0/STM32CubeIDE/plugins/com.st.stm32cube.ide.mcu.externaltools.gnu-tools-for-stm32.13.3.rel1.win32_1.0.100.202509120712/tools/bin/../lib/gcc/arm-none-eabi/13.3.1/../../../../arm-none-eabi/lib/thumb/v7e-m+fp/hard\libc_nano.a(libc_a-lock.o)
                0x080106ca                __retarget_lock_acquire_recursive
 .text.__retarget_lock_release_recursive
                0x080106cc        0x2 C:/ST/STM32CubeIDE_1.19.0/STM32CubeIDE/plugins/com.st.stm32cube.ide.mcu.externaltools.gnu-tools-for-stm32.13.3.rel1.win32_1.0.100.202509120712/tools/bin/../lib/gcc/arm-none-eabi/13.3.1/../../../../arm-none-eabi/lib/thumb/v7e-m+fp/hard\libc_nano.a(libc_a-lock.o)
                0x080106cc                __retarget_lock_release_recursive
 .text.memcpy   0x080106ce       0x1c C:/ST/STM32CubeIDE_1.19.0/STM32CubeIDE/plugins/com.st.stm32cube.ide.mcu.externaltools.gnu-tools-for-stm32.13.3.rel1.win32_1.0.100.202509120712/tools/bin/../lib/gcc/arm-none-eabi/13.3.1/../../../../arm-none-eabi/lib/thumb/v7e-m+fp/hard\libc_nano.a(libc_a-memcpy-stub.o)
                0x080106ce                memcpy
 *fill*         0x080106ea        0x2 
 .text.__assert_func
                0x080106ec       0x3c C:/ST/STM32CubeIDE_1.19.0/STM32CubeIDE/plugins/com.st.stm32cube.ide.mcu.externaltools.gnu-tools-for-stm32.13.3.rel1.win32_1.0.100.202509120712/tools/bin/../lib/gcc/arm-none-eabi/13.3.1/../../../../arm-none-eabi/lib/thumb/v7e-m+fp/hard\libc_nano.a(libc_a-assert.o)
                0x080106ec                __assert_func
 .text.quorem   0x08010728      0x110 C:/ST/STM32CubeIDE_1.19.0/STM32CubeIDE/plugins/com.st.stm32cube.ide.mcu.externaltools.gnu-tools-for-stm32.13.3.rel1.win32_1.0.100.202509120712/tools/bin/../lib/gcc/arm-none-eabi/13.3.1/../../../../arm-none-eabi/lib/thumb/v7e-m+fp/hard\libc_nano.a(libc_a-dtoa.o)
 .text._dtoa_r  0x08010838      0xba0 C:/ST/STM32CubeIDE_1.19.0/STM32CubeIDE/plugins/com.st.stm32cube.ide.mcu.externaltools.gnu-tools-for-stm32.13.3.rel1.win32_1.0.100.202509120712/tools/bin/../lib/gcc/arm-none-eabi/13.3.1/../../../../arm-none-eabi/lib/thumb/v7e-m+fp/hard\libc_nano.a(libc_a-dtoa.o)
                0x08010838                _dtoa_r
 .text._free_r  0x080113d8       0x94 C:/ST/STM32CubeIDE_1.19.0/STM32CubeIDE/plugins/com.st.stm32cube.ide.mcu.externaltools.gnu-tools-for-stm32.13.3.rel1.win32_1.0.100.202509120712/tools/bin/../lib/gcc/arm-none-eabi/13.3.1/../../../../arm-none-eabi/lib/thumb/v7e-m+fp/hard\libc_nano.a(libc_a-freer.o)
                0x080113d8                _free_r
 .text.malloc   0x0801146c       0x10 C:/ST/STM32CubeIDE_1.19.0/STM32CubeIDE/plugins/com.st.stm32cube.ide.mcu.externaltools.gnu-tools-for-stm32.13.3.rel1.win32_1.0.100.202509120712/tools/bin/../lib/gcc/arm-none-eabi/13.3.1/../../../../arm-none-eabi/lib/thumb/v7e-m+fp/hard\libc_nano.a(libc_a-malloc.o)
                0x0801146c                malloc
 .text.sbrk_aligned
                0x0801147c       0x44 C:/ST/STM32CubeIDE_1.19.0/STM32CubeIDE/plugins/com.st.stm32cube.ide.mcu.externaltools.gnu-tools-for-stm32.13.3.rel1.win32_1.0.100.202509120712/tools/bin/../lib/gcc/arm-none-eabi/13.3.1/../../../../arm-none-eabi/lib/thumb/v7e-m+fp/hard\libc_nano.a(libc_a-mallocr.o)
 .text._malloc_r
                0x080114c0      0x100 C:/ST/STM32CubeIDE_1.19.0/STM32CubeIDE/plugins/com.st.stm32cube.ide.mcu.externaltools.gnu-tools-for-stm32.13.3.rel1.win32_1.0.100.202509120712/tools/bin/../lib/gcc/arm-none-eabi/13.3.1/../../../../arm-none-eabi/lib/thumb/v7e-m+fp/hard\libc_nano.a(libc_a-mallocr.o)
                0x080114c0                _malloc_r
 .text.__malloc_lock
                0x080115c0        0xc C:/ST/STM32CubeIDE_1.19.0/STM32CubeIDE/plugins/com.st.stm32cube.ide.mcu.externaltools.gnu-tools-for-stm32.13.3.rel1.win32_1.0.100.202509120712/tools/bin/../lib/gcc/arm-none-eabi/13.3.1/../../../../arm-none-eabi/lib/thumb/v7e-m+fp/hard\libc_nano.a(libc_a-mlock.o)
                0x080115c0                __malloc_lock
 .text.__malloc_unlock
                0x080115cc        0xc C:/ST/STM32CubeIDE_1.19.0/STM32CubeIDE/plugins/com.st.stm32cube.ide.mcu.externaltools.gnu-tools-for-stm32.13.3.rel1.win32_1.0.100.202509120712/tools/bin/../lib/gcc/arm-none-eabi/13.3.1/../../../../arm-none-eabi/lib/thumb/v7e-m+fp/hard\libc_nano.a(libc_a-mlock.o)
                0x080115cc                __malloc_unlock
 .text._Balloc  0x080115d8       0x80 C:/ST/STM32CubeIDE_1.19.0/STM32CubeIDE/plugins/com.st.stm32cube.ide.mcu.externaltools.gnu-tools-for-stm32.13.3.rel1.win32_1.0.100.202509120712/tools/bin/../lib/gcc/arm-none-eabi/13.3.1/../../../../arm-none-eabi/lib/thumb/v7e-m+fp/hard\libc_nano.a(libc_a-mprec.o)
                0x080115d8                _Balloc
 .text._Bfree   0x08011658       0x44 C:/ST/STM32CubeIDE_1.19.0/STM32CubeIDE/plugins/com.st.stm32cube.ide.mcu.externaltools.gnu-tools-for-stm32.13.3.rel1.win32_1.0.100.202509120712/tools/bin/../lib/gcc/arm-none-eabi/13.3.1/../../../../arm-none-eabi/lib/thumb/v7e-m+fp/hard\libc_nano.a(libc_a-mprec.o)
                0x08011658                _Bfree
 .text.__multadd
                0x0801169c       0x8c C:/ST/STM32CubeIDE_1.19.0/STM32CubeIDE/plugins/com.st.stm32cube.ide.mcu.externaltools.gnu-tools-for-stm32.13.3.rel1.win32_1.0.100.202509120712/tools/bin/../lib/gcc/arm-none-eabi/13.3.1/../../../../arm-none-eabi/lib/thumb/v7e-m+fp/hard\libc_nano.a(libc_a-mprec.o)
                0x0801169c                __multadd
 .text.__hi0bits
                0x08011728       0x3e C:/ST/STM32CubeIDE_1.19.0/STM32CubeIDE/plugins/com.st.stm32cube.ide.mcu.externaltools.gnu-tools-for-stm32.13.3.rel1.win32_1.0.100.202509120712/tools/bin/../lib/gcc/arm-none-eabi/13.3.1/../../../../arm-none-eabi/lib/thumb/v7e-m+fp/hard\libc_nano.a(libc_a-mprec.o)
                0x08011728                __hi0bits
 .text.__lo0bits
                0x08011766       0x5a C:/ST/STM32CubeIDE_1.19.0/STM32CubeIDE/plugins/com.st.stm32cube.ide.mcu.externaltools.gnu-tools-for-stm32.13.3.rel1.win32_1.0.100.202509120712/tools/bin/../lib/gcc/arm-none-eabi/13.3.1/../../../../arm-none-eabi/lib/thumb/v7e-m+fp/hard\libc_nano.a(libc_a-mprec.o)
                0x08011766                __lo0bits
 .text.__i2b    0x080117c0       0x2c C:/ST/STM32CubeIDE_1.19.0/STM32CubeIDE/plugins/com.st.stm32cube.ide.mcu.externaltools.gnu-tools-for-stm32.13.3.rel1.win32_1.0.100.202509120712/tools/bin/../lib/gcc/arm-none-eabi/13.3.1/../../../../arm-none-eabi/lib/thumb/v7e-m+fp/hard\libc_nano.a(libc_a-mprec.o)
                0x080117c0                __i2b
 .text.__multiply
                0x080117ec      0x144 C:/ST/STM32CubeIDE_1.19.0/STM32CubeIDE/plugins/com.st.stm32cube.ide.mcu.externaltools.gnu-tools-for-stm32.13.3.rel1.win32_1.0.100.202509120712/tools/bin/../lib/gcc/arm-none-eabi/13.3.1/../../../../arm-none-eabi/lib/thumb/v7e-m+fp/hard\libc_nano.a(libc_a-mprec.o)
                0x080117ec                __multiply
 .text.__pow5mult
                0x08011930       0xb4 C:/ST/STM32CubeIDE_1.19.0/STM32CubeIDE/plugins/com.st.stm32cube.ide.mcu.externaltools.gnu-tools-for-stm32.13.3.rel1.win32_1.0.100.202509120712/tools/bin/../lib/gcc/arm-none-eabi/13.3.1/../../../../arm-none-eabi/lib/thumb/v7e-m+fp/hard\libc_nano.a(libc_a-mprec.o)
                0x08011930                __pow5mult
 .text.__lshift
                0x080119e4       0xd8 C:/ST/STM32CubeIDE_1.19.0/STM32CubeIDE/plugins/com.st.stm32cube.ide.mcu.externaltools.gnu-tools-for-stm32.13.3.rel1.win32_1.0.100.202509120712/tools/bin/../lib/gcc/arm-none-eabi/13.3.1/../../../../arm-none-eabi/lib/thumb/v7e-m+fp/hard\libc_nano.a(libc_a-mprec.o)
                0x080119e4                __lshift
 .text.__mcmp   0x08011abc       0x36 C:/ST/STM32CubeIDE_1.19.0/STM32CubeIDE/plugins/com.st.stm32cube.ide.mcu.externaltools.gnu-tools-for-stm32.13.3.rel1.win32_1.0.100.202509120712/tools/bin/../lib/gcc/arm-none-eabi/13.3.1/../../../../arm-none-eabi/lib/thumb/v7e-m+fp/hard\libc_nano.a(libc_a-mprec.o)
                0x08011abc                __mcmp
 *fill*         0x08011af2        0x2 
 .text.__mdiff  0x08011af4      0x128 C:/ST/STM32CubeIDE_1.19.0/STM32CubeIDE/plugins/com.st.stm32cube.ide.mcu.externaltools.gnu-tools-for-stm32.13.3.rel1.win32_1.0.100.202509120712/tools/bin/../lib/gcc/arm-none-eabi/13.3.1/../../../../arm-none-eabi/lib/thumb/v7e-m+fp/hard\libc_nano.a(libc_a-mprec.o)
                0x08011af4                __mdiff
 .text.__d2b    0x08011c1c       0xb0 C:/ST/STM32CubeIDE_1.19.0/STM32CubeIDE/plugins/com.st.stm32cube.ide.mcu.externaltools.gnu-tools-for-stm32.13.3.rel1.win32_1.0.100.202509120712/tools/bin/../lib/gcc/arm-none-eabi/13.3.1/../../../../arm-none-eabi/lib/thumb/v7e-m+fp/hard\libc_nano.a(libc_a-mprec.o)
                0x08011c1c                __d2b
 .text.__sfputc_r
                0x08011ccc       0x2e C:/ST/STM32CubeIDE_1.19.0/STM32CubeIDE/plugins/com.st.stm32cube.ide.mcu.externaltools.gnu-tools-for-stm32.13.3.rel1.win32_1.0.100.202509120712/tools/bin/../lib/gcc/arm-none-eabi/13.3.1/../../../../arm-none-eabi/lib/thumb/v7e-m+fp/hard\libc_nano.a(libc_a-nano-vfprintf.o)
 .text.__sfputs_r
                0x08011cfa       0x24 C:/ST/STM32CubeIDE_1.19.0/STM32CubeIDE/plugins/com.st.stm32cube.ide.mcu.externaltools.gnu-tools-for-stm32.13.3.rel1.win32_1.0.100.202509120712/tools/bin/../lib/gcc/arm-none-eabi/13.3.1/../../../../arm-none-eabi/lib/thumb/v7e-m+fp/hard\libc_nano.a(libc_a-nano-vfprintf.o)
                0x08011cfa                __sfputs_r
 *fill*         0x08011d1e        0x2 
 .text._vfprintf_r
                0x08011d20      0x230 C:/ST/STM32CubeIDE_1.19.0/STM32CubeIDE/plugins/com.st.stm32cube.ide.mcu.externaltools.gnu-tools-for-stm32.13.3.rel1.win32_1.0.100.202509120712/tools/bin/../lib/gcc/arm-none-eabi/13.3.1/../../../../arm-none-eabi/lib/thumb/v7e-m+fp/hard\libc_nano.a(libc_a-nano-vfprintf.o)
                0x08011d20                _vfprintf_r
                0x08011d20                _vfiprintf_r
 .text.__sflush_r
                0x08011f50      0x108 C:/ST/STM32CubeIDE_1.19.0/STM32CubeIDE/plugins/com.st.stm32cube.ide.mcu.externaltools.gnu-tools-for-stm32.13.3.rel1.win32_1.0.100.202509120712/tools/bin/../lib/gcc/arm-none-eabi/13.3.1/../../../../arm-none-eabi/lib/thumb/v7e-m+fp/hard\libc_nano.a(libc_a-fflush.o)
                0x08011f50                __sflush_r
 .text._fflush_r
                0x08012058       0x50 C:/ST/STM32CubeIDE_1.19.0/STM32CubeIDE/plugins/com.st.stm32cube.ide.mcu.externaltools.gnu-tools-for-stm32.13.3.rel1.win32_1.0.100.202509120712/tools/bin/../lib/gcc/arm-none-eabi/13.3.1/../../../../arm-none-eabi/lib/thumb/v7e-m+fp/hard\libc_nano.a(libc_a-fflush.o)