Archive member included to satisfy reference by file (symbol)

C:/ST/STM32CubeIDE_2.0.0/STM32CubeIDE/plugins/com.st.stm32cube.ide.mcu.externaltools.gnu-tools-for-stm32.14.3.rel1.win32_1.0.100.202602081740/tools/bin/../lib/gcc/arm-none-eabi/14.3.1/../../../../arm-none-eabi/lib/thumb/v7e-m+fp/hard\libc_nano.a(libc_a-exit.o)
                              C:/ST/STM32CubeIDE_2.0.0/STM32CubeIDE/plugins/com.st.stm32cube.ide.mcu.externaltools.gnu-tools-for-stm32.14.3.rel1.win32_1.0.100.202602081740/tools/bin/../lib/gcc/arm-none-eabi/14.3.1/../../../../arm-none-eabi/lib/thumb/v7e-m+fp/hard/crt0.o (exit)
C:/ST/STM32CubeIDE_2.0.0/STM32CubeIDE/plugins/com.st.stm32cube.ide.mcu.externaltools.gnu-tools-for-stm32.14.3.rel1.win32_1.0.100.202602081740/tools/bin/../lib/gcc/arm-none-eabi/14.3.1/../../../../arm-none-eabi/lib/thumb/v7e-m+fp/hard\libc_nano.a(libc_a-itoa.o)
                              ./Core/Src/breakout.o (itoa)
C:/ST/STM32CubeIDE_2.0.0/STM32CubeIDE/plugins/com.st.stm32cube.ide.mcu.externaltools.gnu-tools-for-stm32.14.3.rel1.win32_1.0.100.202602081740/tools/bin/../lib/gcc/arm-none-eabi/14.3.1/../../../../arm-none-eabi/lib/thumb/v7e-m+fp/hard\libc_nano.a(libc_a-rand.o)
                              ./Core/Src/breakout.o (rand)
C:/ST/STM32CubeIDE_2.0.0/STM32CubeIDE/plugins/com.st.stm32cube.ide.mcu.externaltools.gnu-tools-for-stm32.14.3.rel1.win32_1.0.100.202602081740/tools/bin/../lib/gcc/arm-none-eabi/14.3.1/../../../../arm-none-eabi/lib/thumb/v7e-m+fp/hard\libc_nano.a(libc_a-utoa.o)
                              C:/ST/STM32CubeIDE_2.0.0/STM32CubeIDE/plugins/com.st.stm32cube.ide.mcu.externaltools.gnu-tools-for-stm32.14.3.rel1.win32_1.0.100.202602081740/tools/bin/../lib/gcc/arm-none-eabi/14.3.1/../../../../arm-none-eabi/lib/thumb/v7e-m+fp/hard\libc_nano.a(libc_a-itoa.o) (__utoa)
C:/ST/STM32CubeIDE_2.0.0/STM32CubeIDE/plugins/com.st.stm32cube.ide.mcu.externaltools.gnu-tools-for-stm32.14.3.rel1.win32_1.0.100.202602081740/tools/bin/../lib/gcc/arm-none-eabi/14.3.1/../../../../arm-none-eabi/lib/thumb/v7e-m+fp/hard\libc_nano.a(libc_a-findfp.o)
                              C:/ST/STM32CubeIDE_2.0.0/STM32CubeIDE/plugins/com.st.stm32cube.ide.mcu.externaltools.gnu-tools-for-stm32.14.3.rel1.win32_1.0.100.202602081740/tools/bin/../lib/gcc/arm-none-eabi/14.3.1/../../../../arm-none-eabi/lib/thumb/v7e-m+fp/hard\libc_nano.a(libc_a-exit.o) (__stdio_exit_handler)
C:/ST/STM32CubeIDE_2.0.0/STM32CubeIDE/plugins/com.st.stm32cube.ide.mcu.externaltools.gnu-tools-for-stm32.14.3.rel1.win32_1.0.100.202602081740/tools/bin/../lib/gcc/arm-none-eabi/14.3.1/../../../../arm-none-eabi/lib/thumb/v7e-m+fp/hard\libc_nano.a(libc_a-fwalk.o)
                              C:/ST/STM32CubeIDE_2.0.0/STM32CubeIDE/plugins/com.st.stm32cube.ide.mcu.externaltools.gnu-tools-for-stm32.14.3.rel1.win32_1.0.100.202602081740/tools/bin/../lib/gcc/arm-none-eabi/14.3.1/../../../../arm-none-eabi/lib/thumb/v7e-m+fp/hard\libc_nano.a(libc_a-findfp.o) (_fwalk_sglue)
C:/ST/STM32CubeIDE_2.0.0/STM32CubeIDE/plugins/com.st.stm32cube.ide.mcu.externaltools.gnu-tools-for-stm32.14.3.rel1.win32_1.0.100.202602081740/tools/bin/../lib/gcc/arm-none-eabi/14.3.1/../../../../arm-none-eabi/lib/thumb/v7e-m+fp/hard\libc_nano.a(libc_a-printf.o)
                              ./Core/Src/setup.o (printf)
C:/ST/STM32CubeIDE_2.0.0/STM32CubeIDE/plugins/com.st.stm32cube.ide.mcu.externaltools.gnu-tools-for-stm32.14.3.rel1.win32_1.0.100.202602081740/tools/bin/../lib/gcc/arm-none-eabi/14.3.1/../../../../arm-none-eabi/lib/thumb/v7e-m+fp/hard\libc_nano.a(libc_a-stdio.o)
                              C:/ST/STM32CubeIDE_2.0.0/STM32CubeIDE/plugins/com.st.stm32cube.ide.mcu.externaltools.gnu-tools-for-stm32.14.3.rel1.win32_1.0.100.202602081740/tools/bin/../lib/gcc/arm-none-eabi/14.3.1/../../../../arm-none-eabi/lib/thumb/v7e-m+fp/hard\libc_nano.a(libc_a-findfp.o) (__sread)
C:/ST/STM32CubeIDE_2.0.0/STM32CubeIDE/plugins/com.st.stm32cube.ide.mcu.externaltools.gnu-tools-for-stm32.14.3.rel1.win32_1.0.100.202602081740/tools/bin/../lib/gcc/arm-none-eabi/14.3.1/../../../../arm-none-eabi/lib/thumb/v7e-m+fp/hard\libc_nano.a(libc_a-memset.o)
                              C:/ST/STM32CubeIDE_2.0.0/STM32CubeIDE/plugins/com.st.stm32cube.ide.mcu.externaltools.gnu-tools-for-stm32.14.3.rel1.win32_1.0.100.202602081740/tools/bin/../lib/gcc/arm-none-eabi/14.3.1/../../../../arm-none-eabi/lib/thumb/v7e-m+fp/hard/crt0.o (memset)
C:/ST/STM32CubeIDE_2.0.0/STM32CubeIDE/plugins/com.st.stm32cube.ide.mcu.externaltools.gnu-tools-for-stm32.14.3.rel1.win32_1.0.100.202602081740/tools/bin/../lib/gcc/arm-none-eabi/14.3.1/../../../../arm-none-eabi/lib/thumb/v7e-m+fp/hard\libc_nano.a(libc_a-closer.o)
                              C:/ST/STM32CubeIDE_2.0.0/STM32CubeIDE/plugins/com.st.stm32cube.ide.mcu.externaltools.gnu-tools-for-stm32.14.3.rel1.win32_1.0.100.202602081740/tools/bin/../lib/gcc/arm-none-eabi/14.3.1/../../../../arm-none-eabi/lib/thumb/v7e-m+fp/hard\libc_nano.a(libc_a-stdio.o) (_close_r)
[...]
Memory Configuration

Name             Origin             Length             Attributes
RAM              0x20000000         0x00020000         xrw
FLASH            0x08000000         0x00080000         xr
*default*        0x00000000         0xffffffff

Linker script and memory map

LOAD C:/ST/STM32CubeIDE_2.0.0/STM32CubeIDE/plugins/com.st.stm32cube.ide.mcu.externaltools.gnu-tools-for-stm32.14.3.rel1.win32_1.0.100.202602081740/tools/bin/../lib/gcc/arm-none-eabi/14.3.1/thumb/v7e-m+fp/hard/crti.o
LOAD C:/ST/STM32CubeIDE_2.0.0/STM32CubeIDE/plugins/com.st.stm32cube.ide.mcu.externaltools.gnu-tools-for-stm32.14.3.rel1.win32_1.0.100.202602081740/tools/bin/../lib/gcc/arm-none-eabi/14.3.1/thumb/v7e-m+fp/hard/crtbegin.o
LOAD C:/ST/STM32CubeIDE_2.0.0/STM32CubeIDE/plugins/com.st.stm32cube.ide.mcu.externaltools.gnu-tools-for-stm32.14.3.rel1.win32_1.0.100.202602081740/tools/bin/../lib/gcc/arm-none-eabi/14.3.1/../../../../arm-none-eabi/lib/thumb/v7e-m+fp/hard/crt0.o
LOAD ./Core/Src/audio.o
LOAD ./Core/Src/breakout.o
LOAD ./Core/Src/breakout_sfx.o
LOAD ./Core/Src/buttons.o
LOAD ./Core/Src/dac.o
LOAD ./Core/Src/display.o
LOAD ./Core/Src/dma.o
LOAD ./Core/Src/font.o
LOAD ./Core/Src/globals.o
LOAD ./Core/Src/gpio.o
LOAD ./Core/Src/input.o
LOAD ./Core/Src/loop.o
LOAD ./Core/Src/main.o
LOAD ./Core/Src/menu.o
LOAD ./Core/Src/menu_sfx.o
LOAD ./Core/Src/rng.o
LOAD ./Core/Src/setup.o
LOAD ./Core/Src/sfx.o
LOAD ./Core/Src/snake.o
LOAD ./Core/Src/snake_sfx.o
LOAD ./Core/Src/stm32g4xx_hal_msp.o
LOAD ./Core/Src/stm32g4xx_it.o
LOAD ./Core/Src/stm32g4xx_nucleo_bus.o
LOAD ./Core/Src/syscalls.o
LOAD ./Core/Src/sysmem.o
LOAD ./Core/Src/system_stm32g4xx.o
LOAD ./Core/Src/tetris.o
LOAD ./Core/Src/tetris_audio.o
LOAD ./Core/Src/text.o
LOAD ./Core/Src/tim.o
LOAD ./Core/Src/timers.o
LOAD ./Core/Startup/startup_stm32g474retx.o
LOAD ./DISPLAY/Target/lcd_io.o
LOAD ./DISPLAY/Target/lcd_os.o
LOAD ./Drivers/BSP/Components/ili9341/ili9341.o
LOAD ./Drivers/BSP/Components/ili9341/ili9341_reg.o
LOAD ./Drivers/BSP/STM32G4xx_Nucleo/stm32g4xx_nucleo.o
LOAD ./Drivers/STM32G4xx_HAL_Driver/Src/stm32g4xx_hal.o
LOAD ./Drivers/STM32G4xx_HAL_Driver/Src/stm32g4xx_hal_cortex.o
LOAD ./Drivers/STM32G4xx_HAL_Driver/Src/stm32g4xx_hal_dac.o
LOAD ./Drivers/STM32G4xx_HAL_Driver/Src/stm32g4xx_hal_dac_ex.o
LOAD ./Drivers/STM32G4xx_HAL_Driver/Src/stm32g4xx_hal_dma.o
LOAD ./Drivers/STM32G4xx_HAL_Driver/Src/stm32g4xx_hal_dma_ex.o
LOAD ./Drivers/STM32G4xx_HAL_Driver/Src/stm32g4xx_hal_exti.o
LOAD ./Drivers/STM32G4xx_HAL_Driver/Src/stm32g4xx_hal_flash.o
LOAD ./Drivers/STM32G4xx_HAL_Driver/Src/stm32g4xx_hal_flash_ex.o
LOAD ./Drivers/STM32G4xx_HAL_Driver/Src/stm32g4xx_hal_flash_ramfunc.o
LOAD ./Drivers/STM32G4xx_HAL_Driver/Src/stm32g4xx_hal_gpio.o
LOAD ./Drivers/STM32G4xx_HAL_Driver/Src/stm32g4xx_hal_pwr.o
LOAD ./Drivers/STM32G4xx_HAL_Driver/Src/stm32g4xx_hal_pwr_ex.o
LOAD ./Drivers/STM32G4xx_HAL_Driver/Src/stm32g4xx_hal_rcc.o
LOAD ./Drivers/STM32G4xx_HAL_Driver/Src/stm32g4xx_hal_rcc_ex.o
LOAD ./Drivers/STM32G4xx_HAL_Driver/Src/stm32g4xx_hal_rng.o
LOAD ./Drivers/STM32G4xx_HAL_Driver/Src/stm32g4xx_hal_spi.o
LOAD ./Drivers/STM32G4xx_HAL_Driver/Src/stm32g4xx_hal_spi_ex.o
LOAD ./Drivers/STM32G4xx_HAL_Driver/Src/stm32g4xx_hal_tim.o
LOAD ./Drivers/STM32G4xx_HAL_Driver/Src/stm32g4xx_hal_tim_ex.o
LOAD ./Drivers/STM32G4xx_HAL_Driver/Src/stm32g4xx_hal_uart.o
LOAD ./Drivers/STM32G4xx_HAL_Driver/Src/stm32g4xx_hal_uart_ex.o
LOAD ./Drivers/STM32G4xx_HAL_Driver/Src/stm32g4xx_hal_usart.o
LOAD ./Drivers/STM32G4xx_HAL_Driver/Src/stm32g4xx_hal_usart_ex.o
START GROUP
LOAD C:/ST/STM32CubeIDE_2.0.0/STM32CubeIDE/plugins/com.st.stm32cube.ide.mcu.externaltools.gnu-tools-for-stm32.14.3.rel1.win32_1.0.100.202602081740/tools/bin/../lib/gcc/arm-none-eabi/14.3.1/../../../../arm-none-eabi/lib/thumb/v7e-m+fp/hard\libc_nano.a
LOAD C:/ST/STM32CubeIDE_2.0.0/STM32CubeIDE/plugins/com.st.stm32cube.ide.mcu.externaltools.gnu-tools-for-stm32.14.3.rel1.win32_1.0.100.202602081740/tools/bin/../lib/gcc/arm-none-eabi/14.3.1/../../../../arm-none-eabi/lib/thumb/v7e-m+fp/hard\libm.a
END GROUP
START GROUP
LOAD C:/ST/STM32CubeIDE_2.0.0/STM32CubeIDE/plugins/com.st.stm32cube.ide.mcu.externaltools.gnu-tools-for-stm32.14.3.rel1.win32_1.0.100.202602081740/tools/bin/../lib/gcc/arm-none-eabi/14.3.1/thumb/v7e-m+fp/hard\libgcc.a
LOAD C:/ST/STM32CubeIDE_2.0.0/STM32CubeIDE/plugins/com.st.stm32cube.ide.mcu.externaltools.gnu-tools-for-stm32.14.3.rel1.win32_1.0.100.202602081740/tools/bin/../lib/gcc/arm-none-eabi/14.3.1/../../../../arm-none-eabi/lib/thumb/v7e-m+fp/hard\libc_nano.a
END GROUP
START GROUP
LOAD C:/ST/STM32CubeIDE_2.0.0/STM32CubeIDE/plugins/com.st.stm32cube.ide.mcu.externaltools.gnu-tools-for-stm32.14.3.rel1.win32_1.0.100.202602081740/tools/bin/../lib/gcc/arm-none-eabi/14.3.1/thumb/v7e-m+fp/hard\libgcc.a
LOAD C:/ST/STM32CubeIDE_2.0.0/STM32CubeIDE/plugins/com.st.stm32cube.ide.mcu.externaltools.gnu-tools-for-stm32.14.3.rel1.win32_1.0.100.202602081740/tools/bin/../lib/gcc/arm-none-eabi/14.3.1/../../../../arm-none-eabi/lib/thumb/v7e-m+fp/hard\libc_nano.a
LOAD C:/ST/STM32CubeIDE_2.0.0/STM32CubeIDE/plugins/com.st.stm32cube.ide.mcu.externaltools.gnu-tools-for-stm32.14.3.rel1.win32_1.0.100.202602081740/tools/bin/../lib/gcc/arm-none-eabi/14.3.1/../../../../arm-none-eabi/lib/thumb/v7e-m+fp/hard\libnosys.a
END GROUP
START GROUP
LOAD C:/ST/STM32CubeIDE_2.0.0/STM32CubeIDE/plugins/com.st.stm32cube.ide.mcu.externaltools.gnu-tools-for-stm32.14.3.rel1.win32_1.0.100.202602081740/tools/bin/../lib/gcc/arm-none-eabi/14.3.1/thumb/v7e-m+fp/hard\libgcc.a
LOAD C:/ST/STM32CubeIDE_2.0.0/STM32CubeIDE/plugins/com.st.stm32cube.ide.mcu.externaltools.gnu-tools-for-stm32.14.3.rel1.win32_1.0.100.202602081740/tools/bin/../lib/gcc/arm-none-eabi/14.3.1/../../../../arm-none-eabi/lib/thumb/v7e-m+fp/hard\libc_nano.a
LOAD C:/ST/STM32CubeIDE_2.0.0/STM32CubeIDE/plugins/com.st.stm32cube.ide.mcu.externaltools.gnu-tools-for-stm32.14.3.rel1.win32_1.0.100.202602081740/tools/bin/../lib/gcc/arm-none-eabi/14.3.1/../../../../arm-none-eabi/lib/thumb/v7e-m+fp/hard\libnosys.a
END GROUP
LOAD C:/ST/STM32CubeIDE_2.0.0/STM32CubeIDE/plugins/com.st.stm32cube.ide.mcu.externaltools.gnu-tools-for-stm32.14.3.rel1.win32_1.0.100.202602081740/tools/bin/../lib/gcc/arm-none-eabi/14.3.1/thumb/v7e-m+fp/hard/crtend.o
LOAD C:/ST/STM32CubeIDE_2.0.0/STM32CubeIDE/plugins/com.st.stm32cube.ide.mcu.externaltools.gnu-tools-for-stm32.14.3.rel1.win32_1.0.100.202602081740/tools/bin/../lib/gcc/arm-none-eabi/14.3.1/thumb/v7e-m+fp/hard/crtn.o
                0x20020000                        _estack = (ORIGIN (RAM) + LENGTH (RAM))
                0x00000200                        _Min_Heap_Size = 0x200
                0x00000400                        _Min_Stack_Size = 0x400

.isr_vector     0x08000000      0x1d8
                0x08000000                        . = ALIGN (0x4)
 *(.isr_vector)
 .isr_vector    0x08000000      0x1d8 ./Core/Startup/startup_stm32g474retx.o
                0x08000000                g_pfnVectors
                0x080001d8                        . = ALIGN (0x4)

.text           0x080001e0     0xa58c
                0x080001e0                        . = ALIGN (0x4)
 *(.text)
 .text          0x080001e0       0x40 C:/ST/STM32CubeIDE_2.0.0/STM32CubeIDE/plugins/com.st.stm32cube.ide.mcu.externaltools.gnu-tools-for-stm32.14.3.rel1.win32_1.0.100.202602081740/tools/bin/../lib/gcc/arm-none-eabi/14.3.1/thumb/v7e-m+fp/hard/crtbegin.o
 .text          0x08000220       0x14 C:/ST/STM32CubeIDE_2.0.0/STM32CubeIDE/plugins/com.st.stm32cube.ide.mcu.externaltools.gnu-tools-for-stm32.14.3.rel1.win32_1.0.100.202602081740/tools/bin/../lib/gcc/arm-none-eabi/14.3.1/../../../../arm-none-eabi/lib/thumb/v7e-m+fp/hard\libc_nano.a(libc_a-strcmp.o)
                0x08000220                strcmp
 *fill*         0x08000234        0xc 
 .text          0x08000240       0xa0 C:/ST/STM32CubeIDE_2.0.0/STM32CubeIDE/plugins/com.st.stm32cube.ide.mcu.externaltools.gnu-tools-for-stm32.14.3.rel1.win32_1.0.100.202602081740/tools/bin/../lib/gcc/arm-none-eabi/14.3.1/../../../../arm-none-eabi/lib/thumb/v7e-m+fp/hard\libc_nano.a(libc_a-memchr.o)
                0x08000240                memchr
 .text          0x080002e0      0x254 C:/ST/STM32CubeIDE_2.0.0/STM32CubeIDE/plugins/com.st.stm32cube.ide.mcu.externaltools.gnu-tools-for-stm32.14.3.rel1.win32_1.0.100.202602081740/tools/bin/../lib/gcc/arm-none-eabi/14.3.1/thumb/v7e-m+fp/hard\libgcc.a(_arm_muldf3.o)
                0x080002e0                __muldf3
                0x080002e0                __aeabi_dmul
 .text          0x08000534      0x378 C:/ST/STM32CubeIDE_2.0.0/STM32CubeIDE/plugins/com.st.stm32cube.ide.mcu.externaltools.gnu-tools-for-stm32.14.3.rel1.win32_1.0.100.202602081740/tools/bin/../lib/gcc/arm-none-eabi/14.3.1/thumb/v7e-m+fp/hard\libgcc.a(_arm_addsubdf3.o)
                0x08000534                __aeabi_drsub
                0x0800053c                __aeabi_dsub
                0x0800053c                __subdf3
                0x08000540                __aeabi_dadd
                0x08000540                __adddf3
                0x080007b8                __floatunsidf
                0x080007b8                __aeabi_ui2d
                0x080007d8                __floatsidf
                0x080007d8                __aeabi_i2d
                0x080007fc                __aeabi_f2d
                0x080007fc                __extendsfdf2
                0x08000840                __floatundidf
                0x08000840                __aeabi_ul2d
                0x08000850                __floatdidf
                0x08000850                __aeabi_l2d
 .text          0x080008ac      0x110 C:/ST/STM32CubeIDE_2.0.0/STM32CubeIDE/plugins/com.st.stm32cube.ide.mcu.externaltools.gnu-tools-for-stm32.14.3.rel1.win32_1.0.100.202602081740/tools/bin/../lib/gcc/arm-none-eabi/14.3.1/thumb/v7e-m+fp/hard\libgcc.a(_arm_cmpdf2.o)
                0x080008ac                __gtdf2
                0x080008ac                __gedf2
                0x080008b4                __ltdf2
                0x080008b4                __ledf2
                0x080008bc                __nedf2
                0x080008bc                __eqdf2
                0x080008bc                __cmpdf2
                0x08000938                __aeabi_cdrcmple
                0x08000948                __aeabi_cdcmpeq
                0x08000948                __aeabi_cdcmple
                0x08000958                __aeabi_dcmpeq
                0x0800096c                __aeabi_dcmplt
                0x08000980                __aeabi_dcmple
                0x08000994                __aeabi_dcmpge
                0x080009a8                __aeabi_dcmpgt
 .text          0x080009bc       0x40 C:/ST/STM32CubeIDE_2.0.0/STM32CubeIDE/plugins/com.st.stm32cube.ide.mcu.externaltools.gnu-tools-for-stm32.14.3.rel1.win32_1.0.100.202602081740/tools/bin/../lib/gcc/arm-none-eabi/14.3.1/thumb/v7e-m+fp/hard\libgcc.a(_arm_fixunsdfsi.o)
                0x080009bc                __aeabi_d2uiz
                0x080009bc                __fixunsdfsi
 .text          0x080009fc       0x30 C:/ST/STM32CubeIDE_2.0.0/STM32CubeIDE/plugins/com.st.stm32cube.ide.mcu.externaltools.gnu-tools-for-stm32.14.3.rel1.win32_1.0.100.202602081740/tools/bin/../lib/gcc/arm-none-eabi/14.3.1/thumb/v7e-m+fp/hard\libgcc.a(_aeabi_uldivmod.o)
                0x080009fc                __aeabi_uldivmod
 .text          0x08000a2c      0x2f8 C:/ST/STM32CubeIDE_2.0.0/STM32CubeIDE/plugins/com.st.stm32cube.ide.mcu.externaltools.gnu-tools-for-stm32.14.3.rel1.win32_1.0.100.202602081740/tools/bin/../lib/gcc/arm-none-eabi/14.3.1/thumb/v7e-m+fp/hard\libgcc.a(_udivmoddi4.o)
                0x08000a2c                __udivmoddi4
 .text          0x08000d24        0x4 C:/ST/STM32CubeIDE_2.0.0/STM32CubeIDE/plugins/com.st.stm32cube.ide.mcu.externaltools.gnu-tools-for-stm32.14.3.rel1.win32_1.0.100.202602081740/tools/bin/../lib/gcc/arm-none-eabi/14.3.1/thumb/v7e-m+fp/hard\libgcc.a(_dvmd_tls.o)
                0x08000d24                __aeabi_idiv0
                0x08000d24                __aeabi_ldiv0
 *(.text*)
 .text.osc_sample
                0x08000d28       0x3c ./Core/Src/audio.o
 .text.PSG_Init
                0x08000d64       0x1c ./Core/Src/audio.o
                0x08000d64                PSG_Init
 .text.Audio_Start
                0x08000d80       0x4c ./Core/Src/audio.o
                0x08000d80                Audio_Start
 .text.Audio_SetMode
                0x08000dcc       0x38 ./Core/Src/audio.o
                0x08000dcc                Audio_SetMode
 *fill*         0x08000e04        0x4 
 .text.PSG_SetVoiceFreq
                0x08000e08       0x6c ./Core/Src/audio.o
                0x08000e08                PSG_SetVoiceFreq
 .text.PSG_SetVoiceVol
                0x08000e74       0x20 ./Core/Src/audio.o
                0x08000e74                PSG_SetVoiceVol
 .text.PSG_SetVoiceWave
                0x08000e94       0x14 ./Core/Src/audio.o
                0x08000e94                PSG_SetVoiceWave
 .text.PSG_Fill
                0x08000ea8       0xb0 ./Core/Src/audio.o
                0x08000ea8                PSG_Fill
 .text.HAL_DAC_ConvHalfCpltCallbackCh1
                0x08000f58       0x3c ./Core/Src/audio.o
                0x08000f58                HAL_DAC_ConvHalfCpltCallbackCh1
 .text.HAL_DAC_ConvCpltCallbackCh1
                0x08000f94       0x3c ./Core/Src/audio.o
                0x08000f94                HAL_DAC_ConvCpltCallbackCh1
 .text.clear_block_powers
                0x08000fd0       0x28 ./Core/Src/breakout.o
 .text.position_ball_on_paddle
                0x08000ff8       0x40 ./Core/Src/breakout.o
 .text.erase_old_ball
                0x08001038       0x70 ./Core/Src/breakout.o
 .text.erase_old_paddle
                0x080010a8       0x70 ./Core/Src/breakout.o
 .text.refresh_active_powers
                0x08001118       0x44 ./Core/Src/breakout.o
 .text.draw_paddle_current
                0x0800115c       0xdc ./Core/Src/breakout.o
 .text.draw_ball_current
                0x08001238       0x8c ./Core/Src/breakout.o
 .text.draw_power_status_if_needed
                0x080012c4       0xb8 ./Core/Src/breakout.o
 .text.draw_score_if_needed
                0x0800137c       0x7c ./Core/Src/breakout.o
 .text.enforce_min_horizontal_speed
                0x080013f8       0xac ./Core/Src/breakout.o
 .text.renormalise_ball_speed
                0x080014a4       0x6c ./Core/Src/breakout.o
 .text.block_draw
                0x08001510      0x158 ./Core/Src/breakout.o
                0x08001510                block_draw
 .text.respawn_blocks
                0x08001668       0xe8 ./Core/Src/breakout.o
 .text.block_intl
                0x08001750       0x10 ./Core/Src/breakout.o
                0x08001750                block_intl
 .text.initialise
                0x08001760      0x10c ./Core/Src/breakout.o
                0x08001760                initialise
 .text.release_ball
                0x0800186c       0xd0 ./Core/Src/breakout.o
                0x0800186c                release_ball
 .text.bouncex  0x0800193c       0x2c ./Core/Src/breakout.o
                0x0800193c                bouncex
 .text.bouncexplat
                0x08001968       0xe0 ./Core/Src/breakout.o
                0x08001968                bouncexplat
 .text.bouncey  0x08001a48       0x1c ./Core/Src/breakout.o
                0x08001a48                bouncey
 .text.does_collide_blk
                0x08001a64      0x2e8 ./Core/Src/breakout.o
                0x08001a64                does_collide_blk
 .text.does_collide_wall
                0x08001d4c       0xbc ./Core/Src/breakout.o
                0x08001d4c                does_collide_wall
 .text.does_collide_plat
                0x08001e08      0x11c ./Core/Src/breakout.o
                0x08001e08                does_collide_plat
 .text.ball_update
                0x08001f24       0xe0 ./Core/Src/breakout.o
                0x08001f24                ball_update
 .text.platform_update
                0x08002004       0xcc ./Core/Src/breakout.o
                0x08002004                platform_update
 .text.break_Tick
                0x080020d0       0x38 ./Core/Src/breakout.o
                0x080020d0                break_Tick
 .text.break_draw
                0x08002108       0x68 ./Core/Src/breakout.o
                0x08002108                break_draw
 .text.Breakout_Update
                0x08002170       0xa0 ./Core/Src/breakout.o
                0x08002170                Breakout_Update
 .text.BreakoutSFX_Bounce
                0x08002210       0x10 ./Core/Src/breakout_sfx.o
                0x08002210                BreakoutSFX_Bounce
 .text.BreakoutSFX_BlockHit
                0x08002220       0x10 ./Core/Src/breakout_sfx.o
                0x08002220                BreakoutSFX_BlockHit
 .text.BreakoutSFX_PowerUp
                0x08002230       0x10 ./Core/Src/breakout_sfx.o
                0x08002230                BreakoutSFX_PowerUp
 .text.BreakoutSFX_GameOver
                0x08002240       0x10 ./Core/Src/breakout_sfx.o
                0x08002240                BreakoutSFX_GameOver
 .text.Buttons_BeginFrame
                0x08002250       0x2c ./Core/Src/buttons.o
                0x08002250                Buttons_BeginFrame
 .text.Buttons_Tick1ms
                0x0800227c      0x110 ./Core/Src/buttons.o
                0x0800227c                Buttons_Tick1ms
 .text.Buttons_IsDown
                0x0800238c       0x14 ./Core/Src/buttons.o
                0x0800238c                Buttons_IsDown
 .text.Buttons_WasPressed
                0x080023a0       0x14 ./Core/Src/buttons.o
                0x080023a0                Buttons_WasPressed
 .text.Buttons_WasHeld
                0x080023b4       0x14 ./Core/Src/buttons.o
                0x080023b4                Buttons_WasHeld
 .text.MX_DAC2_Init
                0x080023c8       0x54 ./Core/Src/dac.o
                0x080023c8                MX_DAC2_Init
 .text.HAL_DAC_MspInit
                0x0800241c       0xb4 ./Core/Src/dac.o
                0x0800241c                HAL_DAC_MspInit
 .text.build_scaled_2rows_full
                0x080024d0       0x1e ./Core/Src/display.o
 .text.build_scaled_2rows_partial
                0x080024ee       0x30 ./Core/Src/display.o
 *fill*         0x0800251e        0x2 
 .text.render_full_dma_internal
                0x08002520       0x6c ./Core/Src/display.o
 .text.HAL_SPI_TxCpltCallback
                0x0800258c       0x34 ./Core/Src/display.o
                0x0800258c                HAL_SPI_TxCpltCallback
 .text.LCD_ClearFrame
                0x080025c0       0x28 ./Core/Src/display.o
                0x080025c0                LCD_ClearFrame
 .text.LCD_DrawRect
                0x080025e8      0x294 ./Core/Src/display.o
                0x080025e8                LCD_DrawRect
 .text.render_dma
                0x0800287c      0x10c ./Core/Src/display.o
                0x0800287c                render_dma
 .text.border   0x08002988       0x74 ./Core/Src/display.o
                0x08002988                border
 .text.Darken565
                0x080029fc       0x32 ./Core/Src/display.o
                0x080029fc                Darken565
 *fill*         0x08002a2e        0x2 
 .text.MX_DMA_Init
                0x08002a30       0x74 ./Core/Src/dma.o
                0x08002a30                MX_DMA_Init
 .text.MX_GPIO_Init
                0x08002aa4      0x158 ./Core/Src/gpio.o
                0x08002aa4                MX_GPIO_Init
 .text.loop     0x08002bfc       0xc0 ./Core/Src/loop.o
                0x08002bfc                loop
 .text.SystemClock_Config
                0x08002cbc       0x70 ./Core/Src/main.o
                0x08002cbc                SystemClock_Config
 .text.startup.main
                0x08002d2c       0x78 ./Core/Src/main.o
                0x08002d2c                main
 .text.Error_Handler
                0x08002da4        0x4 ./Core/Src/main.o
                0x08002da4                Error_Handler
 .text.Menu_DrawRow
                0x08002da8      0x210 ./Core/Src/menu.o
 .text.Menu_DrawVisibleRows
                0x08002fb8       0x1c ./Core/Src/menu.o
 .text.Menu_Invalidate
                0x08002fd4       0x20 ./Core/Src/menu.o
                0x08002fd4                Menu_Invalidate
 .text.LCD_MenuDraw
                0x08002ff4      0x12c ./Core/Src/menu.o
                0x08002ff4                LCD_MenuDraw
 .text.Menu_Update
                0x08003120       0x5c ./Core/Src/menu.o
                0x08003120                Menu_Update
 .text.MenuSFX_Move
                0x0800317c       0x10 ./Core/Src/menu_sfx.o
                0x0800317c                MenuSFX_Move
 .text.MenuSFX_Select
                0x0800318c       0x10 ./Core/Src/menu_sfx.o
                0x0800318c                MenuSFX_Select
 .text.MX_RNG_Init
                0x0800319c       0x28 ./Core/Src/rng.o
                0x0800319c                MX_RNG_Init
 .text.HAL_RNG_MspInit
                0x080031c4       0x4c ./Core/Src/rng.o
                0x080031c4                HAL_RNG_MspInit
 .text.setup    0x08003210       0x9c ./Core/Src/setup.o
                0x08003210                setup
 .text.sfx_apply_step
                0x080032ac       0x94 ./Core/Src/sfx.o
 .text.SFX_Init
                0x08003340       0x50 ./Core/Src/sfx.o
                0x08003340                SFX_Init
 .text.SFX_Play
                0x08003390       0x2c ./Core/Src/sfx.o
                0x08003390                SFX_Play
 .text.SFX_StopVoice
                0x080033bc       0x38 ./Core/Src/sfx.o
                0x080033bc                SFX_StopVoice
 .text.SFX_Update
                0x080033f4       0x50 ./Core/Src/sfx.o
                0x080033f4                SFX_Update
 .text.idx_wrap
                0x08003444       0x10 ./Core/Src/snake.o
 .text.snake_contains
                0x08003454       0x44 ./Core/Src/snake.o
 .text.Snake_SpawnFood
                0x08003498       0x38 ./Core/Src/snake.o
 .text.Snake_DrawGridCell
                0x080034d0       0x34 ./Core/Src/snake.o
 .text.Snake_DrawCell
                0x08003504       0x24 ./Core/Src/snake.o
 .text.Snake_DrawFoodIfNeeded
                0x08003528       0x4c ./Core/Src/snake.o
 .text.Snake_DrawInitialBody
                0x08003574       0x48 ./Core/Src/snake.o
 .text.Snake_DrawStatic
                0x080035bc       0x70 ./Core/Src/snake.o
 .text.Snake_DrawScoreIfNeeded
                0x0800362c       0x50 ./Core/Src/snake.o
 .text.Snake_Init
                0x0800367c       0xa8 ./Core/Src/snake.o
                0x0800367c                Snake_Init
 .text.Snake_SetDir
                0x08003724       0x30 ./Core/Src/snake.o
                0x08003724                Snake_SetDir
 .text.Snake_Tick
                0x08003754      0x168 ./Core/Src/snake.o
                0x08003754                Snake_Tick
 .text.Snake_Draw
                0x080038bc       0x6c ./Core/Src/snake.o
                0x080038bc                Snake_Draw
 .text.Snake_Update
                0x08003928       0x8c ./Core/Src/snake.o
                0x08003928                Snake_Update
 .text.SnakeSFX_MoveTick
                0x080039b4       0x10 ./Core/Src/snake_sfx.o
                0x080039b4                SnakeSFX_MoveTick
 .text.SnakeSFX_Eat
                0x080039c4       0x10 ./Core/Src/snake_sfx.o
                0x080039c4                SnakeSFX_Eat
 .text.SnakeSFX_HitWall
                0x080039d4       0x10 ./Core/Src/snake_sfx.o
                0x080039d4                SnakeSFX_HitWall
 .text.SnakeSFX_GameOver
                0x080039e4       0x10 ./Core/Src/snake_sfx.o
                0x080039e4                SnakeSFX_GameOver
 .text.HAL_MspInit
                0x080039f4       0x34 ./Core/Src/stm32g4xx_hal_msp.o
                0x080039f4                HAL_MspInit
 .text.NMI_Handler
                0x08003a28        0x2 ./Core/Src/stm32g4xx_it.o
                0x08003a28                NMI_Handler
 .text.HardFault_Handler
                0x08003a2a        0x2 ./Core/Src/stm32g4xx_it.o
                0x08003a2a                HardFault_Handler
 .text.MemManage_Handler
                0x08003a2c        0x2 ./Core/Src/stm32g4xx_it.o
                0x08003a2c                MemManage_Handler
 .text.BusFault_Handler
                0x08003a2e        0x2 ./Core/Src/stm32g4xx_it.o
                0x08003a2e                BusFault_Handler
 .text.UsageFault_Handler
                0x08003a30        0x2 ./Core/Src/stm32g4xx_it.o
                0x08003a30                UsageFault_Handler
 .text.SVC_Handler
                0x08003a32        0x2 ./Core/Src/stm32g4xx_it.o
                0x08003a32                SVC_Handler
 .text.DebugMon_Handler
                0x08003a34        0x2 ./Core/Src/stm32g4xx_it.o
                0x08003a34                DebugMon_Handler
 .text.PendSV_Handler
                0x08003a36        0x2 ./Core/Src/stm32g4xx_it.o
                0x08003a36                PendSV_Handler
 .text.SysTick_Handler
                0x08003a38        0x4 ./Core/Src/stm32g4xx_it.o
                0x08003a38                SysTick_Handler
 .text.DMA1_Channel1_IRQHandler
                0x08003a3c        0xc ./Core/Src/stm32g4xx_it.o
                0x08003a3c                DMA1_Channel1_IRQHandler
 .text.DMA1_Channel2_IRQHandler
                0x08003a48        0xc ./Core/Src/stm32g4xx_it.o
                0x08003a48                DMA1_Channel2_IRQHandler
 .text.SPI2_IRQHandler
                0x08003a54        0xc ./Core/Src/stm32g4xx_it.o
                0x08003a54                SPI2_IRQHandler
 .text.EXTI15_10_IRQHandler
                0x08003a60        0x6 ./Core/Src/stm32g4xx_it.o
                0x08003a60                EXTI15_10_IRQHandler
 *fill*         0x08003a66        0x2 
 .text.TIM6_DAC_IRQHandler
                0x08003a68        0xc ./Core/Src/stm32g4xx_it.o
                0x08003a68                TIM6_DAC_IRQHandler
 .text.TIM7_DAC_IRQHandler
                0x08003a74        0xc ./Core/Src/stm32g4xx_it.o
                0x08003a74                TIM7_DAC_IRQHandler
 .text.DMA2_Channel1_IRQHandler
                0x08003a80        0xc ./Core/Src/stm32g4xx_it.o
                0x08003a80                DMA2_Channel1_IRQHandler
 .text.BSP_SPI2_DeInit
                0x08003a8c       0x70 ./Core/Src/stm32g4xx_nucleo_bus.o
                0x08003a8c                BSP_SPI2_DeInit
 .text.BSP_SPI2_Send
                0x08003afc       0x20 ./Core/Src/stm32g4xx_nucleo_bus.o
                0x08003afc                BSP_SPI2_Send
 .text.BSP_SPI2_Recv
                0x08003b1c       0x20 ./Core/Src/stm32g4xx_nucleo_bus.o
                0x08003b1c                BSP_SPI2_Recv
 .text.BSP_SPI2_Send_DMA
                0x08003b3c       0x1c ./Core/Src/stm32g4xx_nucleo_bus.o
                0x08003b3c                BSP_SPI2_Send_DMA
 .text.MX_SPI2_Init
                0x08003b58       0x44 ./Core/Src/stm32g4xx_nucleo_bus.o
                0x08003b58                MX_SPI2_Init
 .text.BSP_SPI2_Init
                0x08003b9c      0x134 ./Core/Src/stm32g4xx_nucleo_bus.o
                0x08003b9c                BSP_SPI2_Init
 .text._getpid  0x08003cd0        0x4 ./Core/Src/syscalls.o
                0x08003cd0                _getpid
 .text._kill    0x08003cd4       0x10 ./Core/Src/syscalls.o
                0x08003cd4                _kill
 .text._exit    0x08003ce4        0xc ./Core/Src/syscalls.o
                0x08003ce4                _exit
 .text._read    0x08003cf0       0x1c ./Core/Src/syscalls.o
                0x08003cf0                _read
 .text._write   0x08003d0c       0x1c ./Core/Src/syscalls.o
                0x08003d0c                _write
 .text._close   0x08003d28        0x6 ./Core/Src/syscalls.o
                0x08003d28                _close
 .text._fstat   0x08003d2e        0xa ./Core/Src/syscalls.o
                0x08003d2e                _fstat
 .text._isatty  0x08003d38        0x4 ./Core/Src/syscalls.o
                0x08003d38                _isatty
 .text._lseek   0x08003d3c        0x4 ./Core/Src/syscalls.o
                0x08003d3c                _lseek
 .text._sbrk    0x08003d40       0x3c ./Core/Src/sysmem.o
                0x08003d40                _sbrk
 .text.SystemInit
                0x08003d7c       0x14 ./Core/Src/system_stm32g4xx.o
                0x08003d7c                SystemInit
 .text.cell_ok  0x08003d90       0x2c ./Core/Src/tetris.o
 .text.DrawScorePanel
                0x08003dbc       0x90 ./Core/Src/tetris.o
 .text.DrawMiniCell.part.0.constprop.0
                0x08003e4c       0x38 ./Core/Src/tetris.o
 .text.DrawMiniCell.constprop.0
                0x08003e84       0x20 ./Core/Src/tetris.o
 .text.DrawStoredBlock
                0x08003ea4      0x14c ./Core/Src/tetris.o
 .text.DrawPredictedBlocks
                0x08003ff0      0x170 ./Core/Src/tetris.o
 .text.DrawFuturePanels
                0x08004160       0x60 ./Core/Src/tetris.o
 .text.Grid_init
                0x080041c0       0x44 ./Core/Src/tetris.o
                0x080041c0                Grid_init
 .text.Tetris_init
                0x08004204       0x5c ./Core/Src/tetris.o
                0x08004204                Tetris_init
 .text.Draw_Field
                0x08004260       0xf0 ./Core/Src/tetris.o
                0x08004260                Draw_Field
 .text.B1_init  0x08004350       0x64 ./Core/Src/tetris.o
                0x08004350                B1_init
 .text.B2_init  0x080043b4       0xb0 ./Core/Src/tetris.o
                0x080043b4                B2_init
 .text.B3_init  0x08004464       0xb0 ./Core/Src/tetris.o
                0x08004464                B3_init
 .text.B4_init  0x08004514       0x60 ./Core/Src/tetris.o
                0x08004514                B4_init
 .text.B5_init  0x08004574       0x68 ./Core/Src/tetris.o
                0x08004574                B5_init
 .text.B6_init  0x080045dc       0x30 ./Core/Src/tetris.o
                0x080045dc                B6_init
 .text.B7_init  0x0800460c       0xbc ./Core/Src/tetris.o
                0x0800460c                B7_init
 .text.B_init   0x080046c8       0xbc ./Core/Src/tetris.o
                0x080046c8                B_init
 .text.can_move_down
                0x08004784       0x34 ./Core/Src/tetris.o
                0x08004784                can_move_down
 .text.can_move_right
                0x080047b8       0x34 ./Core/Src/tetris.o
                0x080047b8                can_move_right
 .text.can_move_left
                0x080047ec       0x38 ./Core/Src/tetris.o
                0x080047ec                can_move_left
 .text.erase_B  0x08004824       0x2c ./Core/Src/tetris.o
                0x08004824                erase_B
 .text.move_left
                0x08004850       0x34 ./Core/Src/tetris.o
 .text.move_right
                0x08004884       0x34 ./Core/Src/tetris.o
 .text.place    0x080048b8       0x80 ./Core/Src/tetris.o
                0x080048b8                place
 .text.hold     0x08004938       0x80 ./Core/Src/tetris.o
                0x08004938                hold
 .text.rotate   0x080049b8      0x2fc ./Core/Src/tetris.o
                0x080049b8                rotate
 .text.check_line
                0x08004cb4       0x28 ./Core/Src/tetris.o
                0x08004cb4                check_line
 .text.move_line
                0x08004cdc       0x34 ./Core/Src/tetris.o
                0x08004cdc                move_line
 .text.clear_line
                0x08004d10       0xac ./Core/Src/tetris.o
                0x08004d10                clear_line
 .text.B_tick   0x08004dbc       0xc4 ./Core/Src/tetris.o
                0x08004dbc                B_tick
 .text.Tetris_Update
                0x08004e80      0x1c0 ./Core/Src/tetris.o
                0x08004e80                Tetris_Update
 .text.TA_ResetTracks
                0x08005040       0x64 ./Core/Src/tetris_audio.o
 .text.TA_AdvanceOne
                0x080050a4       0xb0 ./Core/Src/tetris_audio.o
 .text.TA_AdvanceTracks.constprop.0
                0x08005154       0x50 ./Core/Src/tetris_audio.o
 .text.TetrisAudio_Start
                0x080051a4       0x18 ./Core/Src/tetris_audio.o
                0x080051a4                TetrisAudio_Start
 .text.TetrisAudio_Stop
                0x080051bc       0x30 ./Core/Src/tetris_audio.o
                0x080051bc                TetrisAudio_Stop
 .text.TetrisAudio_SetBPM
                0x080051ec       0x40 ./Core/Src/tetris_audio.o
                0x080051ec                TetrisAudio_SetBPM
 .text.TetrisAudio_Init
                0x0800522c       0x68 ./Core/Src/tetris_audio.o
                0x0800522c                TetrisAudio_Init
 .text.TetrisAudio_Update
                0x08005294       0x34 ./Core/Src/tetris_audio.o
                0x08005294                TetrisAudio_Update
 .text.LCD_DrawChar
                0x080052c8       0x84 ./Core/Src/text.o
                0x080052c8                LCD_DrawChar
 .text.LCD_DrawText
                0x0800534c       0x62 ./Core/Src/text.o
                0x0800534c                LCD_DrawText
 *fill*         0x080053ae        0x2 
 .text.MX_TIM6_Init
                0x080053b0       0x48 ./Core/Src/tim.o
                0x080053b0                MX_TIM6_Init
 .text.MX_TIM15_Init
                0x080053f8       0x70 ./Core/Src/tim.o
                0x080053f8                MX_TIM15_Init
 .text.HAL_TIM_Base_MspInit
                0x08005468       0x60 ./Core/Src/tim.o
                0x08005468                HAL_TIM_Base_MspInit
 .text.HAL_TIM_PeriodElapsedCallback
                0x080054c8       0x14 ./Core/Src/timers.o
                0x080054c8                HAL_TIM_PeriodElapsedCallback
 .text.Reset_Handler
                0x080054dc       0x50 ./Core/Startup/startup_stm32g474retx.o
                0x080054dc                Reset_Handler
 .text.Default_Handler
                0x0800552c        0x2 ./Core/Startup/startup_stm32g474retx.o
                0x0800552c                RTC_Alarm_IRQHandler
                0x0800552c                EXTI2_IRQHandler
                0x0800552c                TIM8_TRG_COM_IRQHandler
                0x0800552c                TIM8_CC_IRQHandler
                0x0800552c                HRTIM1_Master_IRQHandler
                0x0800552c                SPI4_IRQHandler
                0x0800552c                FDCAN3_IT0_IRQHandler
                0x0800552c                TIM1_CC_IRQHandler
                0x0800552c                HRTIM1_FLT_IRQHandler
                0x0800552c                HRTIM1_TIMF_IRQHandler
                0x0800552c                USB_HP_IRQHandler
                0x0800552c                CORDIC_IRQHandler
                0x0800552c                HRTIM1_TIMD_IRQHandler
                0x0800552c                DMA2_Channel8_IRQHandler
                0x0800552c                EXTI3_IRQHandler
                0x0800552c                I2C3_ER_IRQHandler
                0x0800552c                EXTI0_IRQHandler
                0x0800552c                I2C2_EV_IRQHandler
                0x0800552c                FPU_IRQHandler
                0x0800552c                FDCAN1_IT1_IRQHandler
                0x0800552c                TIM1_UP_TIM16_IRQHandler
                0x0800552c                ADC1_2_IRQHandler
                0x0800552c                HRTIM1_TIME_IRQHandler
                0x0800552c                SPI1_IRQHandler
                0x0800552c                HRTIM1_TIMC_IRQHandler
                0x0800552c                TIM8_UP_IRQHandler
                0x0800552c                DMA2_Channel2_IRQHandler
                0x0800552c                DMA1_Channel4_IRQHandler
                0x0800552c                TIM20_TRG_COM_IRQHandler
                0x0800552c                USART3_IRQHandler
                0x0800552c                DMA1_Channel7_IRQHandler
                0x0800552c                UART5_IRQHandler
                0x0800552c                ADC3_IRQHandler
                0x0800552c                TIM4_IRQHandler
                0x0800552c                QUADSPI_IRQHandler
                0x0800552c                I2C1_EV_IRQHandler
                0x0800552c                DMA1_Channel6_IRQHandler
                0x0800552c                UART4_IRQHandler
                0x0800552c                DMA2_Channel4_IRQHandler
                0x0800552c                TIM3_IRQHandler
                0x0800552c                RCC_IRQHandler
                0x0800552c                TIM20_UP_IRQHandler
                0x0800552c                Default_Handler
                0x0800552c                DMA2_Channel7_IRQHandler
                0x0800552c                RTC_TAMP_LSECSS_IRQHandler
                0x0800552c                FMAC_IRQHandler
                0x0800552c                DMA1_Channel8_IRQHandler
                0x0800552c                HRTIM1_TIMA_IRQHandler
                0x0800552c                FDCAN3_IT1_IRQHandler
                0x0800552c                TIM5_IRQHandler
                0x0800552c                UCPD1_IRQHandler
                0x0800552c                I2C3_EV_IRQHandler
                0x0800552c                EXTI9_5_IRQHandler
                0x0800552c                RTC_WKUP_IRQHandler
                0x0800552c                PVD_PVM_IRQHandler
                0x0800552c                ADC5_IRQHandler
                0x0800552c                DMA2_Channel5_IRQHandler
                0x0800552c                CRS_IRQHandler
                0x0800552c                DMA1_Channel5_IRQHandler
                0x0800552c                USB_LP_IRQHandler
                0x0800552c                EXTI4_IRQHandler
                0x0800552c                RNG_IRQHandler
                0x0800552c                HRTIM1_TIMB_IRQHandler
                0x0800552c                TIM1_TRG_COM_TIM17_IRQHandler
                0x0800552c                FDCAN2_IT1_IRQHandler
                0x0800552c                DMA1_Channel3_IRQHandler
                0x0800552c                ADC4_IRQHandler
                0x0800552c                WWDG_IRQHandler
                0x0800552c                I2C4_EV_IRQHandler
                0x0800552c                FDCAN2_IT0_IRQHandler
                0x0800552c                LPUART1_IRQHandler
                0x0800552c                DMA2_Channel6_IRQHandler
                0x0800552c                FDCAN1_IT0_IRQHandler
                0x0800552c                TIM2_IRQHandler
                0x0800552c                COMP7_IRQHandler
                0x0800552c                COMP1_2_3_IRQHandler
                0x0800552c                EXTI1_IRQHandler
                0x0800552c                USART2_IRQHandler
                0x0800552c                COMP4_5_6_IRQHandler
                0x0800552c                TIM20_BRK_IRQHandler
                0x0800552c                I2C2_ER_IRQHandler
                0x0800552c                TIM8_BRK_IRQHandler
                0x0800552c                FLASH_IRQHandler
                0x0800552c                TIM20_CC_IRQHandler
                0x0800552c                USART1_IRQHandler
                0x0800552c                SPI3_IRQHandler
                0x0800552c                I2C1_ER_IRQHandler
                0x0800552c                FMC_IRQHandler
                0x0800552c                LPTIM1_IRQHandler
                0x0800552c                DMAMUX_OVR_IRQHandler
                0x0800552c                I2C4_ER_IRQHandler
                0x0800552c                USBWakeUp_IRQHandler
                0x0800552c                SAI1_IRQHandler
                0x0800552c                DMA2_Channel3_IRQHandler
                0x0800552c                TIM1_BRK_TIM15_IRQHandler
 .text.LCD_IO_ReadReg
                0x0800552e        0x6 ./DISPLAY/Target/lcd_io.o
 .text.LCD_IO_Delay
                0x08005534        0xa ./DISPLAY/Target/lcd_io.o
 .text.LCD_IO_GetTick
                0x0800553e        0x4 ./DISPLAY/Target/lcd_io.o
 *fill*         0x08005542        0x2 
 .text.LCD_IO_SendData
                0x08005544       0x18 ./DISPLAY/Target/lcd_io.o
 .text.LCD_IO_WriteReg
                0x0800555c       0x20 ./DISPLAY/Target/lcd_io.o
 .text.LCD_IO_RecvData
                0x0800557c       0x34 ./DISPLAY/Target/lcd_io.o
 .text.LCD_IO_SendDataDMA
                0x080055b0       0x14 ./DISPLAY/Target/lcd_io.o
 .text.LCD_IO_DeInit
                0x080055c4        0x4 ./DISPLAY/Target/lcd_io.o
 .text.LCD_IO_Init
                0x080055c8       0x2c ./DISPLAY/Target/lcd_io.o
 .text.LCD_IO_RecvDataDMA
                0x080055f4        0x6 ./DISPLAY/Target/lcd_io.o
 *fill*         0x080055fa        0x2 
 .text.BSP_LCD_Init
                0x080055fc       0xe4 ./DISPLAY/Target/lcd_io.o
                0x080055fc                BSP_LCD_Init
 .text.BSP_LCD_DisplayOn
                0x080056e0       0x44 ./DISPLAY/Target/lcd_io.o
                0x080056e0                BSP_LCD_DisplayOn
 .text.BSP_LCD_WriteDataDMA
                0x08005724       0x4c ./DISPLAY/Target/lcd_io.o
                0x08005724                BSP_LCD_WriteDataDMA
 .text.BSP_LCD_SetDisplayWindow
                0x08005770       0x60 ./DISPLAY/Target/lcd_io.o
                0x08005770                BSP_LCD_SetDisplayWindow
 .text.BSP_LCD_GetTransferStatus
                0x080057d0        0x4 ./DISPLAY/Target/lcd_io.o
                0x080057d0                BSP_LCD_GetTransferStatus
 .text.BSP_LCD_WaitForTransferToBeDone
                0x080057d4        0x8 ./DISPLAY/Target/lcd_io.o
                0x080057d4                BSP_LCD_WaitForTransferToBeDone
 .text.BSP_LCD_SignalTransferDone
                0x080057dc        0x2 ./DISPLAY/Target/lcd_io.o
                0x080057dc                BSP_LCD_SignalTransferDone
 *fill*         0x080057de        0x2 
 .text.LCD_OS_Initialize
                0x080057e0        0xc ./DISPLAY/Target/lcd_os.o
                0x080057e0                LCD_OS_Initialize
 .text.LCD_OS_Unlock
                0x080057ec       0x10 ./DISPLAY/Target/lcd_os.o
                0x080057ec                LCD_OS_Unlock
 .text.LCD_OS_UnlockFromISR
                0x080057fc       0x10 ./DISPLAY/Target/lcd_os.o
                0x080057fc                LCD_OS_UnlockFromISR
 .text.LCD_OS_TryLock
                0x0800580c       0x34 ./DISPLAY/Target/lcd_os.o
                0x0800580c                LCD_OS_TryLock
 .text.LCD_OS_IsLocked
                0x08005840        0xc ./DISPLAY/Target/lcd_os.o
                0x08005840                LCD_OS_IsLocked
 .text.LCD_OS_WaitForTransferToBeDone
                0x0800584c       0x14 ./DISPLAY/Target/lcd_os.o
                0x0800584c                LCD_OS_WaitForTransferToBeDone
 .text.ILI9341_DeInit
                0x08005860        0x4 ./Drivers/BSP/Components/ili9341/ili9341.o
                0x08005860                ILI9341_DeInit
 .text.ILI9341_GetOrientation
                0x08005864       0x10 ./Drivers/BSP/Components/ili9341/ili9341.o
                0x08005864                ILI9341_GetOrientation
 .text.ILI9341_GetXSize
                0x08005874       0x10 ./Drivers/BSP/Components/ili9341/ili9341.o
                0x08005874                ILI9341_GetXSize
 .text.ILI9341_GetYSize
                0x08005884       0x10 ./Drivers/BSP/Components/ili9341/ili9341.o
                0x08005884                ILI9341_GetYSize
 .text.ILI9341_ReadRegWrap
                0x08005894        0xa ./Drivers/BSP/Components/ili9341/ili9341.o
 .text.ILI9341_WriteRegWrap
                0x0800589e        0xa ./Drivers/BSP/Components/ili9341/ili9341.o
 .text.ILI9341_SendDataWrap
                0x080058a8        0xa ./Drivers/BSP/Components/ili9341/ili9341.o
 .text.ILI9341_SendDataDMAWrap
                0x080058b2        0xa ./Drivers/BSP/Components/ili9341/ili9341.o
 .text.ILI9341_RecvDataWrap
                0x080058bc        0xa ./Drivers/BSP/Components/ili9341/ili9341.o
 .text.ILI9341_RecvDataDMAWrap
                0x080058c6        0xa ./Drivers/BSP/Components/ili9341/ili9341.o
 .text.ILI9341_DisplayOn
                0x080058d0       0x18 ./Drivers/BSP/Components/ili9341/ili9341.o
                0x080058d0                ILI9341_DisplayOn
 .text.ILI9341_DisplayOff
                0x080058e8       0x18 ./Drivers/BSP/Components/ili9341/ili9341.o
                0x080058e8                ILI9341_DisplayOff
 .text.ILI9341_SetOrientation
                0x08005900       0x68 ./Drivers/BSP/Components/ili9341/ili9341.o
                0x08005900                ILI9341_SetOrientation
 .text.ILI9341_SetDisplayWindow
                0x08005968       0xbc ./Drivers/BSP/Components/ili9341/ili9341.o
                0x08005968                ILI9341_SetDisplayWindow
 .text.ILI9341_ReadID
                0x08005a24       0x36 ./Drivers/BSP/Components/ili9341/ili9341.o
                0x08005a24                ILI9341_ReadID
 .text.ILI9341_Delay.isra.0
                0x08005a5a       0x18 ./Drivers/BSP/Components/ili9341/ili9341.o
 *fill*         0x08005a72        0x2 
 .text.ILI9341_Init
                0x08005a74      0x22c ./Drivers/BSP/Components/ili9341/ili9341.o
                0x08005a74                ILI9341_Init
 .text.ILI9341_RegisterBusIO
                0x08005ca0       0x68 ./Drivers/BSP/Components/ili9341/ili9341.o
                0x08005ca0                ILI9341_RegisterBusIO
 .text.ili9341_write_reg
                0x08005d08        0x6 ./Drivers/BSP/Components/ili9341/ili9341_reg.o
                0x08005d08                ili9341_write_reg
 .text.ili9341_send_data
                0x08005d0e        0x6 ./Drivers/BSP/Components/ili9341/ili9341_reg.o
                0x08005d0e                ili9341_send_data
 .text.ili9341_recv_data
                0x08005d14        0x6 ./Drivers/BSP/Components/ili9341/ili9341_reg.o
                0x08005d14                ili9341_recv_data
 *fill*         0x08005d1a        0x2 
 .text.BSP_PB_Init
                0x08005d1c       0x84 ./Drivers/BSP/STM32G4xx_Nucleo/stm32g4xx_nucleo.o
                0x08005d1c                BSP_PB_Init
 .text.BSP_PB_IRQHandler
                0x08005da0       0x10 ./Drivers/BSP/STM32G4xx_Nucleo/stm32g4xx_nucleo.o
                0x08005da0                BSP_PB_IRQHandler
 .text.BSP_PB_Callback
                0x08005db0        0x2 ./Drivers/BSP/STM32G4xx_Nucleo/stm32g4xx_nucleo.o
                0x08005db0                BSP_PB_Callback
 .text.BUTTON_USER_EXTI_Callback
                0x08005db2        0xa ./Drivers/BSP/STM32G4xx_Nucleo/stm32g4xx_nucleo.o
 .text.MX_LPUART1_Init
                0x08005dbc       0x2c ./Drivers/BSP/STM32G4xx_Nucleo/stm32g4xx_nucleo.o
                0x08005dbc                MX_LPUART1_Init
 .text.BSP_COM_Init
                0x08005de8       0xa4 ./Drivers/BSP/STM32G4xx_Nucleo/stm32g4xx_nucleo.o
                0x08005de8                BSP_COM_Init
 .text.__io_putchar
                0x08005e8c       0x2c ./Drivers/BSP/STM32G4xx_Nucleo/stm32g4xx_nucleo.o
                0x08005e8c                __io_putchar
 .text.HAL_InitTick
                0x08005eb8       0x4c ./Drivers/STM32G4xx_HAL_Driver/Src/stm32g4xx_hal.o
                0x08005eb8                HAL_InitTick
 .text.HAL_Init
                0x08005f04       0x1e ./Drivers/STM32G4xx_HAL_Driver/Src/stm32g4xx_hal.o
                0x08005f04                HAL_Init
 *fill*         0x08005f22        0x2 
 .text.HAL_IncTick
                0x08005f24       0x18 ./Drivers/STM32G4xx_HAL_Driver/Src/stm32g4xx_hal.o
                0x08005f24                HAL_IncTick
 .text.HAL_GetTick
                0x08005f3c        0xc ./Drivers/STM32G4xx_HAL_Driver/Src/stm32g4xx_hal.o
                0x08005f3c                HAL_GetTick
 .text.HAL_Delay
                0x08005f48       0x28 ./Drivers/STM32G4xx_HAL_Driver/Src/stm32g4xx_hal.o
                0x08005f48                HAL_Delay
 .text.HAL_NVIC_SetPriorityGrouping
                0x08005f70       0x24 ./Drivers/STM32G4xx_HAL_Driver/Src/stm32g4xx_hal_cortex.o
                0x08005f70                HAL_NVIC_SetPriorityGrouping
 .text.HAL_NVIC_SetPriority
                0x08005f94       0x64 ./Drivers/STM32G4xx_HAL_Driver/Src/stm32g4xx_hal_cortex.o
                0x08005f94                HAL_NVIC_SetPriority
 .text.HAL_NVIC_EnableIRQ
                0x08005ff8       0x1c ./Drivers/STM32G4xx_HAL_Driver/Src/stm32g4xx_hal_cortex.o
                0x08005ff8                HAL_NVIC_EnableIRQ
 .text.HAL_NVIC_DisableIRQ
                0x08006014       0x24 ./Drivers/STM32G4xx_HAL_Driver/Src/stm32g4xx_hal_cortex.o
                0x08006014                HAL_NVIC_DisableIRQ
 .text.HAL_SYSTICK_Config
                0x08006038       0x28 ./Drivers/STM32G4xx_HAL_Driver/Src/stm32g4xx_hal_cortex.o
                0x08006038                HAL_SYSTICK_Config
 .text.HAL_DAC_Init
                0x08006060       0x26 ./Drivers/STM32G4xx_HAL_Driver/Src/stm32g4xx_hal_dac.o
                0x08006060                HAL_DAC_Init
 *fill*         0x08006086        0x2 
 .text.HAL_DAC_Start_DMA
                0x08006088       0xf4 ./Drivers/STM32G4xx_HAL_Driver/Src/stm32g4xx_hal_dac.o
                0x08006088                HAL_DAC_Start_DMA
 .text.DAC_DMAConvCpltCh1
                0x0800617c       0x10 ./Drivers/STM32G4xx_HAL_Driver/Src/stm32g4xx_hal_dac.o
                0x0800617c                DAC_DMAConvCpltCh1
 .text.DAC_DMAHalfConvCpltCh1
                0x0800618c        0xa ./Drivers/STM32G4xx_HAL_Driver/Src/stm32g4xx_hal_dac.o
                0x0800618c                DAC_DMAHalfConvCpltCh1
 .text.HAL_DAC_ErrorCallbackCh1
                0x08006196        0x2 ./Drivers/STM32G4xx_HAL_Driver/Src/stm32g4xx_hal_dac.o
                0x08006196                HAL_DAC_ErrorCallbackCh1
 .text.DAC_DMAErrorCh1
                0x08006198       0x18 ./Drivers/STM32G4xx_HAL_Driver/Src/stm32g4xx_hal_dac.o
                0x08006198                DAC_DMAErrorCh1
 .text.HAL_DAC_DMAUnderrunCallbackCh1
                0x080061b0        0x2 ./Drivers/STM32G4xx_HAL_Driver/Src/stm32g4xx_hal_dac.o
                0x080061b0                HAL_DAC_DMAUnderrunCallbackCh1
 .text.HAL_DAC_IRQHandler
                0x080061b2       0x60 ./Drivers/STM32G4xx_HAL_Driver/Src/stm32g4xx_hal_dac.o
                0x080061b2                HAL_DAC_IRQHandler
 *fill*         0x08006212        0x2 
 .text.HAL_DAC_ConfigChannel
                0x08006214      0x1b4 ./Drivers/STM32G4xx_HAL_Driver/Src/stm32g4xx_hal_dac.o
                0x08006214                HAL_DAC_ConfigChannel
 .text.HAL_DACEx_ConvCpltCallbackCh2
                0x080063c8        0x2 ./Drivers/STM32G4xx_HAL_Driver/Src/stm32g4xx_hal_dac_ex.o
                0x080063c8                HAL_DACEx_ConvCpltCallbackCh2
 .text.DAC_DMAConvCpltCh2
                0x080063ca       0x10 ./Drivers/STM32G4xx_HAL_Driver/Src/stm32g4xx_hal_dac_ex.o
                0x080063ca                DAC_DMAConvCpltCh2
 .text.HAL_DACEx_ConvHalfCpltCallbackCh2
                0x080063da        0x2 ./Drivers/STM32G4xx_HAL_Driver/Src/stm32g4xx_hal_dac_ex.o
                0x080063da                HAL_DACEx_ConvHalfCpltCallbackCh2
 .text.DAC_DMAHalfConvCpltCh2
                0x080063dc        0xa ./Drivers/STM32G4xx_HAL_Driver/Src/stm32g4xx_hal_dac_ex.o
                0x080063dc                DAC_DMAHalfConvCpltCh2
 .text.HAL_DACEx_ErrorCallbackCh2
                0x080063e6        0x2 ./Drivers/STM32G4xx_HAL_Driver/Src/stm32g4xx_hal_dac_ex.o
                0x080063e6                HAL_DACEx_ErrorCallbackCh2
 .text.DAC_DMAErrorCh2
                0x080063e8       0x18 ./Drivers/STM32G4xx_HAL_Driver/Src/stm32g4xx_hal_dac_ex.o
                0x080063e8                DAC_DMAErrorCh2
 .text.HAL_DACEx_DMAUnderrunCallbackCh2
                0x08006400        0x2 ./Drivers/STM32G4xx_HAL_Driver/Src/stm32g4xx_hal_dac_ex.o
                0x08006400                HAL_DACEx_DMAUnderrunCallbackCh2
 .text.DMA_SetConfig
                0x08006402       0x34 ./Drivers/STM32G4xx_HAL_Driver/Src/stm32g4xx_hal_dma.o
 *fill*         0x08006436        0x2 
 .text.DMA_CalcDMAMUXChannelBaseAndMask
                0x08006438       0x48 ./Drivers/STM32G4xx_HAL_Driver/Src/stm32g4xx_hal_dma.o
 .text.HAL_DMA_Init
                0x08006480       0xdc ./Drivers/STM32G4xx_HAL_Driver/Src/stm32g4xx_hal_dma.o
                0x08006480                HAL_DMA_Init
 .text.HAL_DMA_DeInit
                0x0800655c       0xac ./Drivers/STM32G4xx_HAL_Driver/Src/stm32g4xx_hal_dma.o
                0x0800655c                HAL_DMA_DeInit
 .text.HAL_DMA_Start_IT
                0x08006608       0x80 ./Drivers/STM32G4xx_HAL_Driver/Src/stm32g4xx_hal_dma.o
                0x08006608                HAL_DMA_Start_IT
 .text.HAL_DMA_Abort_IT
                0x08006688       0x76 ./Drivers/STM32G4xx_HAL_Driver/Src/stm32g4xx_hal_dma.o
                0x08006688                HAL_DMA_Abort_IT
 .text.HAL_DMA_IRQHandler
                0x080066fe       0x94 ./Drivers/STM32G4xx_HAL_Driver/Src/stm32g4xx_hal_dma.o
                0x080066fe                HAL_DMA_IRQHandler
 .text.HAL_EXTI_RegisterCallback
                0x08006792        0xe ./Drivers/STM32G4xx_HAL_Driver/Src/stm32g4xx_hal_exti.o
                0x08006792                HAL_EXTI_RegisterCallback
 .text.HAL_EXTI_GetHandle
                0x080067a0        0xc ./Drivers/STM32G4xx_HAL_Driver/Src/stm32g4xx_hal_exti.o
                0x080067a0                HAL_EXTI_GetHandle
 .text.HAL_EXTI_IRQHandler
                0x080067ac       0x30 ./Drivers/STM32G4xx_HAL_Driver/Src/stm32g4xx_hal_exti.o
                0x080067ac                HAL_EXTI_IRQHandler
 .text.HAL_GPIO_Init
                0x080067dc      0x194 ./Drivers/STM32G4xx_HAL_Driver/Src/stm32g4xx_hal_gpio.o
                0x080067dc                HAL_GPIO_Init
 .text.HAL_GPIO_DeInit
                0x08006970      0x100 ./Drivers/STM32G4xx_HAL_Driver/Src/stm32g4xx_hal_gpio.o
                0x08006970                HAL_GPIO_DeInit
 .text.HAL_GPIO_ReadPin
                0x08006a70        0xc ./Drivers/STM32G4xx_HAL_Driver/Src/stm32g4xx_hal_gpio.o
                0x08006a70                HAL_GPIO_ReadPin
 .text.HAL_GPIO_WritePin
                0x08006a7c        0xa ./Drivers/STM32G4xx_HAL_Driver/Src/stm32g4xx_hal_gpio.o
                0x08006a7c                HAL_GPIO_WritePin
 .text.HAL_GPIO_TogglePin
                0x08006a86       0x12 ./Drivers/STM32G4xx_HAL_Driver/Src/stm32g4xx_hal_gpio.o
                0x08006a86                HAL_GPIO_TogglePin
 .text.HAL_PWREx_ControlVoltageScaling
                0x08006a98       0xb0 ./Drivers/STM32G4xx_HAL_Driver/Src/stm32g4xx_hal_pwr_ex.o
                0x08006a98                HAL_PWREx_ControlVoltageScaling
 .text.HAL_PWREx_DisableUCPDDeadBattery
                0x08006b48       0x10 ./Drivers/STM32G4xx_HAL_Driver/Src/stm32g4xx_hal_pwr_ex.o
                0x08006b48                HAL_PWREx_DisableUCPDDeadBattery
 .text.HAL_RCC_OscConfig
                0x08006b58      0x418 ./Drivers/STM32G4xx_HAL_Driver/Src/stm32g4xx_hal_rcc.o
                0x08006b58                HAL_RCC_OscConfig
 .text.HAL_RCC_GetSysClockFreq
                0x08006f70       0x6c ./Drivers/STM32G4xx_HAL_Driver/Src/stm32g4xx_hal_rcc.o
                0x08006f70                HAL_RCC_GetSysClockFreq
 .text.HAL_RCC_ClockConfig
                0x08006fdc      0x1e8 ./Drivers/STM32G4xx_HAL_Driver/Src/stm32g4xx_hal_rcc.o
                0x08006fdc                HAL_RCC_ClockConfig
 .text.HAL_RCC_GetHCLKFreq
                0x080071c4        0xc ./Drivers/STM32G4xx_HAL_Driver/Src/stm32g4xx_hal_rcc.o
                0x080071c4                HAL_RCC_GetHCLKFreq
 .text.HAL_RCC_GetPCLK1Freq
                0x080071d0       0x24 ./Drivers/STM32G4xx_HAL_Driver/Src/stm32g4xx_hal_rcc.o
                0x080071d0                HAL_RCC_GetPCLK1Freq
 .text.HAL_RCC_GetPCLK2Freq
                0x080071f4       0x24 ./Drivers/STM32G4xx_HAL_Driver/Src/stm32g4xx_hal_rcc.o
                0x080071f4                HAL_RCC_GetPCLK2Freq
 .text.HAL_RCCEx_PeriphCLKConfig
                0x08007218      0x2f0 ./Drivers/STM32G4xx_HAL_Driver/Src/stm32g4xx_hal_rcc_ex.o
                0x08007218                HAL_RCCEx_PeriphCLKConfig
 .text.HAL_RNG_Init
                0x08007508       0x3c ./Drivers/STM32G4xx_HAL_Driver/Src/stm32g4xx_hal_rng.o
                0x08007508                HAL_RNG_Init
 .text.HAL_RNG_GenerateRandomNumber
                0x08007544       0x68 ./Drivers/STM32G4xx_HAL_Driver/Src/stm32g4xx_hal_rng.o
                0x08007544                HAL_RNG_GenerateRandomNumber
 .text.SPI_WaitFlagStateUntilTimeout.constprop.0
                0x080075ac       0xa4 ./Drivers/STM32G4xx_HAL_Driver/Src/stm32g4xx_hal_spi.o
 .text.SPI_WaitFifoStateUntilTimeout.constprop.0
                0x08007650       0xc8 ./Drivers/STM32G4xx_HAL_Driver/Src/stm32g4xx_hal_spi.o
 .text.SPI_EndRxTransaction
                0x08007718       0x6e ./Drivers/STM32G4xx_HAL_Driver/Src/stm32g4xx_hal_spi.o
 .text.SPI_EndRxTxTransaction
                0x08007786       0x44 ./Drivers/STM32G4xx_HAL_Driver/Src/stm32g4xx_hal_spi.o
 .text.HAL_SPI_MspInit
                0x080077ca        0x2 ./Drivers/STM32G4xx_HAL_Driver/Src/stm32g4xx_hal_spi.o
                0x080077ca                HAL_SPI_MspInit
 .text.HAL_SPI_Init
                0x080077cc       0xdc ./Drivers/STM32G4xx_HAL_Driver/Src/stm32g4xx_hal_spi.o
                0x080077cc                HAL_SPI_Init
 .text.HAL_SPI_MspDeInit
                0x080078a8        0x2 ./Drivers/STM32G4xx_HAL_Driver/Src/stm32g4xx_hal_spi.o
                0x080078a8                HAL_SPI_MspDeInit
 .text.HAL_SPI_DeInit
                0x080078aa       0x2c ./Drivers/STM32G4xx_HAL_Driver/Src/stm32g4xx_hal_spi.o
                0x080078aa                HAL_SPI_DeInit
 .text.HAL_SPI_Transmit
                0x080078d6      0x18c ./Drivers/STM32G4xx_HAL_Driver/Src/stm32g4xx_hal_spi.o
                0x080078d6                HAL_SPI_Transmit
 .text.HAL_SPI_TransmitReceive
                0x08007a62      0x266 ./Drivers/STM32G4xx_HAL_Driver/Src/stm32g4xx_hal_spi.o
                0x08007a62                HAL_SPI_TransmitReceive
 .text.HAL_SPI_Receive
                0x08007cc8      0x16a ./Drivers/STM32G4xx_HAL_Driver/Src/stm32g4xx_hal_spi.o
                0x08007cc8                HAL_SPI_Receive
 *fill*         0x08007e32        0x2 
 .text.HAL_SPI_Transmit_DMA
                0x08007e34      0x108 ./Drivers/STM32G4xx_HAL_Driver/Src/stm32g4xx_hal_spi.o
                0x08007e34                HAL_SPI_Transmit_DMA
 .text.HAL_SPI_TxHalfCpltCallback
                0x08007f3c        0x2 ./Drivers/STM32G4xx_HAL_Driver/Src/stm32g4xx_hal_spi.o
                0x08007f3c                HAL_SPI_TxHalfCpltCallback
 .text.SPI_DMAHalfTransmitCplt
                0x08007f3e        0xa ./Drivers/STM32G4xx_HAL_Driver/Src/stm32g4xx_hal_spi.o
 .text.HAL_SPI_ErrorCallback
                0x08007f48        0x2 ./Drivers/STM32G4xx_HAL_Driver/Src/stm32g4xx_hal_spi.o
                0x08007f48                HAL_SPI_ErrorCallback
 .text.SPI_DMAError
                0x08007f4a       0x22 ./Drivers/STM32G4xx_HAL_Driver/Src/stm32g4xx_hal_spi.o
 .text.SPI_DMATransmitCplt
                0x08007f6c       0x6a ./Drivers/STM32G4xx_HAL_Driver/Src/stm32g4xx_hal_spi.o
 *fill*         0x08007fd6        0x2 
 .text.HAL_SPI_IRQHandler
                0x08007fd8      0x10c ./Drivers/STM32G4xx_HAL_Driver/Src/stm32g4xx_hal_spi.o
                0x08007fd8                HAL_SPI_IRQHandler
 .text.SPI_DMAAbortOnError
                0x080080e4       0x12 ./Drivers/STM32G4xx_HAL_Driver/Src/stm32g4xx_hal_spi.o
 .text.HAL_SPI_GetState
                0x080080f6        0x6 ./Drivers/STM32G4xx_HAL_Driver/Src/stm32g4xx_hal_spi.o
                0x080080f6                HAL_SPI_GetState
 .text.HAL_TIM_Base_Start
                0x080080fc       0x74 ./Drivers/STM32G4xx_HAL_Driver/Src/stm32g4xx_hal_tim.o
                0x080080fc                HAL_TIM_Base_Start
 .text.HAL_TIM_Base_Start_IT
                0x08008170       0x7c ./Drivers/STM32G4xx_HAL_Driver/Src/stm32g4xx_hal_tim.o
                0x08008170                HAL_TIM_Base_Start_IT
 .text.HAL_TIM_OC_DelayElapsedCallback
                0x080081ec        0x2 ./Drivers/STM32G4xx_HAL_Driver/Src/stm32g4xx_hal_tim.o
                0x080081ec                HAL_TIM_OC_DelayElapsedCallback
 .text.HAL_TIM_IC_CaptureCallback
                0x080081ee        0x2 ./Drivers/STM32G4xx_HAL_Driver/Src/stm32g4xx_hal_tim.o
                0x080081ee                HAL_TIM_IC_CaptureCallback
 .text.HAL_TIM_PWM_PulseFinishedCallback
                0x080081f0        0x2 ./Drivers/STM32G4xx_HAL_Driver/Src/stm32g4xx_hal_tim.o
                0x080081f0                HAL_TIM_PWM_PulseFinishedCallback
 .text.HAL_TIM_TriggerCallback
                0x080081f2        0x2 ./Drivers/STM32G4xx_HAL_Driver/Src/stm32g4xx_hal_tim.o
                0x080081f2                HAL_TIM_TriggerCallback
 .text.HAL_TIM_IRQHandler
                0x080081f4      0x19e ./Drivers/STM32G4xx_HAL_Driver/Src/stm32g4xx_hal_tim.o
                0x080081f4                HAL_TIM_IRQHandler
 *fill*         0x08008392        0x2 
 .text.TIM_Base_SetConfig
                0x08008394       0xc0 ./Drivers/STM32G4xx_HAL_Driver/Src/stm32g4xx_hal_tim.o
                0x08008394                TIM_Base_SetConfig
 .text.HAL_TIM_Base_Init
                0x08008454       0x60 ./Drivers/STM32G4xx_HAL_Driver/Src/stm32g4xx_hal_tim.o
                0x08008454                HAL_TIM_Base_Init
 .text.TIM_ETR_SetConfig
                0x080084b4       0x14 ./Drivers/STM32G4xx_HAL_Driver/Src/stm32g4xx_hal_tim.o
                0x080084b4                TIM_ETR_SetConfig
 .text.HAL_TIM_ConfigClockSource
                0x080084c8      0x194 ./Drivers/STM32G4xx_HAL_Driver/Src/stm32g4xx_hal_tim.o
                0x080084c8                HAL_TIM_ConfigClockSource
 .text.HAL_TIMEx_MasterConfigSynchronization
                0x0800865c       0xa0 ./Drivers/STM32G4xx_HAL_Driver/Src/stm32g4xx_hal_tim_ex.o
                0x0800865c                HAL_TIMEx_MasterConfigSynchronization
 .text.HAL_TIMEx_CommutCallback
                0x080086fc        0x2 ./Drivers/STM32G4xx_HAL_Driver/Src/stm32g4xx_hal_tim_ex.o
                0x080086fc                HAL_TIMEx_CommutCallback
 .text.HAL_TIMEx_BreakCallback
                0x080086fe        0x2 ./Drivers/STM32G4xx_HAL_Driver/Src/stm32g4xx_hal_tim_ex.o
                0x080086fe                HAL_TIMEx_BreakCallback
 .text.HAL_TIMEx_Break2Callback
                0x08008700        0x2 ./Drivers/STM32G4xx_HAL_Driver/Src/stm32g4xx_hal_tim_ex.o
                0x08008700                HAL_TIMEx_Break2Callback
 .text.HAL_TIMEx_EncoderIndexCallback
                0x08008702        0x2 ./Drivers/STM32G4xx_HAL_Driver/Src/stm32g4xx_hal_tim_ex.o
                0x08008702                HAL_TIMEx_EncoderIndexCallback
 .text.HAL_TIMEx_DirectionChangeCallback
                0x08008704        0x2 ./Drivers/STM32G4xx_HAL_Driver/Src/stm32g4xx_hal_tim_ex.o
                0x08008704                HAL_TIMEx_DirectionChangeCallback
 .text.HAL_TIMEx_IndexErrorCallback
                0x08008706        0x2 ./Drivers/STM32G4xx_HAL_Driver/Src/stm32g4xx_hal_tim_ex.o
                0x08008706                HAL_TIMEx_IndexErrorCallback
 .text.HAL_TIMEx_TransitionErrorCallback
                0x08008708        0x2 ./Drivers/STM32G4xx_HAL_Driver/Src/stm32g4xx_hal_tim_ex.o
                0x08008708                HAL_TIMEx_TransitionErrorCallback
 *fill*         0x0800870a        0x2 
 .text.UART_EndRxTransfer
                0x0800870c       0x58 ./Drivers/STM32G4xx_HAL_Driver/Src/stm32g4xx_hal_uart.o
 .text.HAL_UART_MspInit
                0x08008764        0x2 ./Drivers/STM32G4xx_HAL_Driver/Src/stm32g4xx_hal_uart.o
                0x08008764                HAL_UART_MspInit
 *fill*         0x08008766        0x2 
 .text.UART_SetConfig
                0x08008768      0x254 ./Drivers/STM32G4xx_HAL_Driver/Src/stm32g4xx_hal_uart.o
                0x08008768                UART_SetConfig
 .text.UART_AdvFeatureConfig
                0x080089bc       0xa8 ./Drivers/STM32G4xx_HAL_Driver/Src/stm32g4xx_hal_uart.o
                0x080089bc                UART_AdvFeatureConfig
 .text.UART_WaitOnFlagUntilTimeout
                0x08008a64       0x90 ./Drivers/STM32G4xx_HAL_Driver/Src/stm32g4xx_hal_uart.o
                0x08008a64                UART_WaitOnFlagUntilTimeout
 .text.HAL_UART_Transmit
                0x08008af4       0xaa ./Drivers/STM32G4xx_HAL_Driver/Src/stm32g4xx_hal_uart.o
                0x08008af4                HAL_UART_Transmit
 .text.UART_CheckIdleState
                0x08008b9e       0xb6 ./Drivers/STM32G4xx_HAL_Driver/Src/stm32g4xx_hal_uart.o
                0x08008b9e                UART_CheckIdleState
 .text.HAL_UART_Init
                0x08008c54       0x60 ./Drivers/STM32G4xx_HAL_Driver/Src/stm32g4xx_hal_uart.o
                0x08008c54                HAL_UART_Init
 .text.__itoa   0x08008cb4       0x30 C:/ST/STM32CubeIDE_2.0.0/STM32CubeIDE/plugins/com.st.stm32cube.ide.mcu.externaltools.gnu-tools-for-stm32.14.3.rel1.win32_1.0.100.202602081740/tools/bin/../lib/gcc/arm-none-eabi/14.3.1/../../../../arm-none-eabi/lib/thumb/v7e-m+fp/hard\libc_nano.a(libc_a-itoa.o)
                0x08008cb4                __itoa
 .text.itoa     0x08008ce4        0x4 C:/ST/STM32CubeIDE_2.0.0/STM32CubeIDE/plugins/com.st.stm32cube.ide.mcu.externaltools.gnu-tools-for-stm32.14.3.rel1.win32_1.0.100.202602081740/tools/bin/../lib/gcc/arm-none-eabi/14.3.1/../../../../arm-none-eabi/lib/thumb/v7e-m+fp/hard\libc_nano.a(libc_a-itoa.o)
                0x08008ce4                itoa
 .text.rand     0x08008ce8       0x7c C:/ST/STM32CubeIDE_2.0.0/STM32CubeIDE/plugins/com.st.stm32cube.ide.mcu.externaltools.gnu-tools-for-stm32.14.3.rel1.win32_1.0.100.202602081740/tools/bin/../lib/gcc/arm-none-eabi/14.3.1/../../../../arm-none-eabi/lib/thumb/v7e-m+fp/hard\libc_nano.a(libc_a-rand.o)
                0x08008ce8                rand
 .text.__utoa   0x08008d64       0x84 C:/ST/STM32CubeIDE_2.0.0/STM32CubeIDE/plugins/com.st.stm32cube.ide.mcu.externaltools.gnu-tools-for-stm32.14.3.rel1.win32_1.0.100.202602081740/tools/bin/../lib/gcc/arm-none-eabi/14.3.1/../../../../arm-none-eabi/lib/thumb/v7e-m+fp/hard\libc_nano.a(libc_a-utoa.o)
                0x08008d64                __utoa
 .text.std      0x08008de8       0x6c C:/ST/STM32CubeIDE_2.0.0/STM32CubeIDE/plugins/com.st.stm32cube.ide.mcu.externaltools.gnu-tools-for-stm32.14.3.rel1.win32_1.0.100.202602081740/tools/bin/../lib/gcc/arm-none-eabi/14.3.1/../../../../arm-none-eabi/lib/thumb/v7e-m+fp/hard\libc_nano.a(libc_a-findfp.o)
 .text.stdio_exit_handler
                0x08008e54       0x18 C:/ST/STM32CubeIDE_2.0.0/STM32CubeIDE/plugins/com.st.stm32cube.ide.mcu.externaltools.gnu-tools-for-stm32.14.3.rel1.win32_1.0.100.202602081740/tools/bin/../lib/gcc/arm-none-eabi/14.3.1/../../../../arm-none-eabi/lib/thumb/v7e-m+fp/hard\libc_nano.a(libc_a-findfp.o)
 .text.cleanup_stdio
                0x08008e6c       0x40 C:/ST/STM32CubeIDE_2.0.0/STM32CubeIDE/plugins/com.st.stm32cube.ide.mcu.externaltools.gnu-tools-for-stm32.14.3.rel1.win32_1.0.100.202602081740/tools/bin/../lib/gcc/arm-none-eabi/14.3.1/../../../../arm-none-eabi/lib/thumb/v7e-m+fp/hard\libc_nano.a(libc_a-findfp.o)
 .text.global_stdio_init.part.0
                0x08008eac       0x40 C:/ST/STM32CubeIDE_2.0.0/STM32CubeIDE/plugins/com.st.stm32cube.ide.mcu.externaltools.gnu-tools-for-stm32.14.3.rel1.win32_1.0.100.202602081740/tools/bin/../lib/gcc/arm-none-eabi/14.3.1/../../../../arm-none-eabi/lib/thumb/v7e-m+fp/hard\libc_nano.a(libc_a-findfp.o)
 .text.__sfp_lock_acquire
                0x08008eec        0xc C:/ST/STM32CubeIDE_2.0.0/STM32CubeIDE/plugins/com.st.stm32cube.ide.mcu.externaltools.gnu-tools-for-stm32.14.3.rel1.win32_1.0.100.202602081740/tools/bin/../lib/gcc/arm-none-eabi/14.3.1/../../../../arm-none-eabi/lib/thumb/v7e-m+fp/hard\libc_nano.a(libc_a-findfp.o)
                0x08008eec                __sfp_lock_acquire
 .text.__sfp_lock_release
                0x08008ef8        0xc C:/ST/STM32CubeIDE_2.0.0/STM32CubeIDE/plugins/com.st.stm32cube.ide.mcu.externaltools.gnu-tools-for-stm32.14.3.rel1.win32_1.0.100.202602081740/tools/bin/../lib/gcc/arm-none-eabi/14.3.1/../../../../arm-none-eabi/lib/thumb/v7e-m+fp/hard\libc_nano.a(libc_a-findfp.o)
                0x08008ef8                __sfp_lock_release
 .text.__sinit  0x08008f04       0x30 C:/ST/STM32CubeIDE_2.0.0/STM32CubeIDE/plugins/com.st.stm32cube.ide.mcu.externaltools.gnu-tools-for-stm32.14.3.rel1.win32_1.0.100.202602081740/tools/bin/../lib/gcc/arm-none-eabi/14.3.1/../../../../arm-none-eabi/lib/thumb/v7e-m+fp/hard\libc_nano.a(libc_a-findfp.o)
                0x08008f04                __sinit
 .text._fwalk_sglue
                0x08008f34       0x3c C:/ST/STM32CubeIDE_2.0.0/STM32CubeIDE/plugins/com.st.stm32cube.ide.mcu.externaltools.gnu-tools-for-stm32.14.3.rel1.win32_1.0.100.202602081740/tools/bin/../lib/gcc/arm-none-eabi/14.3.1/../../../../arm-none-eabi/lib/thumb/v7e-m+fp/hard\libc_nano.a(libc_a-fwalk.o)
                0x08008f34                _fwalk_sglue
 .text.printf   0x08008f70       0x24 C:/ST/STM32CubeIDE_2.0.0/STM32CubeIDE/plugins/com.st.stm32cube.ide.mcu.externaltools.gnu-tools-for-stm32.14.3.rel1.win32_1.0.100.202602081740/tools/bin/../lib/gcc/arm-none-eabi/14.3.1/../../../../arm-none-eabi/lib/thumb/v7e-m+fp/hard\libc_nano.a(libc_a-printf.o)
                0x08008f70                iprintf
                0x08008f70                printf
 .text.__sread  0x08008f94       0x22 C:/ST/STM32CubeIDE_2.0.0/STM32CubeIDE/plugins/com.st.stm32cube.ide.mcu.externaltools.gnu-tools-for-stm32.14.3.rel1.win32_1.0.100.202602081740/tools/bin/../lib/gcc/arm-none-eabi/14.3.1/../../../../arm-none-eabi/lib/thumb/v7e-m+fp/hard\libc_nano.a(libc_a-stdio.o)
                0x08008f94                __sread
 .text.__swrite
                0x08008fb6       0x38 C:/ST/STM32CubeIDE_2.0.0/STM32CubeIDE/plugins/com.st.stm32cube.ide.mcu.externaltools.gnu-tools-for-stm32.14.3.rel1.win32_1.0.100.202602081740/tools/bin/../lib/gcc/arm-none-eabi/14.3.1/../../../../arm-none-eabi/lib/thumb/v7e-m+fp/hard\libc_nano.a(libc_a-stdio.o)
                0x08008fb6                __swrite
 .text.__sseek  0x08008fee       0x26 C:/ST/STM32CubeIDE_2.0.0/STM32CubeIDE/plugins/com.st.stm32cube.ide.mcu.externaltools.gnu-tools-for-stm32.14.3.rel1.win32_1.0.100.202602081740/tools/bin/../lib/gcc/arm-none-eabi/14.3.1/../../../../arm-none-eabi/lib/thumb/v7e-m+fp/hard\libc_nano.a(libc_a-stdio.o)
                0x08008fee                __sseek
 .text.__sclose
                0x08009014        0x8 C:/ST/STM32CubeIDE_2.0.0/STM32CubeIDE/plugins/com.st.stm32cube.ide.mcu.externaltools.gnu-tools-for-stm32.14.3.rel1.win32_1.0.100.202602081740/tools/bin/../lib/gcc/arm-none-eabi/14.3.1/../../../../arm-none-eabi/lib/thumb/v7e-m+fp/hard\libc_nano.a(libc_a-stdio.o)
                0x08009014                __sclose
 .text.memset   0x0800901c       0x10 C:/ST/STM32CubeIDE_2.0.0/STM32CubeIDE/plugins/com.st.stm32cube.ide.mcu.externaltools.gnu-tools-for-stm32.14.3.rel1.win32_1.0.100.202602081740/tools/bin/../lib/gcc/arm-none-eabi/14.3.1/../../../../arm-none-eabi/lib/thumb/v7e-m+fp/hard\libc_nano.a(libc_a-memset.o)
                0x0800901c                memset
 .text._close_r
                0x0800902c       0x20 C:/ST/STM32CubeIDE_2.0.0/STM32CubeIDE/plugins/com.st.stm32cube.ide.mcu.externaltools.gnu-tools-for-stm32.14.3.rel1.win32_1.0.100.202602081740/tools/bin/../lib/gcc/arm-none-eabi/14.3.1/../../../../arm-none-eabi/lib/thumb/v7e-m+fp/hard\libc_nano.a(libc_a-closer.o)
                0x0800902c                _close_r
 .text._lseek_r
                0x0800904c       0x24 C:/ST/STM32CubeIDE_2.0.0/STM32CubeIDE/plugins/com.st.stm32cube.ide.mcu.externaltools.gnu-tools-for-stm32.14.3.rel1.win32_1.0.100.202602081740/tools/bin/../lib/gcc/arm-none-eabi/14.3.1/../../../../arm-none-eabi/lib/thumb/v7e-m+fp/hard\libc_nano.a(libc_a-lseekr.o)
                0x0800904c                _lseek_r
 .text._read_r  0x08009070       0x24 C:/ST/STM32CubeIDE_2.0.0/STM32CubeIDE/plugins/com.st.stm32cube.ide.mcu.externaltools.gnu-tools-for-stm32.14.3.rel1.win32_1.0.100.202602081740/tools/bin/../lib/gcc/arm-none-eabi/14.3.1/../../../../arm-none-eabi/lib/thumb/v7e-m+fp/hard\libc_nano.a(libc_a-readr.o)
                0x08009070                _read_r
 .text._write_r
                0x08009094       0x24 C:/ST/STM32CubeIDE_2.0.0/STM32CubeIDE/plugins/com.st.stm32cube.ide.mcu.externaltools.gnu-tools-for-stm32.14.3.rel1.win32_1.0.100.202602081740/tools/bin/../lib/gcc/arm-none-eabi/14.3.1/../../../../arm-none-eabi/lib/thumb/v7e-m+fp/hard\libc_nano.a(libc_a-writer.o)
                0x08009094                _write_r
 .text.__errno  0x080090b8        0xc C:/ST/STM32CubeIDE_2.0.0/STM32CubeIDE/plugins/com.st.stm32cube.ide.mcu.externaltools.gnu-tools-for-stm32.14.3.rel1.win32_1.0.100.202602081740/tools/bin/../lib/gcc/arm-none-eabi/14.3.1/../../../../arm-none-eabi/lib/thumb/v7e-m+fp/hard\libc_nano.a(libc_a-errno.o)
                0x080090b8                __errno
 .text.__libc_init_array
                0x080090c4       0x48 C:/ST/STM32CubeIDE_2.0.0/STM32CubeIDE/plugins/com.st.stm32cube.ide.mcu.externaltools.gnu-tools-for-stm32.14.3.rel1.win32_1.0.100.202602081740/tools/bin/../lib/gcc/arm-none-eabi/14.3.1/../../../../arm-none-eabi/lib/thumb/v7e-m+fp/hard\libc_nano.a(libc_a-init.o)
                0x080090c4                __libc_init_array
 .text.__retarget_lock_init_recursive
                0x0800910c        0x2 C:/ST/STM32CubeIDE_2.0.0/STM32CubeIDE/plugins/com.st.stm32cube.ide.mcu.externaltools.gnu-tools-for-stm32.14.3.rel1.win32_1.0.100.202602081740/tools/bin/../lib/gcc/arm-none-eabi/14.3.1/../../../../arm-none-eabi/lib/thumb/v7e-m+fp/hard\libc_nano.a(libc_a-lock.o)
                0x0800910c                __retarget_lock_init_recursive
 .text.__retarget_lock_acquire_recursive
                0x0800910e        0x2 C:/ST/STM32CubeIDE_2.0.0/STM32CubeIDE/plugins/com.st.stm32cube.ide.mcu.externaltools.gnu-tools-for-stm32.14.3.rel1.win32_1.0.100.202602081740/tools/bin/../lib/gcc/arm-none-eabi/14.3.1/../../../../arm-none-eabi/lib/thumb/v7e-m+fp/hard\libc_nano.a(libc_a-lock.o)
                0x0800910e                __retarget_lock_acquire_recursive
 .text.__retarget_lock_release_recursive
                0x08009110        0x2 C:/ST/STM32CubeIDE_2.0.0/STM32CubeIDE/plugins/com.st.stm32cube.ide.mcu.externaltools.gnu-tools-for-stm32.14.3.rel1.win32_1.0.100.202602081740/tools/bin/../lib/gcc/arm-none-eabi/14.3.1/../../../../arm-none-eabi/lib/thumb/v7e-m+fp/hard\libc_nano.a(libc_a-lock.o)
                0x08009110                __retarget_lock_release_recursive
 .text.memcpy   0x08009112       0x1c C:/ST/STM32CubeIDE_2.0.0/STM32CubeIDE/plugins/com.st.stm32cube.ide.mcu.externaltools.gnu-tools-for-stm32.14.3.rel1.win32_1.0.100.202602081740/tools/bin/../lib/gcc/arm-none-eabi/14.3.1/../../../../arm-none-eabi/lib/thumb/v7e-m+fp/hard\libc_nano.a(libc_a-memcpy-stub.o)
                0x08009112                memcpy
 *fill*         0x0800912e        0x2 
 .text.__assert_func
                0x08009130       0x3c C:/ST/STM32CubeIDE_2.0.0/STM32CubeIDE/plugins/com.st.stm32cube.ide.mcu.externaltools.gnu-tools-for-stm32.14.3.rel1.win32_1.0.100.202602081740/tools/bin/../lib/gcc/arm-none-eabi/14.3.1/../../../../arm-none-eabi/lib/thumb/v7e-m+fp/hard\libc_nano.a(libc_a-assert.o)
                0x08009130                __assert_func
 .text._free_r  0x0800916c       0x94 C:/ST/STM32CubeIDE_2.0.0/STM32CubeIDE/plugins/com.st.stm32cube.ide.mcu.externaltools.gnu-tools-for-stm32.14.3.rel1.win32_1.0.100.202602081740/tools/bin/../lib/gcc/arm-none-eabi/14.3.1/../../../../arm-none-eabi/lib/thumb/v7e-m+fp/hard\libc_nano.a(libc_a-freer.o)
                0x0800916c                _free_r
 .text.malloc   0x08009200       0x10 C:/ST/STM32CubeIDE_2.0.0/STM32CubeIDE/plugins/com.st.stm32cube.ide.mcu.externaltools.gnu-tools-for-stm32.14.3.rel1.win32_1.0.100.202602081740/tools/bin/../lib/gcc/arm-none-eabi/14.3.1/../../../../arm-none-eabi/lib/thumb/v7e-m+fp/hard\libc_nano.a(libc_a-malloc.o)
                0x08009200                malloc
 .text.sbrk_aligned
                0x08009210       0x44 C:/ST/STM32CubeIDE_2.0.0/STM32CubeIDE/plugins/com.st.stm32cube.ide.mcu.externaltools.gnu-tools-for-stm32.14.3.rel1.win32_1.0.100.202602081740/tools/bin/../lib/gcc/arm-none-eabi/14.3.1/../../../../arm-none-eabi/lib/thumb/v7e-m+fp/hard\libc_nano.a(libc_a-mallocr.o)
 .text._malloc_r
                0x08009254      0x100 C:/ST/STM32CubeIDE_2.0.0/STM32CubeIDE/plugins/com.st.stm32cube.ide.mcu.externaltools.gnu-tools-for-stm32.14.3.rel1.win32_1.0.100.202602081740/tools/bin/../lib/gcc/arm-none-eabi/14.3.1/../../../../arm-none-eabi/lib/thumb/v7e-m+fp/hard\libc_nano.a(libc_a-mallocr.o)
                0x08009254                _malloc_r
 .text.__malloc_lock
                0x08009354        0xc C:/ST/STM32CubeIDE_2.0.0/STM32CubeIDE/plugins/com.st.stm32cube.ide.mcu.externaltools.gnu-tools-for-stm32.14.3.rel1.win32_1.0.100.202602081740/tools/bin/../lib/gcc/arm-none-eabi/14.3.1/../../../../arm-none-eabi/lib/thumb/v7e-m+fp/hard\libc_nano.a(libc_a-mlock.o)
                0x08009354                __malloc_lock
 .text.__malloc_unlock
                0x08009360        0xc C:/ST/STM32CubeIDE_2.0.0/STM32CubeIDE/plugins/com.st.stm32cube.ide.mcu.externaltools.gnu-tools-for-stm32.14.3.rel1.win32_1.0.100.202602081740/tools/bin/../lib/gcc/arm-none-eabi/14.3.1/../../../../arm-none-eabi/lib/thumb/v7e-m+fp/hard\libc_nano.a(libc_a-mlock.o)
                0x08009360                __malloc_unlock
 .text.__sfputc_r
                0x0800936c       0x2e C:/ST/STM32CubeIDE_2.0.0/STM32CubeIDE/plugins/com.st.stm32cube.ide.mcu.externaltools.gnu-tools-for-stm32.14.3.rel1.win32_1.0.100.202602081740/tools/bin/../lib/gcc/arm-none-eabi/14.3.1/../../../../arm-none-eabi/lib/thumb/v7e-m+fp/hard\libc_nano.a(libc_a-nano-vfprintf.o)
 .text.__sfputs_r
                0x0800939a       0x24 C:/ST/STM32CubeIDE_2.0.0/STM32CubeIDE/plugins/com.st.stm32cube.ide.mcu.externaltools.gnu-tools-for-stm32.14.3.rel1.win32_1.0.100.202602081740/tools/bin/../lib/gcc/arm-none-eabi/14.3.1/../../../../arm-none-eabi/lib/thumb/v7e-m+fp/hard\libc_nano.a(libc_a-nano-vfprintf.o)
                0x0800939a                __sfputs_r
 *fill*         0x080093be        0x2 
 .text._vfprintf_r
                0x080093c0      0x228 C:/ST/STM32CubeIDE_2.0.0/STM32CubeIDE/plugins/com.st.stm32cube.ide.mcu.externaltools.gnu-tools-for-stm32.14.3.rel1.win32_1.0.100.202602081740/tools/bin/../lib/gcc/arm-none-eabi/14.3.1/../../../../arm-none-eabi/lib/thumb/v7e-m+fp/hard\libc_nano.a(libc_a-nano-vfprintf.o)
                0x080093c0                _vfprintf_r
                0x080093c0                _vfiprintf_r
 .text._printf_common
                0x080095e8       0xda C:/ST/STM32CubeIDE_2.0.0/STM32CubeIDE/plugins/com.st.stm32cube.ide.mcu.externaltools.gnu-tools-for-stm32.14.3.rel1.win32_1.0.100.202602081740/tools/bin/../lib/gcc/arm-none-eabi/14.3.1/../../../../arm-none-eabi/lib/thumb/v7e-m+fp/hard\libc_nano.a(libc_a-nano-vfprintf_i.o)
                0x080095e8                _printf_common
 *fill*         0x080096c2        0x2 
 .text._printf_i
                0x080096c4      0x24c C:/ST/STM32CubeIDE_2.0.0/STM32CubeIDE/plugins/com.st.stm32cube.ide.mcu.externaltools.gnu-tools-for-stm32.14.3.rel1.win32_1.0.100.202602081740/tools/bin/../lib/gcc/arm-none-eabi/14.3.1/../../../../arm-none-eabi/lib/thumb/v7e-m+fp/hard\libc_nano.a(libc_a-nano-vfprintf_i.o)
                0x080096c4                _printf_i
 .text.__sflush_r
                0x08009910      0x104 C:/ST/STM32CubeIDE_2.0.0/STM32CubeIDE/plugins/com.st.stm32cube.ide.mcu.externaltools.gnu-tools-for-stm32.14.3.rel1.win32_1.0.100.202602081740/tools/bin/../lib/gcc/arm-none-eabi/14.3.1/../../../../arm-none-eabi/lib/thumb/v7e-m+fp/hard\libc_nano.a(libc_a-fflush.o)
                0x08009910                __sflush_r
 .text._fflush_r
                0x08009a14       0x50 C:/ST/STM32CubeIDE_2.0.0/STM32CubeIDE/plugins/com.st.stm32cube.ide.mcu.externaltools.gnu-tools-for-stm32.14.3.rel1.win32_1.0.100.202602081740/tools/bin/../lib/gcc/arm-none-eabi/14.3.1/../../../../arm-none-eabi/lib/thumb/v7e-m+fp/hard\libc_nano.a(libc_a-fflush.o)
                0x08009a14                _fflush_r
 .text.fprintf  0x08009a64       0x24 C:/ST/STM32CubeIDE_2.0.0/STM32CubeIDE/plugins/com.st.stm32cube.ide.mcu.externaltools.gnu-tools-for-stm32.14.3.rel1.win32_1.0.100.202602081740/tools/bin/../lib/gcc/arm-none-eabi/14.3.1/../../../../arm-none-eabi/lib/thumb/v7e-m+fp/hard\libc_nano.a(libc_a-fprintf.o)
                0x08009a64                fiprintf
                0x08009a64                fprintf
 .text.__swbuf_r
                0x08009a88       0x7c C:/ST/STM32CubeIDE_2.0.0/STM32CubeIDE/plugins/com.st.stm32cube.ide.mcu.externaltools.gnu-tools-for-stm32.14.3.rel1.win32_1.0.100.202602081740/tools/bin/../lib/gcc/arm-none-eabi/14.3.1/../../../../arm-none-eabi/lib/thumb/v7e-m+fp/hard\libc_nano.a(libc_a-wbuf.o)
                0x08009a88                __swbuf_r
 .text.__swsetup_r
                0x08009b04       0xa8 C:/ST/STM32CubeIDE_2.0.0/STM32CubeIDE/plugins/com.st.stm32cube.ide.mcu.externaltools.gnu-tools-for-stm32.14.3.rel1.win32_1.0.100.202602081740/tools/bin/../lib/gcc/arm-none-eabi/14.3.1/../../../../arm-none-eabi/lib/thumb/v7e-m+fp/hard\libc_nano.a(libc_a-wsetup.o)
                0x08009b04                __swsetup_r
 .text._sbrk_r  0x08009bac       0x20 C:/ST/STM32CubeIDE_2.0.0/STM32CubeIDE/plugins/com.st.stm32cube.ide.mcu.externaltools.gnu-tools-for-stm32.14.3.rel1.win32_1.0.100.202602081740/tools/bin/../lib/gcc/arm-none-eabi/14.3.1/../../../../arm-none-eabi/lib/thumb/v7e-m+fp/hard\libc_nano.a(libc_a-sbrkr.o)
                0x08009bac                _sbrk_r
 .text.abort    0x08009bcc        0xe C:/ST/STM32CubeIDE_2.0.0/STM32CubeIDE/plugins/com.st.stm32cube.ide.mcu.externaltools.gnu-tools-for-stm32.14.3.rel1.win32_1.0.100.202602081740/tools/bin/../lib/gcc/arm-none-eabi/14.3.1/../../../../arm-none-eabi/lib/thumb/v7e-m+fp/hard\libc_nano.a(libc_a-abort.o)
                0x08009bcc                abort
 .text.__swhatbuf_r
                0x08009bda       0x48 C:/ST/STM32CubeIDE_2.0.0/STM32CubeIDE/plugins/com.st.stm32cube.ide.mcu.externaltools.gnu-tools-for-stm32.14.3.rel1.win32_1.0.100.202602081740/tools/bin/../lib/gcc/arm-none-eabi/14.3.1/../../../../arm-none-eabi/lib/thumb/v7e-m+fp/hard\libc_nano.a(libc_a-makebuf.o)
                0x08009bda                __swhatbuf_r
 .text.__smakebuf_r
                0x08009c22       0x72 C:/ST/STM32CubeIDE_2.0.0/STM32CubeIDE/plugins/com.st.stm32cube.ide.mcu.externaltools.gnu-tools-for-stm32.14.3.rel1.win32_1.0.100.202602081740/tools/bin/../lib/gcc/arm-none-eabi/14.3.1/../../../../arm-none-eabi/lib/thumb/v7e-m+fp/hard\libc_nano.a(libc_a-makebuf.o)
                0x08009c22                __smakebuf_r
 .text._raise_r
                0x08009c94       0x50 C:/ST/STM32CubeIDE_2.0.0/STM32CubeIDE/plugins/com.st.stm32cube.ide.mcu.externaltools.gnu-tools-for-stm32.14.3.rel1.win32_1.0.100.202602081740/tools/bin/../lib/gcc/arm-none-eabi/14.3.1/../../../../arm-none-eabi/lib/thumb/v7e-m+fp/hard\libc_nano.a(libc_a-signal.o)
                0x08009c94                _raise_r
 .text.raise    0x08009ce4       0x10 C:/ST/STM32CubeIDE_2.0.0/STM32CubeIDE/plugins/com.st.stm32cube.ide.mcu.externaltools.gnu-tools-for-stm32.14.3.rel1.win32_1.0.100.202602081740/tools/bin/../lib/gcc/arm-none-eabi/14.3.1/../../../../arm-none-eabi/lib/thumb/v7e-m+fp/hard\libc_nano.a(libc_a-signal.o)
                0x08009ce4                raise
 .text._fstat_r
                0x08009cf4       0x24 C:/ST/STM32CubeIDE_2.0.0/STM32CubeIDE/plugins/com.st.stm32cube.ide.mcu.externaltools.gnu-tools-for-stm32.14.3.rel1.win32_1.0.100.202602081740/tools/bin/../lib/gcc/arm-none-eabi/14.3.1/../../../../arm-none-eabi/lib/thumb/v7e-m+fp/hard\libc_nano.a(libc_a-fstatr.o)
                0x08009cf4                _fstat_r
 .text._isatty_r
                0x08009d18       0x20 C:/ST/STM32CubeIDE_2.0.0/STM32CubeIDE/plugins/com.st.stm32cube.ide.mcu.externaltools.gnu-tools-for-stm32.14.3.rel1.win32_1.0.100.202602081740/tools/bin/../lib/gcc/arm-none-eabi/14.3.1/../../../../arm-none-eabi/lib/thumb/v7e-m+fp/hard\libc_nano.a(libc_a-isattyr.o)
                0x08009d18                _isatty_r
 .text._kill_r  0x08009d38       0x24 C:/ST/STM32CubeIDE_2.0.0/STM32CubeIDE/plugins/com.st.stm32cube.ide.mcu.externaltools.gnu-tools-for-stm32.14.3.rel1.win32_1.0.100.202602081740/tools/bin/../lib/gcc/arm-none-eabi/14.3.1/../../../../arm-none-eabi/lib/thumb/v7e-m+fp/hard\libc_nano.a(libc_a-signalr.o)
                0x08009d38                _kill_r
 .text._getpid_r
                0x08009d5c        0x4 C:/ST/STM32CubeIDE_2.0.0/STM32CubeIDE/plugins/com.st.stm32cube.ide.mcu.externaltools.gnu-tools-for-stm32.14.3.rel1.win32_1.0.100.202602081740/tools/bin/../lib/gcc/arm-none-eabi/14.3.1/../../../../arm-none-eabi/lib/thumb/v7e-m+fp/hard\libc_nano.a(libc_a-signalr.o)
                0x08009d5c                _getpid_r
 .text.powf     0x08009d60       0xbc C:/ST/STM32CubeIDE_2.0.0/STM32CubeIDE/plugins/com.st.stm32cube.ide.mcu.externaltools.gnu-tools-for-stm32.14.3.rel1.win32_1.0.100.202602081740/tools/bin/../lib/gcc/arm-none-eabi/14.3.1/../../../../arm-none-eabi/lib/thumb/v7e-m+fp/hard\libm.a(libm_a-wf_pow.o)
                0x08009d60                powf
 .text.sqrtf    0x08009e1c       0x44 C:/ST/STM32CubeIDE_2.0.0/STM32CubeIDE/plugins/com.st.stm32cube.ide.mcu.externaltools.gnu-tools-for-stm32.14.3.rel1.win32_1.0.100.202602081740/tools/bin/../lib/gcc/arm-none-eabi/14.3.1/../../../../arm-none-eabi/lib/thumb/v7e-m+fp/hard\libm.a(libm_a-wf_sqrt.o)
                0x08009e1c                sqrtf
 .text.finitef  0x08009e60       0x14 C:/ST/STM32CubeIDE_2.0.0/STM32CubeIDE/plugins/com.st.stm32cube.ide.mcu.externaltools.gnu-tools-for-stm32.14.3.rel1.win32_1.0.100.202602081740/tools/bin/../lib/gcc/arm-none-eabi/14.3.1/../../../../arm-none-eabi/lib/thumb/v7e-m+fp/hard\libm.a(libm_a-sf_finite.o)
                0x08009e60                finitef
 .text.__ieee754_sqrtf
                0x08009e74        0x8 C:/ST/STM32CubeIDE_2.0.0/STM32CubeIDE/plugins/com.st.stm32cube.ide.mcu.externaltools.gnu-tools-for-stm32.14.3.rel1.win32_1.0.100.202602081740/tools/bin/../lib/gcc/arm-none-eabi/14.3.1/../../../../arm-none-eabi/lib/thumb/v7e-m+fp/hard\libm.a(libm_a-ef_sqrt.o)
                0x08009e74                __ieee754_sqrtf
 .text.ceilf    0x08009e7c       0x94 C:/ST/STM32CubeIDE_2.0.0/STM32CubeIDE/plugins/com.st.stm32cube.ide.mcu.externaltools.gnu-tools-for-stm32.14.3.rel1.win32_1.0.100.202602081740/tools/bin/../lib/gcc/arm-none-eabi/14.3.1/../../../../arm-none-eabi/lib/thumb/v7e-m+fp/hard\libm.a(libm_a-sf_ceil.o)
                0x08009e7c                ceilf
 .text.roundf   0x08009f10       0x4c C:/ST/STM32CubeIDE_2.0.0/STM32CubeIDE/plugins/com.st.stm32cube.ide.mcu.externaltools.gnu-tools-for-stm32.14.3.rel1.win32_1.0.100.202602081740/tools/bin/../lib/gcc/arm-none-eabi/14.3.1/../../../../arm-none-eabi/lib/thumb/v7e-m+fp/hard\libm.a(libm_a-sf_round.o)
                0x08009f10                roundf
 .text.__ieee754_powf
                0x08009f5c      0x6b8 C:/ST/STM32CubeIDE_2.0.0/STM32CubeIDE/plugins/com.st.stm32cube.ide.mcu.externaltools.gnu-tools-for-stm32.14.3.rel1.win32_1.0.100.202602081740/tools/bin/../lib/gcc/arm-none-eabi/14.3.1/../../../../arm-none-eabi/lib/thumb/v7e-m+fp/hard\libm.a(libm_a-ef_pow.o)
                0x08009f5c                __ieee754_powf
 .text.fabsf    0x0800a614       0x10 C:/ST/STM32CubeIDE_2.0.0/STM32CubeIDE/plugins/com.st.stm32cube.ide.mcu.externaltools.gnu-tools-for-stm32.14.3.rel1.win32_1.0.100.202602081740/tools/bin/../lib/gcc/arm-none-eabi/14.3.1/../../../../arm-none-eabi/lib/thumb/v7e-m+fp/hard\libm.a(libm_a-sf_fabs.o)
                0x0800a614                fabsf
 .text.scalbnf  0x0800a624       0xdc C:/ST/STM32CubeIDE_2.0.0/STM32CubeIDE/plugins/com.st.stm32cube.ide.mcu.externaltools.gnu-tools-for-stm32.14.3.rel1.win32_1.0.100.202602081740/tools/bin/../lib/gcc/arm-none-eabi/14.3.1/../../../../arm-none-eabi/lib/thumb/v7e-m+fp/hard\libm.a(libm_a-sf_scalbn.o)
                0x0800a624                scalbnf
 .text.with_errnof
                0x0800a700       0x1c C:/ST/STM32CubeIDE_2.0.0/STM32CubeIDE/plugins/com.st.stm32cube.ide.mcu.externaltools.gnu-tools-for-stm32.14.3.rel1.win32_1.0.100.202602081740/tools/bin/../lib/gcc/arm-none-eabi/14.3.1/../../../../arm-none-eabi/lib/thumb/v7e-m+fp/hard\libm.a(libm_a-math_errf.o)
 .text.xflowf   0x0800a71c       0x20 C:/ST/STM32CubeIDE_2.0.0/STM32CubeIDE/plugins/com.st.stm32cube.ide.mcu.externaltools.gnu-tools-for-stm32.14.3.rel1.win32_1.0.100.202602081740/tools/bin/../lib/gcc/arm-none-eabi/14.3.1/../../../../arm-none-eabi/lib/thumb/v7e-m+fp/hard\libm.a(libm_a-math_errf.o)
 .text.__math_uflowf
                0x0800a73c        0xc C:/ST/STM32CubeIDE_2.0.0/STM32CubeIDE/plugins/com.st.stm32cube.ide.mcu.externaltools.gnu-tools-for-stm32.14.3.rel1.win32_1.0.100.202602081740/tools/bin/../lib/gcc/arm-none-eabi/14.3.1/../../../../arm-none-eabi/lib/thumb/v7e-m+fp/hard\libm.a(libm_a-math_errf.o)
                0x0800a73c                __math_uflowf
 .text.__math_oflowf
                0x0800a748        0xc C:/ST/STM32CubeIDE_2.0.0/STM32CubeIDE/plugins/com.st.stm32cube.ide.mcu.externaltools.gnu-tools-for-stm32.14.3.rel1.win32_1.0.100.202602081740/tools/bin/../lib/gcc/arm-none-eabi/14.3.1/../../../../arm-none-eabi/lib/thumb/v7e-m+fp/hard\libm.a(libm_a-math_errf.o)
                0x0800a748                __math_oflowf
 *(.glue_7)
 .glue_7        0x0800a754        0x0 linker stubs
 *(.glue_7t)
 .glue_7t       0x0800a754        0x0 linker stubs
 *(.eh_frame)
 .eh_frame      0x0800a754        0x0 C:/ST/STM32CubeIDE_2.0.0/STM32CubeIDE/plugins/com.st.stm32cube.ide.mcu.externaltools.gnu-tools-for-stm32.14.3.rel1.win32_1.0.100.202602081740/tools/bin/../lib/gcc/arm-none-eabi/14.3.1/thumb/v7e-m+fp/hard/crtbegin.o
 *(.init)
 .init          0x0800a754        0x4 C:/ST/STM32CubeIDE_2.0.0/STM32CubeIDE/plugins/com.st.stm32cube.ide.mcu.externaltools.gnu-tools-for-stm32.14.3.rel1.win32_1.0.100.202602081740/tools/bin/../lib/gcc/arm-none-eabi/14.3.1/thumb/v7e-m+fp/hard/crti.o
                0x0800a754                _init
 .init          0x0800a758        0x8 C:/ST/STM32CubeIDE_2.0.0/STM32CubeIDE/plugins/com.st.stm32cube.ide.mcu.externaltools.gnu-tools-for-stm32.14.3.rel1.win32_1.0.100.202602081740/tools/bin/../lib/gcc/arm-none-eabi/14.3.1/thumb/v7e-m+fp/hard/crtn.o
 *(.fini)
 .fini          0x0800a760        0x4 C:/ST/STM32CubeIDE_2.0.0/STM32CubeIDE/plugins/com.st.stm32cube.ide.mcu.externaltools.gnu-tools-for-stm32.14.3.rel1.win32_1.0.100.202602081740/tools/bin/../lib/gcc/arm-none-eabi/14.3.1/thumb/v7e-m+fp/hard/crti.o
                0x0800a760                _fini
 .fini          0x0800a764        0x8 C:/ST/STM32CubeIDE_2.0.0/STM32CubeIDE/plugins/com.st.stm32cube.ide.mcu.externaltools.gnu-tools-for-stm32.14.3.rel1.win32_1.0.100.202602081740/tools/bin/../lib/gcc/arm-none-eabi/14.3.1/thumb/v7e-m+fp/hard/crtn.o
                0x0800a76c                        . = ALIGN (0x4)
                0x0800a76c                        _etext = .

.vfp11_veneer   0x0800a76c        0x0
 .vfp11_veneer  0x0800a76c        0x0 linker stubs

.v4_bx          0x0800a76c        0x0
 .v4_bx         0x0800a76c        0x0 linker stubs

.iplt           0x0800a76c        0x0
 .iplt          0x0800a76c        0x0 C:/ST/STM32CubeIDE_2.0.0/STM32CubeIDE/plugins/com.st.stm32cube.ide.mcu.externaltools.gnu-tools-for-stm32.14.3.rel1.win32_1.0.100.202602081740/tools/bin/../lib/gcc/arm-none-eabi/14.3.1/thumb/v7e-m+fp/hard/crtbegin.o

.rodata         0x0800a76c      0xa3c
                0x0800a76c                        . = ALIGN (0x4)
 *(.rodata)
 *(.rodata*)
 .rodata.draw_power_status_if_needed.str1.1
                0x0800a76c      0x180 ./Core/Src/breakout.o
                                  0x9 (size before relaxing)
 .rodata.initialise.str1.1
                0x0800a8ec        0x6 ./Core/Src/breakout.o
 .rodata.break_draw.str1.1
                0x0800a8ec        0xa ./Core/Src/breakout.o
 .rodata.CSWTCH.122
                0x0800a8ec        0xa ./Core/Src/breakout.o
 .rodata.breakout_gameover_seq
                0x0800a8f6       0x20 ./Core/Src/breakout_sfx.o
 .rodata.breakout_powerup_seq
                0x0800a916       0x20 ./Core/Src/breakout_sfx.o
 .rodata.breakout_block_bounce_seq
                0x0800a936       0x18 ./Core/Src/breakout_sfx.o
 .rodata.breakout_bounce_seq
                0x0800a94e       0x10 ./Core/Src/breakout_sfx.o
 *fill*         0x0800a95e        0x2 
 .rodata.kBtn   0x0800a960       0x28 ./Core/Src/buttons.o
 .rodata.font5x7
                0x0800a988      0x1e0 ./Core/Src/font.o
                0x0800a988                font5x7
 .rodata.Menu_DrawRow.str1.1
                0x0800ab68       0x2f ./Core/Src/menu.o
 .rodata.LCD_MenuDraw.str1.1
                0x0800ab68        0x9 ./Core/Src/menu.o
 .rodata.menuItems
                0x0800ab68        0xc ./Core/Src/menu.o
 .rodata.menu_select_seq
                0x0800ab74       0x18 ./Core/Src/menu_sfx.o
 .rodata.menu_move_seq
                0x0800ab8c       0x10 ./Core/Src/menu_sfx.o
 .rodata.setup.str1.1
                0x0800ab9c       0x39 ./Core/Src/setup.o
 .rodata.Snake_DrawStatic.str1.1
                0x0800ab9c        0x6 ./Core/Src/snake.o
 .rodata.Snake_Draw.str1.1
                0x0800ab9c        0xa ./Core/Src/snake.o
 .rodata.snake_gameover_seq
                0x0800ab9c       0x20 ./Core/Src/snake_sfx.o
 .rodata.snake_hit_seq
                0x0800abbc       0x10 ./Core/Src/snake_sfx.o
 .rodata.snake_eat_seq
                0x0800abcc       0x18 ./Core/Src/snake_sfx.o
 .rodata.snake_move_seq
                0x0800abe4        0x8 ./Core/Src/snake_sfx.o
 .rodata.APBPrescTable
                0x0800abec        0x8 ./Core/Src/system_stm32g4xx.o
                0x0800abec                APBPrescTable
 .rodata.AHBPrescTable
                0x0800abf4       0x10 ./Core/Src/system_stm32g4xx.o
                0x0800abf4                AHBPrescTable
 .rodata.DrawScorePanel.str1.1
                0x0800ac04        0x6 ./Core/Src/tetris.o
 .rodata.Tetris_Update.str1.1
                0x0800ac04        0xa ./Core/Src/tetris.o
 .rodata.CSWTCH.121
                0x0800ac04        0x6 ./Core/Src/tetris.o
 .rodata.CSWTCH.120
                0x0800ac0a        0x6 ./Core/Src/tetris.o
 .rodata.CSWTCH.103
                0x0800ac10        0xe ./Core/Src/tetris.o