../Core/Src/breakout.c:92:13:clear_block_powers	0	static
../Core/Src/breakout.c:141:13:position_ball_on_paddle	0	static
../Core/Src/breakout.c:298:13:erase_old_ball	16	static
../Core/Src/breakout.c:332:13:erase_old_paddle	16	static
../Core/Src/breakout.c:148:13:refresh_active_powers	8	static
../Core/Src/breakout.c:406:13:draw_paddle_current	48	static
../Core/Src/breakout.c:368:13:draw_ball_current	24	static
../Core/Src/breakout.c:204:13:draw_power_status_if_needed	24	static
../Core/Src/breakout.c:285:13:draw_score_if_needed	48	static
../Core/Src/breakout.c:163:13:enforce_min_horizontal_speed	8	static
../Core/Src/breakout.c:192:13:renormalise_ball_speed	24	static
../Core/Src/breakout.c:546:6:block_draw	64	static
../Core/Src/breakout.c:452:13:respawn_blocks	40	static
../Core/Src/breakout.c:541:6:block_intl	0	static
../Core/Src/breakout.c:557:6:plat_intl	8	static
../Core/Src/breakout.c:565:6:ball_intl	8	static
../Core/Src/breakout.c:570:6:initialise	24	static
../Core/Src/breakout.c:609:6:release_ball	16	static
../Core/Src/breakout.c:633:6:bouncex	8	static
../Core/Src/breakout.c:643:6:bouncexplat	16	static
../Core/Src/breakout.c:669:6:bouncey	0	static
../Core/Src/breakout.c:679:6:does_collide_blk	96	static
../Core/Src/breakout.c:769:6:does_collide_wall	16	static
../Core/Src/breakout.c:793:6:does_collide_plat	0	static
../Core/Src/breakout.c:831:6:ball_update	40	static
../Core/Src/breakout.c:878:6:platform_update	16	static
../Core/Src/breakout.c:907:6:break_Tick	0	static
../Core/Src/breakout.c:918:6:break_draw	24	static
../Core/Src/breakout.c:937:6:Breakout_Update	32	static
