../Core/Src/snake.c:55:19:idx_wrap	0	static
../Core/Src/snake.c:83:12:snake_contains	24	static
../Core/Src/snake.c:93:13:Snake_SpawnFood	16	static
../Core/Src/snake.c:78:20:Snake_DrawGridCell	16	static
../Core/Src/snake.c:109:13:Snake_DrawCell	16	static
../Core/Src/snake.c:151:13:Snake_DrawFoodIfNeeded	16	static
../Core/Src/snake.c:166:13:Snake_DrawInitialBody	24	static
../Core/Src/snake.c:125:13:Snake_DrawStatic	24	static
../Core/Src/snake.c:138:13:Snake_DrawScoreIfNeeded	40	static
../Core/Src/snake.c:189:6:Snake_Init	8	static
../Core/Src/snake.c:221:6:Snake_SetDir	0	static
../Core/Src/snake.c:234:6:Snake_Tick	56	static
../Core/Src/snake.c:301:6:Snake_Draw	24	static
../Core/Src/snake.c:316:6:Snake_Update	16	static
