../Core/Src/tetris.c:529:12:cell_ok	0	static
../Core/Src/tetris.c:951:13:DrawScorePanel	40	static
../Core/Src/tetris.c:103:13:DrawMiniCell.part.0.constprop	24	static
../Core/Src/tetris.c:103:13:DrawMiniCell.constprop	24	static
../Core/Src/tetris.c:147:13:DrawStoredBlock	24	static
../Core/Src/tetris.c:228:13:DrawPredictedBlocks	16	static
../Core/Src/tetris.c:142:13:DrawFuturePanels	24	static
../Core/Src/tetris.c:315:6:Grid_init	20	static
../Core/Src/tetris.c:327:6:Tetris_init	32	static
../Core/Src/tetris.c:347:6:Draw_Field	48	static
../Core/Src/tetris.c:358:6:B1_init	12	static
../Core/Src/tetris.c:373:6:B2_init	20	static
../Core/Src/tetris.c:400:6:B3_init	20	static
../Core/Src/tetris.c:427:6:B4_init	20	static
../Core/Src/tetris.c:442:6:B5_init	20	static
../Core/Src/tetris.c:457:6:B6_init	16	static
../Core/Src/tetris.c:464:6:B7_init	20	static
../Core/Src/tetris.c:491:5:B_init	40	static
../Core/Src/tetris.c:669:5:can_move_down	8	static
../Core/Src/tetris.c:682:5:can_move_right	8	static
../Core/Src/tetris.c:695:5:can_move_left	8	static
../Core/Src/tetris.c:708:6:erase_B	12	static
../Core/Src/tetris.c:880:13:move_left	8	static
../Core/Src/tetris.c:874:13:move_right	8	static
../Core/Src/tetris.c:718:6:place	32	static
../Core/Src/tetris.c:751:6:hold	24	static
../Core/Src/tetris.c:783:6:rotate	32	static
../Core/Src/tetris.c:807:5:check_line	0	static
../Core/Src/tetris.c:818:6:move_line	12	static
../Core/Src/tetris.c:831:6:clear_line	24	static
../Core/Src/tetris.c:886:6:B_tick	16	static
../Core/Src/tetris.c:964:6:Tetris_Update	48	static
