../Core/Src/tetris_audio.c:138:13:TA_ResetTracks	0	static
../Core/Src/tetris_audio.c:245:13:TA_AdvanceOne	24	static
../Core/Src/tetris_audio.c:254:13:TA_AdvanceTracks.constprop	8	static
../Core/Src/tetris_audio.c:183:6:TetrisAudio_Start	8	static
../Core/Src/tetris_audio.c:192:6:TetrisAudio_Stop	8	static
../Core/Src/tetris_audio.c:202:9:TetrisAudio_IsPlaying	0	static
../Core/Src/tetris_audio.c:207:6:TetrisAudio_SetBPM	8	static
../Core/Src/tetris_audio.c:163:6:TetrisAudio_Init	8	static
../Core/Src/tetris_audio.c:217:6:TetrisAudio_Update	16	static
