../Core/Src/audio.c:26:6:HAL_DAC_ConvHalfCpltCallbackCh1	16	static
../Core/Src/audio.c:39:6:HAL_DAC_ConvCpltCallbackCh1	16	static
../Core/Src/audio.c:52:24:hz_to_inc	24	static
../Core/Src/audio.c:60:6:PSG_Init	16	static
../Core/Src/audio.c:69:13:Audio_ClearVoices	16	static
../Core/Src/audio.c:78:6:Audio_Start	24	static
../Core/Src/audio.c:92:6:Audio_Stop	8	static
../Core/Src/audio.c:98:6:Audio_SetMode	16	static
../Core/Src/audio.c:120:11:Audio_GetMode	4	static
../Core/Src/audio.c:125:6:PSG_SetVoiceFreq	24	static
../Core/Src/audio.c:131:6:PSG_SetVoiceVol	16	static
../Core/Src/audio.c:138:6:PSG_SetVoiceWave	16	static
../Core/Src/audio.c:144:23:osc_sample	32	static
../Core/Src/audio.c:163:23:noise_sample	24	static
../Core/Src/audio.c:170:6:PSG_Fill	32	static
