../Core/Src/audio.c:26:6:HAL_DAC_ConvHalfCpltCallbackCh1	16	static
../Core/Src/audio.c:39:6:HAL_DAC_ConvCpltCallbackCh1	16	static
../Core/Src/audio.c:52:24:hz_to_inc	24	static
../Core/Src/audio.c:60:6:PSG_Init	16	static
../Core/Src/audio.c:70:13:Audio_ClearVoices	16	static
../Core/Src/audio.c:80:6:Audio_Start	24	static
../Core/Src/audio.c:95:6:Audio_Stop	8	static
../Core/Src/audio.c:101:6:Audio_SetMode	16	static
../Core/Src/audio.c:123:11:Audio_GetMode	4	static
../Core/Src/audio.c:128:6:PSG_SetVoiceFreq	24	static
../Core/Src/audio.c:134:6:PSG_SetVoiceVol	16	static
../Core/Src/audio.c:141:6:PSG_SetVoiceWave	16	static
../Core/Src/audio.c:147:23:osc_sample	32	static
../Core/Src/audio.c:166:23:noise_sample	24	static
../Core/Src/audio.c:173:6:PSG_Fill	32	static
