../Core/Src/breakout.c:81:13:blocks_remaining	16	static
../Core/Src/breakout.c:92:13:clear_block_powers	16	static
../Core/Src/breakout.c:98:13:assign_power_block	24	static
../Core/Src/breakout.c:109:17:block_base_colour_for_row	16	static
../Core/Src/breakout.c:120:17:score_text_colour	8	static
../Core/Src/breakout.c:124:16:active_power_mask	16	static
../Core/Src/breakout.c:141:13:position_ball_on_paddle	4	static
../Core/Src/breakout.c:148:13:refresh_active_powers	16	static
../Core/Src/breakout.c:163:13:enforce_min_horizontal_speed	16	static
../Core/Src/breakout.c:192:13:renormalise_ball_speed	16	static
../Core/Src/breakout.c:204:13:draw_power_status_if_needed	24	static
../Core/Src/breakout.c:232:13:draw_block_cell	64	static
../Core/Src/breakout.c:278:13:draw_static_scene	16	static
../Core/Src/breakout.c:285:13:draw_score_if_needed	32	static
../Core/Src/breakout.c:298:13:erase_old_ball	56	static
../Core/Src/breakout.c:332:13:erase_old_paddle	64	static
../Core/Src/breakout.c:368:13:draw_ball_current	64	static
../Core/Src/breakout.c:406:13:draw_paddle_current	72	static
../Core/Src/breakout.c:452:13:respawn_blocks	40	static
../Core/Src/breakout.c:491:13:handle_block_clear	8	static
../Core/Src/breakout.c:513:13:activate_block_power	24	static
../Core/Src/breakout.c:541:6:block_intl	8	static
../Core/Src/breakout.c:546:6:block_draw	16	static
../Core/Src/breakout.c:557:6:plat_intl	8	static
../Core/Src/breakout.c:565:6:ball_intl	8	static
../Core/Src/breakout.c:570:6:initialise	8	static
../Core/Src/breakout.c:609:6:release_ball	24	static
../Core/Src/breakout.c:633:6:bouncex	16	static
../Core/Src/breakout.c:643:6:bouncexplat	24	static
../Core/Src/breakout.c:669:6:bouncey	16	static
../Core/Src/breakout.c:679:6:does_collide_blk	104	static
../Core/Src/breakout.c:769:6:does_collide_wall	8	static
../Core/Src/breakout.c:793:6:does_collide_plat	56	static
../Core/Src/breakout.c:831:6:ball_update	48	static
../Core/Src/breakout.c:878:6:platform_update	16	static
../Core/Src/breakout.c:907:6:break_Tick	8	static
../Core/Src/breakout.c:918:6:break_draw	16	static
../Core/Src/breakout.c:937:6:Breakout_Update	24	static
