../Core/Src/breakout.c:80:13:blocks_remaining	16	static
../Core/Src/breakout.c:91:13:clear_block_powers	16	static
../Core/Src/breakout.c:97:13:assign_power_block	24	static
../Core/Src/breakout.c:108:17:block_base_colour_for_row	16	static
../Core/Src/breakout.c:119:17:score_text_colour	8	static
../Core/Src/breakout.c:123:16:active_power_mask	16	static
../Core/Src/breakout.c:140:13:position_ball_on_paddle	4	static
../Core/Src/breakout.c:147:13:refresh_active_powers	16	static
../Core/Src/breakout.c:162:13:enforce_min_horizontal_speed	16	static
../Core/Src/breakout.c:191:13:renormalise_ball_speed	16	static
../Core/Src/breakout.c:203:13:draw_power_status_if_needed	24	static
../Core/Src/breakout.c:231:13:draw_block_cell	64	static
../Core/Src/breakout.c:277:13:draw_static_scene	16	static
../Core/Src/breakout.c:284:13:draw_score_if_needed	32	static
../Core/Src/breakout.c:297:13:erase_old_ball	56	static
../Core/Src/breakout.c:333:13:erase_old_paddle	64	static
../Core/Src/breakout.c:371:13:draw_ball_current	64	static
../Core/Src/breakout.c:409:13:draw_paddle_current	72	static
../Core/Src/breakout.c:455:13:respawn_blocks	40	static
../Core/Src/breakout.c:494:13:handle_block_clear	8	static
../Core/Src/breakout.c:516:13:activate_block_power	24	static
../Core/Src/breakout.c:536:6:block_intl	8	static
../Core/Src/breakout.c:541:6:block_draw	16	static
../Core/Src/breakout.c:552:6:plat_intl	8	static
../Core/Src/breakout.c:560:6:ball_intl	8	static
../Core/Src/breakout.c:565:6:initialise	8	static
../Core/Src/breakout.c:604:6:release_ball	24	static
../Core/Src/breakout.c:628:6:bouncex	8	static
../Core/Src/breakout.c:633:6:bouncexplat	24	static
../Core/Src/breakout.c:658:6:bouncey	4	static
../Core/Src/breakout.c:662:6:does_collide_blk	104	static
../Core/Src/breakout.c:752:6:does_collide_wall	8	static
../Core/Src/breakout.c:767:6:does_collide_plat	56	static
../Core/Src/breakout.c:805:6:ball_update	48	static
../Core/Src/breakout.c:852:6:platform_update	16	static
../Core/Src/breakout.c:881:6:break_Tick	4	static
../Core/Src/breakout.c:891:6:break_draw	16	static
../Core/Src/breakout.c:909:6:Breakout_Update	24	static
