../Core/Src/breakout.c:47:13:blocks_remaining	16	static
../Core/Src/breakout.c:58:13:clear_block_powers	16	static
../Core/Src/breakout.c:64:13:assign_power_block	24	static
../Core/Src/breakout.c:82:17:block_base_colour_for_row	16	static
../Core/Src/breakout.c:93:13:enforce_min_horizontal_speed	16	static
../Core/Src/breakout.c:116:13:draw_block_cell	56	static
../Core/Src/breakout.c:160:13:draw_static_scene	16	static
../Core/Src/breakout.c:167:13:draw_score_if_needed	32	static
../Core/Src/breakout.c:179:13:erase_old_ball	16	static
../Core/Src/breakout.c:191:13:erase_old_paddle	16	static
../Core/Src/breakout.c:203:13:draw_ball_current	24	static
../Core/Src/breakout.c:219:13:draw_paddle_current	24	static
../Core/Src/breakout.c:235:13:respawn_blocks	40	static
../Core/Src/breakout.c:268:13:handle_block_clear	8	static
../Core/Src/breakout.c:294:6:block_intl	8	static
../Core/Src/breakout.c:299:6:block_draw	16	static
../Core/Src/breakout.c:310:6:plat_intl	16	static
../Core/Src/breakout.c:323:6:ball_intl	24	static
../Core/Src/breakout.c:336:6:initialise	8	static
../Core/Src/breakout.c:370:6:release_ball	24	static
../Core/Src/breakout.c:383:6:bouncex	4	static
../Core/Src/breakout.c:387:6:bouncexplat	24	static
../Core/Src/breakout.c:411:6:bouncey	4	static
../Core/Src/breakout.c:415:6:does_collide_blk	104	static
../Core/Src/breakout.c:508:6:does_collide_wall	8	static
../Core/Src/breakout.c:531:6:does_collide_plat	56	static
../Core/Src/breakout.c:569:6:ball_update	24	static
../Core/Src/breakout.c:597:6:platform_update	16	static
../Core/Src/breakout.c:626:6:break_Tick	4	static
../Core/Src/breakout.c:636:6:break_draw	16	static
../Core/Src/breakout.c:653:6:Breakout_Update	24	static
