../Core/Src/breakout.c:81:13:blocks_remaining	16	static
../Core/Src/breakout.c:92:13:clear_block_powers	16	static
../Core/Src/breakout.c:98:13:assign_power_block	24	static
../Core/Src/breakout.c:109:17:block_base_colour_for_row	16	static
../Core/Src/breakout.c:120:17:score_text_colour	8	static
../Core/Src/breakout.c:124:16:active_power_mask	16	static
../Core/Src/breakout.c:141:13:position_ball_on_paddle	4	static
../Core/Src/breakout.c:148:13:refresh_active_powers	16	static
../Core/Src/breakout.c:163:13:enforce_min_horizontal_speed	16	static
../Core/Src/breakout.c:192:13:renormalise_ball_speed	16	static
../Core/Src/breakout.c:204:13:draw_power_status_if_needed	24	static
../Core/Src/breakout.c:232:13:draw_block_cell	64	static
../Core/Src/breakout.c:278:13:draw_static_scene	16	static
../Core/Src/breakout.c:285:13:draw_score_if_needed	32	static
../Core/Src/breakout.c:298:13:erase_old_ball	56	static
../Core/Src/breakout.c:334:13:erase_old_paddle	64	static
../Core/Src/breakout.c:372:13:draw_ball_current	64	static
../Core/Src/breakout.c:410:13:draw_paddle_current	72	static
../Core/Src/breakout.c:456:13:respawn_blocks	40	static
../Core/Src/breakout.c:495:13:handle_block_clear	8	static
../Core/Src/breakout.c:517:13:activate_block_power	24	static
../Core/Src/breakout.c:537:6:block_intl	8	static
../Core/Src/breakout.c:542:6:block_draw	16	static
../Core/Src/breakout.c:553:6:plat_intl	8	static
../Core/Src/breakout.c:561:6:ball_intl	8	static
../Core/Src/breakout.c:566:6:initialise	8	static
../Core/Src/breakout.c:605:6:release_ball	24	static
../Core/Src/breakout.c:629:6:bouncex	16	static
../Core/Src/breakout.c:639:6:bouncexplat	24	static
../Core/Src/breakout.c:665:6:bouncey	16	static
../Core/Src/breakout.c:676:6:does_collide_blk	104	static
../Core/Src/breakout.c:766:6:does_collide_wall	8	static
../Core/Src/breakout.c:790:6:does_collide_plat	56	static
../Core/Src/breakout.c:828:6:ball_update	48	static
../Core/Src/breakout.c:875:6:platform_update	16	static
../Core/Src/breakout.c:904:6:break_Tick	4	static
../Core/Src/breakout.c:914:6:break_draw	16	static
../Core/Src/breakout.c:932:6:Breakout_Update	24	static
