../Core/Src/breakout.c:54:13:draw_static_scene	16	static
../Core/Src/breakout.c:62:13:draw_score_if_needed	32	static
../Core/Src/breakout.c:75:13:erase_old_ball	16	static
../Core/Src/breakout.c:87:13:erase_old_paddle	16	static
../Core/Src/breakout.c:99:13:draw_ball_current	24	static
../Core/Src/breakout.c:115:13:draw_paddle_current	24	static
../Core/Src/breakout.c:133:6:block_intl	16	static
../Core/Src/breakout.c:144:6:block_draw	32	static
../Core/Src/breakout.c:170:6:plat_intl	16	static
../Core/Src/breakout.c:183:6:ball_intl	24	static
../Core/Src/breakout.c:196:6:initialise	8	static
../Core/Src/breakout.c:238:6:release_ball	16	static
../Core/Src/breakout.c:248:6:future_pos	24	static
../Core/Src/breakout.c:268:6:bouncex	4	static
../Core/Src/breakout.c:272:6:bouncexplat	16	static
../Core/Src/breakout.c:276:6:bouncey	4	static
../Core/Src/breakout.c:280:6:does_collide_blk	104	static
../Core/Src/breakout.c:369:6:does_collide_wall	8	static
../Core/Src/breakout.c:384:6:does_collide_plat	64	static
../Core/Src/breakout.c:426:6:ball_update	24	static
../Core/Src/breakout.c:446:6:platform_update	16	static
../Core/Src/breakout.c:473:6:break_Tick	4	static
../Core/Src/breakout.c:484:6:break_draw	16	static
../Core/Src/breakout.c:498:6:Breakout_Update	24	static
