../Core/Src/display.c:47:6:HAL_SPI_TxCpltCallback	16	static
../Core/Src/display.c:65:20:rect_valid	16	static
../Core/Src/display.c:70:20:clip_rect	24	static
../Core/Src/display.c:79:20:rects_overlap_or_touch	24	static
../Core/Src/display.c:89:25:rect_union	40	static
../Core/Src/display.c:104:13:mark_dirty	48	static
../Core/Src/display.c:156:13:clear_dirty_state	4	static
../Core/Src/display.c:166:6:LCD_ClearFrame	8	static
../Core/Src/display.c:173:6:LCD_DrawRect	48	static
../Core/Src/display.c:215:20:build_scaled_2rows_full	40	static
../Core/Src/display.c:232:20:build_scaled_2rows_partial	40	static
../Core/Src/display.c:254:13:render_full_dma_internal	40	static
../Core/Src/display.c:284:13:flush_rect_scaled	64	static
../Core/Src/display.c:328:6:render_dma	16	static
../Core/Src/display.c:361:6:border	40	static
../Core/Src/display.c:381:10:Darken565	24	static
