../Core/Src/snake.c:20:19:GX	16	static
../Core/Src/snake.c:21:19:GY	16	static
../Core/Src/snake.c:55:19:idx_wrap	16	static
../Core/Src/snake.c:62:18:snake_head	16	static
../Core/Src/snake.c:67:18:snake_tail	16	static
../Core/Src/snake.c:73:24:Snake_GridColor	16	static
../Core/Src/snake.c:78:20:Snake_DrawGridCell	32	static
../Core/Src/snake.c:83:12:snake_contains	24	static
../Core/Src/snake.c:93:13:Snake_SpawnFood	16	static
../Core/Src/snake.c:109:13:Snake_DrawCell	40	static
../Core/Src/snake.c:114:13:Snake_DrawBoard	16	static
../Core/Src/snake.c:125:13:Snake_DrawStatic	16	static
../Core/Src/snake.c:138:13:Snake_DrawScoreIfNeeded	32	static
../Core/Src/snake.c:151:13:Snake_DrawFoodIfNeeded	8	static
../Core/Src/snake.c:166:13:Snake_DrawInitialBody	24	static
../Core/Src/snake.c:178:13:Snake_DrawGameOverOnce	16	static
../Core/Src/snake.c:189:6:Snake_Init	32	static
../Core/Src/snake.c:221:6:Snake_SetDir	16	static
../Core/Src/snake.c:234:6:Snake_Tick	32	static
../Core/Src/snake.c:301:6:Snake_Draw	8	static
../Core/Src/snake.c:316:6:Snake_Update	24	static
