../Core/Src/snake.c:20:19:GX	16	static
../Core/Src/snake.c:21:19:GY	16	static
../Core/Src/snake.c:45:19:idx_wrap	16	static
../Core/Src/snake.c:52:18:snake_head	16	static
../Core/Src/snake.c:57:18:snake_tail	16	static
../Core/Src/snake.c:63:24:Snake_GridColor	16	static
../Core/Src/snake.c:68:20:Snake_DrawGridCell	32	static
../Core/Src/snake.c:73:12:snake_contains	24	static
../Core/Src/snake.c:83:13:Snake_SpawnFood	16	static
../Core/Src/snake.c:99:13:Snake_DrawCell	40	static
../Core/Src/snake.c:104:13:Snake_DrawBoard	16	static
../Core/Src/snake.c:115:13:Snake_DrawStatic	16	static
../Core/Src/snake.c:128:13:Snake_DrawScoreIfNeeded	32	static
../Core/Src/snake.c:141:13:Snake_DrawFoodIfNeeded	8	static
../Core/Src/snake.c:156:13:Snake_DrawInitialBody	24	static
../Core/Src/snake.c:168:13:Snake_DrawGameOverOnce	16	static
../Core/Src/snake.c:179:6:Snake_Init	32	static
../Core/Src/snake.c:211:6:Snake_SetDir	16	static
../Core/Src/snake.c:224:6:Snake_Tick	32	static
../Core/Src/snake.c:291:6:Snake_Draw	8	static
../Core/Src/snake.c:306:6:Snake_Update	24	static
