../Core/Src/snake.c:18:19:GX	16	static
../Core/Src/snake.c:19:19:GY	16	static
../Core/Src/snake.c:32:19:idx_wrap	16	static
../Core/Src/snake.c:39:18:snake_head	16	static
../Core/Src/snake.c:41:18:snake_tail	16	static
../Core/Src/snake.c:47:12:snake_contains	24	static
../Core/Src/snake.c:57:13:Snake_SpawnFood	16	static
../Core/Src/snake.c:72:13:Snake_DrawCell	40	static
../Core/Src/snake.c:77:13:Snake_DrawStatic	16	static
../Core/Src/snake.c:88:13:Snake_DrawScoreIfNeeded	32	static
../Core/Src/snake.c:101:13:Snake_DrawFoodIfNeeded	8	static
../Core/Src/snake.c:115:13:Snake_DrawInitialBody	24	static
../Core/Src/snake.c:127:13:Snake_DrawGameOverOnce	16	static
../Core/Src/snake.c:136:6:Snake_Init	32	static
../Core/Src/snake.c:168:6:Snake_SetDir	16	static
../Core/Src/snake.c:181:6:Snake_Tick	32	static
../Core/Src/snake.c:247:6:Snake_Draw	8	static
../Core/Src/snake.c:262:6:Snake_Update	24	static
