../Core/Src/stm32g4xx_nucleo_bus.c:91:9:BSP_SPI2_Init	16	static
../Core/Src/stm32g4xx_nucleo_bus.c:132:9:BSP_SPI2_DeInit	16	static
../Core/Src/stm32g4xx_nucleo_bus.c:158:9:BSP_SPI2_Send	24	static
../Core/Src/stm32g4xx_nucleo_bus.c:175:10:BSP_SPI2_Recv	24	static
../Core/Src/stm32g4xx_nucleo_bus.c:192:9:BSP_SPI2_SendRecv	40	static
../Core/Src/stm32g4xx_nucleo_bus.c:209:9:BSP_SPI2_Send_DMA	24	static
../Core/Src/stm32g4xx_nucleo_bus.c:226:10:BSP_SPI2_Recv_DMA	24	static
../Core/Src/stm32g4xx_nucleo_bus.c:243:9:BSP_SPI2_SendRecv_DMA	32	static
../Core/Src/stm32g4xx_nucleo_bus.c:312:9:BSP_GetTick	8	static
../Core/Src/stm32g4xx_nucleo_bus.c:318:26:MX_SPI2_Init	24	static
../Core/Src/stm32g4xx_nucleo_bus.c:346:13:SPI2_MspInit	48	static
../Core/Src/stm32g4xx_nucleo_bus.c:418:13:SPI2_MspDeInit	16	static
