../Core/Src/tetris.c:39:19:GX	16	static
../Core/Src/tetris.c:40:19:GY	16	static
../Core/Src/tetris.c:54:17:FallingColour	4	static
../Core/Src/tetris.c:67:17:BlockColourFromCell	16	static
../Core/Src/tetris.c:84:13:DrawCell	48	static
../Core/Src/tetris.c:141:13:DrawMiniCell	48	static
../Core/Src/tetris.c:156:13:DrawDoublePanelFrame	40	static
../Core/Src/tetris.c:172:13:DrawSinglePanelFrame	40	static
../Core/Src/tetris.c:180:13:DrawFuturePanels	8	static
../Core/Src/tetris.c:185:13:DrawStoredBlock	24	static
../Core/Src/tetris.c:266:13:DrawPredictedBlocks	40	static
../Core/Src/tetris.c:353:6:Grid_init	16	static
../Core/Src/tetris.c:365:6:Tetris_init	24	static
../Core/Src/tetris.c:385:6:Draw_Field	24	static
../Core/Src/tetris.c:396:6:B1_init	24	static
../Core/Src/tetris.c:411:6:B2_init	24	static
../Core/Src/tetris.c:438:6:B3_init	24	static
../Core/Src/tetris.c:465:6:B4_init	24	static
../Core/Src/tetris.c:480:6:B5_init	24	static
../Core/Src/tetris.c:495:6:B6_init	24	static
../Core/Src/tetris.c:502:6:B7_init	24	static
../Core/Src/tetris.c:529:5:B_init	32	static
../Core/Src/tetris.c:567:12:cell_ok	16	static
../Core/Src/tetris.c:574:12:can_place_B1	24	static
../Core/Src/tetris.c:589:12:can_place_B2	24	static
../Core/Src/tetris.c:616:12:can_place_B3	24	static
../Core/Src/tetris.c:643:12:can_place_B4	24	static
../Core/Src/tetris.c:658:12:can_place_B5	24	static
../Core/Src/tetris.c:673:12:can_place_B6	24	static
../Core/Src/tetris.c:680:12:can_place_B7	24	static
../Core/Src/tetris.c:707:5:can_move_down	16	static
../Core/Src/tetris.c:720:5:can_move_right	16	static
../Core/Src/tetris.c:733:5:can_move_left	16	static
../Core/Src/tetris.c:746:6:erase_B	16	static
../Core/Src/tetris.c:756:6:place	16	static
../Core/Src/tetris.c:789:6:hold	16	static
../Core/Src/tetris.c:821:6:rotate	16	static
../Core/Src/tetris.c:845:5:check_line	24	static
../Core/Src/tetris.c:856:6:move_line	24	static
../Core/Src/tetris.c:869:6:clear_line	24	static
../Core/Src/tetris.c:906:13:move_down	8	static
../Core/Src/tetris.c:912:13:move_right	8	static
../Core/Src/tetris.c:918:13:move_left	8	static
../Core/Src/tetris.c:924:6:B_tick	8	static
../Core/Src/tetris.c:967:13:DrawGameOverPanel	32	static
../Core/Src/tetris.c:989:13:DrawScorePanel	32	static
../Core/Src/tetris.c:1002:6:Tetris_Update	32	static
