../Core/Src/tetris.c:40:19:GX	16	static
../Core/Src/tetris.c:41:19:GY	16	static
../Core/Src/tetris.c:55:17:FallingColour	4	static
../Core/Src/tetris.c:68:17:BlockColourFromCell	16	static
../Core/Src/tetris.c:85:13:DrawCell	48	static
../Core/Src/tetris.c:103:13:DrawMiniCell	48	static
../Core/Src/tetris.c:118:13:DrawDoublePanelFrame	40	static
../Core/Src/tetris.c:134:13:DrawSinglePanelFrame	40	static
../Core/Src/tetris.c:142:13:DrawFuturePanels	8	static
../Core/Src/tetris.c:147:13:DrawStoredBlock	24	static
../Core/Src/tetris.c:228:13:DrawPredictedBlocks	40	static
../Core/Src/tetris.c:315:6:Grid_init	16	static
../Core/Src/tetris.c:327:6:Tetris_init	24	static
../Core/Src/tetris.c:347:6:Draw_Field	24	static
../Core/Src/tetris.c:358:6:B1_init	24	static
../Core/Src/tetris.c:373:6:B2_init	24	static
../Core/Src/tetris.c:400:6:B3_init	24	static
../Core/Src/tetris.c:427:6:B4_init	24	static
../Core/Src/tetris.c:442:6:B5_init	24	static
../Core/Src/tetris.c:457:6:B6_init	24	static
../Core/Src/tetris.c:464:6:B7_init	24	static
../Core/Src/tetris.c:491:5:B_init	32	static
../Core/Src/tetris.c:529:12:cell_ok	16	static
../Core/Src/tetris.c:536:12:can_place_B1	24	static
../Core/Src/tetris.c:551:12:can_place_B2	24	static
../Core/Src/tetris.c:578:12:can_place_B3	24	static
../Core/Src/tetris.c:605:12:can_place_B4	24	static
../Core/Src/tetris.c:620:12:can_place_B5	24	static
../Core/Src/tetris.c:635:12:can_place_B6	24	static
../Core/Src/tetris.c:642:12:can_place_B7	24	static
../Core/Src/tetris.c:669:5:can_move_down	16	static
../Core/Src/tetris.c:682:5:can_move_right	16	static
../Core/Src/tetris.c:695:5:can_move_left	16	static
../Core/Src/tetris.c:708:6:erase_B	16	static
../Core/Src/tetris.c:718:6:place	16	static
../Core/Src/tetris.c:751:6:hold	16	static
../Core/Src/tetris.c:783:6:rotate	16	static
../Core/Src/tetris.c:807:5:check_line	24	static
../Core/Src/tetris.c:818:6:move_line	24	static
../Core/Src/tetris.c:831:6:clear_line	24	static
../Core/Src/tetris.c:868:13:move_down	8	static
../Core/Src/tetris.c:874:13:move_right	8	static
../Core/Src/tetris.c:880:13:move_left	8	static
../Core/Src/tetris.c:886:6:B_tick	8	static
../Core/Src/tetris.c:929:13:DrawGameOverPanel	32	static
../Core/Src/tetris.c:951:13:DrawScorePanel	32	static
../Core/Src/tetris.c:964:6:Tetris_Update	32	static
