../Core/Src/tetris_audio.c:75:6:TetrisSFX_GameOver	8	static
../Core/Src/tetris_audio.c:145:14:midi_to_freq	16	static
../Core/Src/tetris_audio.c:150:13:TA_ResetTracks	4	static
../Core/Src/tetris_audio.c:175:6:TetrisAudio_Init	16	static
../Core/Src/tetris_audio.c:195:6:TetrisAudio_Start	8	static
../Core/Src/tetris_audio.c:204:6:TetrisAudio_Stop	8	static
../Core/Src/tetris_audio.c:214:9:TetrisAudio_IsPlaying	4	static
../Core/Src/tetris_audio.c:219:6:TetrisAudio_SetBPM	40	static
../Core/Src/tetris_audio.c:229:6:TetrisAudio_Update	16	static
../Core/Src/tetris_audio.c:243:13:TA_LoadNext	32	static
../Core/Src/tetris_audio.c:257:13:TA_AdvanceOne	24	static
../Core/Src/tetris_audio.c:266:13:TA_AdvanceTracks	16	static
../Core/Src/tetris_audio.c:277:13:TA_ApplyEventToChannel	32	static
