../Core/Src/tetris.c:36:19:GX	16	static
../Core/Src/tetris.c:37:19:GY	16	static
../Core/Src/tetris.c:46:17:FallingColour	4	static
../Core/Src/tetris.c:59:13:DrawCell	40	static
../Core/Src/tetris.c:64:6:Grid_init	24	static
../Core/Src/tetris.c:85:6:Tetris_init	8	static
../Core/Src/tetris.c:90:6:Draw_Field	16	static
../Core/Src/tetris.c:128:6:B1_init	24	static
../Core/Src/tetris.c:143:6:B2_init	24	static
../Core/Src/tetris.c:170:6:B3_init	24	static
../Core/Src/tetris.c:197:6:B4_init	24	static
../Core/Src/tetris.c:212:6:B5_init	24	static
../Core/Src/tetris.c:227:6:B6_init	24	static
../Core/Src/tetris.c:234:6:B7_init	24	static
../Core/Src/tetris.c:261:5:B_init	32	static
../Core/Src/tetris.c:290:12:cell_ok	16	static
../Core/Src/tetris.c:297:12:can_place_B1	24	static
../Core/Src/tetris.c:313:12:can_place_B2	24	static
../Core/Src/tetris.c:341:12:can_place_B3	24	static
../Core/Src/tetris.c:369:12:can_place_B4	24	static
../Core/Src/tetris.c:385:12:can_place_B5	24	static
../Core/Src/tetris.c:401:12:can_place_B6	24	static
../Core/Src/tetris.c:409:12:can_place_B7	24	static
../Core/Src/tetris.c:437:5:can_move_down	16	static
../Core/Src/tetris.c:450:5:can_move_right	16	static
../Core/Src/tetris.c:463:5:can_move_left	16	static
../Core/Src/tetris.c:476:6:erase_B	16	static
../Core/Src/tetris.c:486:6:place	16	static
../Core/Src/tetris.c:518:6:rotate	16	static
../Core/Src/tetris.c:542:5:check_line	24	static
../Core/Src/tetris.c:553:6:move_line	24	static
../Core/Src/tetris.c:566:6:clear_line	24	static
../Core/Src/tetris.c:584:13:move_down	8	static
../Core/Src/tetris.c:591:13:move_right	8	static
../Core/Src/tetris.c:597:13:move_left	8	static
../Core/Src/tetris.c:603:6:B_tick	8	static
../Core/Src/tetris.c:645:6:Tetris_Update	40	static
