../Core/Src/tetris.c:35:19:GX	16	static
../Core/Src/tetris.c:36:19:GY	16	static
../Core/Src/tetris.c:47:17:FallingColour	4	static
../Core/Src/tetris.c:60:13:DrawCell	40	static
../Core/Src/tetris.c:65:6:Grid_init	24	static
../Core/Src/tetris.c:86:6:Tetris_init	8	static
../Core/Src/tetris.c:91:6:Draw_Field	16	static
../Core/Src/tetris.c:129:6:B1_init	24	static
../Core/Src/tetris.c:144:6:B2_init	24	static
../Core/Src/tetris.c:171:6:B3_init	24	static
../Core/Src/tetris.c:198:6:B4_init	24	static
../Core/Src/tetris.c:213:6:B5_init	24	static
../Core/Src/tetris.c:228:6:B6_init	24	static
../Core/Src/tetris.c:235:6:B7_init	24	static
../Core/Src/tetris.c:262:5:B_init	32	static
../Core/Src/tetris.c:295:12:cell_ok	16	static
../Core/Src/tetris.c:302:12:can_place_B1	24	static
../Core/Src/tetris.c:318:12:can_place_B2	24	static
../Core/Src/tetris.c:346:12:can_place_B3	24	static
../Core/Src/tetris.c:374:12:can_place_B4	24	static
../Core/Src/tetris.c:390:12:can_place_B5	24	static
../Core/Src/tetris.c:406:12:can_place_B6	24	static
../Core/Src/tetris.c:414:12:can_place_B7	24	static
../Core/Src/tetris.c:442:5:can_move_down	16	static
../Core/Src/tetris.c:455:5:can_move_right	16	static
../Core/Src/tetris.c:468:5:can_move_left	16	static
../Core/Src/tetris.c:481:6:erase_B	16	static
../Core/Src/tetris.c:491:6:place	16	static
../Core/Src/tetris.c:549:6:rotate	16	static
../Core/Src/tetris.c:573:5:check_line	24	static
../Core/Src/tetris.c:584:6:move_line	24	static
../Core/Src/tetris.c:597:6:clear_line	24	static
../Core/Src/tetris.c:615:13:move_down	8	static
../Core/Src/tetris.c:622:13:move_right	8	static
../Core/Src/tetris.c:628:13:move_left	8	static
../Core/Src/tetris.c:634:6:B_tick	8	static
../Core/Src/tetris.c:676:6:Tetris_Update	56	static
