../Core/Src/tetris.c:40:19:GX	16	static
../Core/Src/tetris.c:41:19:GY	16	static
../Core/Src/tetris.c:57:17:FallingColour	4	static
../Core/Src/tetris.c:70:17:BlockColourFromCell	16	static
../Core/Src/tetris.c:87:13:DrawCell	48	static
../Core/Src/tetris.c:105:13:DrawMiniCell	48	static
../Core/Src/tetris.c:120:13:DrawDoublePanelFrame	40	static
../Core/Src/tetris.c:136:13:DrawSinglePanelFrame	40	static
../Core/Src/tetris.c:144:13:DrawFuturePanels	8	static
../Core/Src/tetris.c:149:13:DrawStoredBlock	24	static
../Core/Src/tetris.c:230:13:DrawPredictedBlocks	40	static
../Core/Src/tetris.c:317:6:Grid_init	16	static
../Core/Src/tetris.c:329:6:Tetris_init	24	static
../Core/Src/tetris.c:350:6:Draw_Field	24	static
../Core/Src/tetris.c:361:6:B1_init	24	static
../Core/Src/tetris.c:376:6:B2_init	24	static
../Core/Src/tetris.c:403:6:B3_init	24	static
../Core/Src/tetris.c:430:6:B4_init	24	static
../Core/Src/tetris.c:445:6:B5_init	24	static
../Core/Src/tetris.c:460:6:B6_init	24	static
../Core/Src/tetris.c:467:6:B7_init	24	static
../Core/Src/tetris.c:494:5:B_init	32	static
../Core/Src/tetris.c:532:12:cell_ok	16	static
../Core/Src/tetris.c:539:12:can_place_B1	24	static
../Core/Src/tetris.c:554:12:can_place_B2	24	static
../Core/Src/tetris.c:581:12:can_place_B3	24	static
../Core/Src/tetris.c:608:12:can_place_B4	24	static
../Core/Src/tetris.c:623:12:can_place_B5	24	static
../Core/Src/tetris.c:638:12:can_place_B6	24	static
../Core/Src/tetris.c:645:12:can_place_B7	24	static
../Core/Src/tetris.c:672:5:can_move_down	16	static
../Core/Src/tetris.c:685:5:can_move_right	16	static
../Core/Src/tetris.c:698:5:can_move_left	16	static
../Core/Src/tetris.c:711:6:erase_B	16	static
../Core/Src/tetris.c:721:6:place	16	static
../Core/Src/tetris.c:754:6:hold	16	static
../Core/Src/tetris.c:786:6:rotate	16	static
../Core/Src/tetris.c:810:5:check_line	24	static
../Core/Src/tetris.c:821:6:move_line	24	static
../Core/Src/tetris.c:834:6:clear_line	24	static
../Core/Src/tetris.c:871:13:move_down	8	static
../Core/Src/tetris.c:877:13:move_right	8	static
../Core/Src/tetris.c:883:13:move_left	8	static
../Core/Src/tetris.c:889:6:B_tick	8	static
../Core/Src/tetris.c:932:13:DrawGameOverPanel	32	static
../Core/Src/tetris.c:954:13:DrawScorePanel	32	static
../Core/Src/tetris.c:967:6:Tetris_Update	32	static
