../Core/Src/tetris.c:39:19:GX	16	static
../Core/Src/tetris.c:40:19:GY	16	static
../Core/Src/tetris.c:52:17:FallingColour	4	static
../Core/Src/tetris.c:66:17:BlockColourFromCell	16	static
../Core/Src/tetris.c:84:13:DrawCell	48	static
../Core/Src/tetris.c:102:13:DrawDoublePanelFrame	40	static
../Core/Src/tetris.c:119:13:DrawSinglePanelFrame	40	static
../Core/Src/tetris.c:128:13:DrawFuturePanels	8	static
../Core/Src/tetris.c:133:13:DrawStoredBlock	40	static
../Core/Src/tetris.c:223:13:DrawPredictedBlocks	56	static
../Core/Src/tetris.c:315:6:Grid_init	16	static
../Core/Src/tetris.c:328:6:Tetris_init	24	static
../Core/Src/tetris.c:348:6:Draw_Field	24	static
../Core/Src/tetris.c:360:6:B1_init	24	static
../Core/Src/tetris.c:375:6:B2_init	24	static
../Core/Src/tetris.c:402:6:B3_init	24	static
../Core/Src/tetris.c:429:6:B4_init	24	static
../Core/Src/tetris.c:444:6:B5_init	24	static
../Core/Src/tetris.c:459:6:B6_init	24	static
../Core/Src/tetris.c:466:6:B7_init	24	static
../Core/Src/tetris.c:493:5:B_init	32	static
../Core/Src/tetris.c:531:12:cell_ok	16	static
../Core/Src/tetris.c:538:12:can_place_B1	24	static
../Core/Src/tetris.c:554:12:can_place_B2	24	static
../Core/Src/tetris.c:582:12:can_place_B3	24	static
../Core/Src/tetris.c:610:12:can_place_B4	24	static
../Core/Src/tetris.c:626:12:can_place_B5	24	static
../Core/Src/tetris.c:642:12:can_place_B6	24	static
../Core/Src/tetris.c:650:12:can_place_B7	24	static
../Core/Src/tetris.c:678:5:can_move_down	16	static
../Core/Src/tetris.c:691:5:can_move_right	16	static
../Core/Src/tetris.c:704:5:can_move_left	16	static
../Core/Src/tetris.c:717:6:erase_B	16	static
../Core/Src/tetris.c:727:6:place	16	static
../Core/Src/tetris.c:760:6:hold	16	static
../Core/Src/tetris.c:793:6:rotate	16	static
../Core/Src/tetris.c:817:5:check_line	24	static
../Core/Src/tetris.c:828:6:move_line	24	static
../Core/Src/tetris.c:841:6:clear_line	24	static
../Core/Src/tetris.c:859:13:move_down	8	static
../Core/Src/tetris.c:866:13:move_right	8	static
../Core/Src/tetris.c:872:13:move_left	8	static
../Core/Src/tetris.c:878:6:B_tick	8	static
../Core/Src/tetris.c:922:13:DrawGameOverPanel	32	static
../Core/Src/tetris.c:944:13:DrawScorePanel	32	static
../Core/Src/tetris.c:957:6:Tetris_Update	32	static
