../Core/Src/tetris.c:37:19:GX	16	static
../Core/Src/tetris.c:38:19:GY	16	static
../Core/Src/tetris.c:49:17:FallingColour	4	static
../Core/Src/tetris.c:63:17:BlockColourFromCell	16	static
../Core/Src/tetris.c:81:13:DrawCell	48	static
../Core/Src/tetris.c:99:13:DrawDoublePanelFrame	40	static
../Core/Src/tetris.c:116:13:DrawSinglePanelFrame	40	static
../Core/Src/tetris.c:125:13:DrawFuturePanels	8	static
../Core/Src/tetris.c:130:6:Grid_init	16	static
../Core/Src/tetris.c:143:6:Tetris_init	8	static
../Core/Src/tetris.c:149:6:Draw_Field	24	static
../Core/Src/tetris.c:161:6:B1_init	24	static
../Core/Src/tetris.c:176:6:B2_init	24	static
../Core/Src/tetris.c:203:6:B3_init	24	static
../Core/Src/tetris.c:230:6:B4_init	24	static
../Core/Src/tetris.c:245:6:B5_init	24	static
../Core/Src/tetris.c:260:6:B6_init	24	static
../Core/Src/tetris.c:267:6:B7_init	24	static
../Core/Src/tetris.c:294:5:B_init	32	static
../Core/Src/tetris.c:327:12:cell_ok	16	static
../Core/Src/tetris.c:334:12:can_place_B1	24	static
../Core/Src/tetris.c:350:12:can_place_B2	24	static
../Core/Src/tetris.c:378:12:can_place_B3	24	static
../Core/Src/tetris.c:406:12:can_place_B4	24	static
../Core/Src/tetris.c:422:12:can_place_B5	24	static
../Core/Src/tetris.c:438:12:can_place_B6	24	static
../Core/Src/tetris.c:446:12:can_place_B7	24	static
../Core/Src/tetris.c:474:5:can_move_down	16	static
../Core/Src/tetris.c:487:5:can_move_right	16	static
../Core/Src/tetris.c:500:5:can_move_left	16	static
../Core/Src/tetris.c:513:6:erase_B	16	static
../Core/Src/tetris.c:523:6:place	16	static
../Core/Src/tetris.c:581:6:rotate	16	static
../Core/Src/tetris.c:605:5:check_line	24	static
../Core/Src/tetris.c:616:6:move_line	24	static
../Core/Src/tetris.c:629:6:clear_line	24	static
../Core/Src/tetris.c:647:13:move_down	8	static
../Core/Src/tetris.c:654:13:move_right	8	static
../Core/Src/tetris.c:660:13:move_left	8	static
../Core/Src/tetris.c:666:6:B_tick	8	static
../Core/Src/tetris.c:709:13:DrawGameOverPanel	32	static
../Core/Src/tetris.c:731:13:DrawScorePanel	32	static
../Core/Src/tetris.c:744:6:Tetris_Update	32	static
